80.72.38.195 - - [20/Nov/2013:04:11:48 +0000] "GET /?q=user/register HTTP/1.1" 403 5996 "http://clinical-security.info/" "Mozilla/5.0 (Windows NT 6.1; WOW64) AppleWebKit/537.36 (KHTML, like Gecko) Chrome/28.0.1500.72 Safari/537.36"
80.72.38.195 - - [20/Nov/2013:04:11:48 +0000] "GET /?q=node/add HTTP/1.1" 403 6085 "http://clinical-security.info/" "Mozilla/5.0 (Windows NT 6.1; WOW64) AppleWebKit/537.36 (KHTML, like Gecko) Chrome/28.0.1500.72 Safari/537.36"
80.72.38.195 - - [20/Nov/2013:04:11:49 +0000] "GET /?q=user/register HTTP/1.1" 403 5996 "http://clinical-security.info/?q=node/add" "Mozilla/5.0 (Windows NT 6.1; WOW64) AppleWebKit/537.36 (KHTML, like Gecko) Chrome/28.0.1500.72 Safari/537.36"
220.181.108.140 - - [20/Nov/2013:04:36:19 +0000] "GET / HTTP/1.1" 200 8460 "-" "Mozilla/5.0 (compatible; Baiduspider/2.0; +http://www.baidu.com/search/spider.html)"
37.59.91.63 - - [20/Nov/2013:04:45:14 +0000] "GET /?q=user HTTP/1.0" 200 8287 "http://clinical-security.info/" "Mozilla/5.0 (Windows NT 6.1; WOW64) AppleWebKit/537.36 (KHTML, like Gecko) Chrome/28.0.1500.72 Safari/537.36"
37.59.91.63 - - [20/Nov/2013:04:45:16 +0000] "GET /?q=node/add HTTP/1.0" 403 6085 "http://clinical-security.info/" "Mozilla/5.0 (Windows NT 6.1; WOW64) AppleWebKit/537.36 (KHTML, like Gecko) Chrome/28.0.1500.72 Safari/537.36"
37.59.91.63 - - [20/Nov/2013:04:45:17 +0000] "GET /?q=user/register HTTP/1.0" 403 5996 "http://clinical-security.info/?q=node/add" "Mozilla/5.0 (Windows NT 6.1; WOW64) AppleWebKit/537.36 (KHTML, like Gecko) Chrome/28.0.1500.72 Safari/537.36"
209.20.69.216 - - [20/Nov/2013:05:00:01 +0000] "GET /cron.php HTTP/1.0" 200 - "-" "Wget/1.12 (linux-gnu)"
80.72.38.195 - - [20/Nov/2013:05:06:14 +0000] "GET /?q=/ HTTP/1.1" 404 5342 "http://clinical-security.com/" "Mozilla/5.0 (Windows NT 6.0) AppleWebKit/535.1 (KHTML, like Gecko) Chrome/13.0.782.112 Safari/535.1"
80.72.38.195 - - [20/Nov/2013:05:06:15 +0000] "GET /?q=node/add HTTP/1.1" 403 6085 "http://clinical-security.com/" "Mozilla/5.0 (Windows NT 6.0) AppleWebKit/535.1 (KHTML, like Gecko) Chrome/13.0.782.112 Safari/535.1"
80.72.38.195 - - [20/Nov/2013:05:06:16 +0000] "GET /?q=user/register HTTP/1.1" 403 5996 "http://clinical-security.com/?q=node/add" "Mozilla/5.0 (Windows NT 6.0) AppleWebKit/535.1 (KHTML, like Gecko) Chrome/13.0.782.112 Safari/535.1"
202.46.57.62 - - [20/Nov/2013:05:27:49 +0000] "GET / HTTP/1.1" 200 8465 "-" "Mozilla/4.0 (compatible; MSIE 7.0; Windows NT 6.0)"
119.63.193.195 - - [20/Nov/2013:05:28:00 +0000] "GET / HTTP/1.1" 200 8465 "-" "Mozilla/4.0 (compatible; MSIE 7.0; Windows NT 6.0)"
220.181.108.140 - - [20/Nov/2013:05:32:12 +0000] "GET / HTTP/1.1" 200 8460 "-" "Mozilla/5.0 (compatible; Baiduspider/2.0; +http://www.baidu.com/search/spider.html)"
151.237.181.103 - - [20/Nov/2013:05:35:37 +0000] "GET /?q=user/register HTTP/1.1" 403 5996 "-" "Mozilla/5.0 (Windows NT 5.1; rv:5.0.1) Gecko/20100101 Firefox/5.0.1"
151.237.181.103 - - [20/Nov/2013:05:35:38 +0000] "GET /?q=node/add HTTP/1.1" 403 6085 "-" "Mozilla/5.0 (Windows NT 5.1; rv:5.0.1) Gecko/20100101 Firefox/5.0.1"
151.237.181.103 - - [20/Nov/2013:05:35:38 +0000] "GET /?q=user/register HTTP/1.1" 403 5996 "-" "Mozilla/5.0 (Windows NT 5.1; rv:5.0.1) Gecko/20100101 Firefox/5.0.1"
80.72.36.202 - - [20/Nov/2013:05:52:12 +0000] "GET / HTTP/1.1" 200 8461 "http://clinical-security.info/" "Mozilla/5.0 (Windows NT 6.1; WOW64) AppleWebKit/537.36 (KHTML, like Gecko) Chrome/28.0.1500.72 Safari/537.36"
80.72.36.202 - - [20/Nov/2013:05:52:13 +0000] "GET /?q=node/add HTTP/1.1" 403 6085 "http://clinical-security.info/" "Mozilla/5.0 (Windows NT 6.1; WOW64) AppleWebKit/537.36 (KHTML, like Gecko) Chrome/28.0.1500.72 Safari/537.36"
80.72.36.202 - - [20/Nov/2013:05:52:13 +0000] "GET /?q=user/register HTTP/1.1" 403 5996 "http://clinical-security.info/?q=node/add" "Mozilla/5.0 (Windows NT 6.1; WOW64) AppleWebKit/537.36 (KHTML, like Gecko) Chrome/28.0.1500.72 Safari/537.36"
91.200.14.96 - - [20/Nov/2013:05:53:23 +0000] "GET /?q=node/30 HTTP/1.0" 200 8217 "http://clinical-security.com/?q=node/30" "Opera/9.80 (Windows NT 5.1; Edition Ukraine Local) Presto/2.12.388 Version/12.10"
91.200.14.96 - - [20/Nov/2013:05:53:24 +0000] "GET /?q=node/25 HTTP/1.0" 200 8019 "http://clinical-security.com/?q=node/25" "Opera/9.80 (Windows NT 5.1; Edition Ukraine Local) Presto/2.12.388 Version/12.10"
209.20.69.216 - - [20/Nov/2013:06:00:02 +0000] "GET /cron.php HTTP/1.0" 200 - "-" "Wget/1.12 (linux-gnu)"
80.72.36.202 - - [20/Nov/2013:06:06:05 +0000] "GET / HTTP/1.1" 200 8461 "http://clinical-security.info/" "Mozilla/5.0 (Windows NT 6.1; WOW64) AppleWebKit/537.36 (KHTML, like Gecko) Chrome/28.0.1500.72 Safari/537.36"
80.72.36.202 - - [20/Nov/2013:06:06:07 +0000] "GET /?q=node/add HTTP/1.1" 403 6085 "http://clinical-security.info/" "Mozilla/5.0 (Windows NT 6.1; WOW64) AppleWebKit/537.36 (KHTML, like Gecko) Chrome/28.0.1500.72 Safari/537.36"
80.72.36.202 - - [20/Nov/2013:06:06:08 +0000] "GET /?q=user/register HTTP/1.1" 403 5996 "http://clinical-security.info/?q=node/add" "Mozilla/5.0 (Windows NT 6.1; WOW64) AppleWebKit/537.36 (KHTML, like Gecko) Chrome/28.0.1500.72 Safari/537.36"
186.74.162.75 - - [20/Nov/2013:06:25:03 +0000] "GET /w00tw00t.at.ISC.SANS.DFind:) HTTP/1.1" 400 306 "-" "-"
186.74.162.75 - - [20/Nov/2013:06:31:45 +0000] "GET /admin/main.php HTTP/1.0" 404 292 "-" "-"
186.74.162.75 - - [20/Nov/2013:06:31:46 +0000] "GET /phpmyadmin/main.php HTTP/1.0" 404 297 "-" "-"
186.74.162.75 - - [20/Nov/2013:06:31:46 +0000] "GET /phpMyAdmin/main.php HTTP/1.0" 404 297 "-" "-"
186.74.162.75 - - [20/Nov/2013:06:31:46 +0000] "GET /db/main.php HTTP/1.0" 404 289 "-" "-"
186.74.162.75 - - [20/Nov/2013:06:31:46 +0000] "GET /PMA/main.php HTTP/1.0" 404 290 "-" "-"
186.74.162.75 - - [20/Nov/2013:06:31:47 +0000] "GET /pma/main.php HTTP/1.0" 404 290 "-" "-"
186.74.162.75 - - [20/Nov/2013:06:31:47 +0000] "GET /admin/main.php HTTP/1.0" 404 292 "-" "-"
186.74.162.75 - - [20/Nov/2013:06:31:47 +0000] "GET /mysql/main.php HTTP/1.0" 404 292 "-" "-"
186.74.162.75 - - [20/Nov/2013:06:31:48 +0000] "GET /myadmin/main.php HTTP/1.0" 404 294 "-" "-"
186.74.162.75 - - [20/Nov/2013:06:31:48 +0000] "GET /phpadmin/main.php HTTP/1.0" 404 295 "-" "-"
186.74.162.75 - - [20/Nov/2013:06:31:48 +0000] "GET /webadmin/main.php HTTP/1.0" 404 295 "-" "-"
220.181.108.183 - - [20/Nov/2013:06:33:12 +0000] "GET / HTTP/1.1" 200 8460 "-" "Mozilla/5.0 (compatible; Baiduspider/2.0; +http://www.baidu.com/search/spider.html)"
123.125.71.101 - - [20/Nov/2013:06:37:41 +0000] "GET / HTTP/1.1" 200 8460 "-" "Mozilla/5.0 (compatible; Baiduspider/2.0; +http://www.baidu.com/search/spider.html)"
91.236.74.7 - - [20/Nov/2013:06:47:56 +0000] "GET /?q=user/register HTTP/1.1" 403 5996 "http://209-20-69-216.slicehost.net/" "Mozilla/5.0 (X11; Ubuntu; Linux i686; rv:21.0) Gecko/20100101 Firefox/21.0"
91.236.74.7 - - [20/Nov/2013:06:47:58 +0000] "GET /?q=node/add HTTP/1.1" 403 6085 "http://209-20-69-216.slicehost.net/" "Mozilla/5.0 (X11; Ubuntu; Linux i686; rv:21.0) Gecko/20100101 Firefox/21.0"
91.236.74.7 - - [20/Nov/2013:06:47:58 +0000] "GET /?q=user/register HTTP/1.1" 403 5996 "http://209-20-69-216.slicehost.net/?q=node/add" "Mozilla/5.0 (X11; Ubuntu; Linux i686; rv:21.0) Gecko/20100101 Firefox/21.0"
209.20.69.216 - - [20/Nov/2013:07:00:01 +0000] "GET /cron.php HTTP/1.0" 200 - "-" "Wget/1.12 (linux-gnu)"
220.181.108.155 - - [20/Nov/2013:07:30:06 +0000] "GET / HTTP/1.1" 200 8460 "-" "Mozilla/5.0 (compatible; Baiduspider/2.0; +http://www.baidu.com/search/spider.html)"
123.125.71.109 - - [20/Nov/2013:07:34:14 +0000] "GET / HTTP/1.1" 200 8460 "-" "Mozilla/5.0 (compatible; Baiduspider/2.0; +http://www.baidu.com/search/spider.html)"
119.63.193.132 - - [20/Nov/2013:07:55:36 +0000] "GET / HTTP/1.1" 200 8460 "-" "Mozilla/4.0 (compatible; MSIE 7.0; Windows NT 6.0)"
202.46.61.30 - - [20/Nov/2013:07:56:55 +0000] "GET / HTTP/1.1" 200 8460 "-" "Mozilla/4.0 (compatible; MSIE 7.0; Windows NT 6.0)"
209.20.69.216 - - [20/Nov/2013:08:00:01 +0000] "GET /cron.php HTTP/1.0" 200 - "-" "Wget/1.12 (linux-gnu)"
157.55.33.108 - - [20/Nov/2013:08:10:25 +0000] "GET /robots.txt HTTP/1.1" 200 1521 "-" "Mozilla/5.0 (compatible; bingbot/2.0; +http://www.bing.com/bingbot.htm)"
157.55.33.108 - - [20/Nov/2013:08:10:54 +0000] "GET / HTTP/1.1" 200 8460 "-" "Mozilla/5.0 (compatible; bingbot/2.0; +http://www.bing.com/bingbot.htm)"
220.181.108.182 - - [20/Nov/2013:08:30:54 +0000] "GET / HTTP/1.1" 200 8460 "-" "Mozilla/5.0 (compatible; Baiduspider/2.0; +http://www.baidu.com/search/spider.html)"
76.164.217.211 - - [20/Nov/2013:08:35:40 +0000] "GET /?q=node/15 HTTP/1.1" 200 9722 "http://clinical-security.com/" "Mozilla/5.0 (Windows NT 6.0) AppleWebKit/535.1 (KHTML, like Gecko) Chrome/13.0.782.112 Safari/535.1"
123.125.71.75 - - [20/Nov/2013:08:36:52 +0000] "GET / HTTP/1.1" 200 8460 "-" "Mozilla/5.0 (compatible; Baiduspider/2.0; +http://www.baidu.com/search/spider.html)"
209.20.69.216 - - [20/Nov/2013:09:00:02 +0000] "GET /cron.php HTTP/1.0" 200 - "-" "Wget/1.12 (linux-gnu)"
180.76.5.180 - - [20/Nov/2013:09:00:54 +0000] "GET /?q=blogapi/rsd HTTP/1.1" 200 635 "-" "Mozilla/5.0 (compatible; Baiduspider/2.0; +http://www.baidu.com/search/spider.html)"
119.63.193.131 - - [20/Nov/2013:09:25:30 +0000] "GET / HTTP/1.1" 200 8465 "-" "Mozilla/4.0 (compatible; MSIE 7.0; Windows NT 6.0)"
202.46.58.31 - - [20/Nov/2013:09:25:45 +0000] "GET / HTTP/1.1" 200 8465 "-" "Mozilla/4.0 (compatible; MSIE 7.0; Windows NT 6.0)"
220.181.108.161 - - [20/Nov/2013:09:30:27 +0000] "GET / HTTP/1.1" 200 8460 "-" "Mozilla/5.0 (compatible; Baiduspider/2.0; +http://www.baidu.com/search/spider.html)"
123.125.71.105 - - [20/Nov/2013:09:34:22 +0000] "GET / HTTP/1.1" 200 8460 "-" "Mozilla/5.0 (compatible; Baiduspider/2.0; +http://www.baidu.com/search/spider.html)"
64.246.165.50 - - [20/Nov/2013:09:56:56 +0000] "GET /robots.txt HTTP/1.0" 200 1521 "-" "Mozilla/5.0 (Windows; U; Windows NT 5.1; en; rv:1.9.0.13) Gecko/2009073022 Firefox/3.5.2 (.NET CLR 3.5.30729) SurveyBot/2.3 (DomainTools)"
64.246.165.50 - - [20/Nov/2013:09:56:56 +0000] "GET / HTTP/1.1" 200 8464 "http://whois.domaintools.com/clinical-security.com" "Mozilla/5.0 (Windows; U; Windows NT 5.1; en; rv:1.9.0.13) Gecko/2009073022 Firefox/3.5.2 (.NET CLR 3.5.30729) SurveyBot/2.3 (DomainTools)"
209.20.69.216 - - [20/Nov/2013:10:00:01 +0000] "GET /cron.php HTTP/1.0" 200 - "-" "Wget/1.12 (linux-gnu)"
64.246.165.10 - - [20/Nov/2013:10:00:16 +0000] "GET /robots.txt HTTP/1.0" 200 1521 "-" "Mozilla/5.0 (Windows; U; Windows NT 5.1; en; rv:1.9.0.13) Gecko/2009073022 Firefox/3.5.2 (.NET CLR 3.5.30729) SurveyBot/2.3 (DomainTools)"
64.246.165.10 - - [20/Nov/2013:10:00:16 +0000] "GET / HTTP/1.1" 200 8465 "http://whois.domaintools.com/clinical-security.info" "Mozilla/5.0 (Windows; U; Windows NT 5.1; en; rv:1.9.0.13) Gecko/2009073022 Firefox/3.5.2 (.NET CLR 3.5.30729) SurveyBot/2.3 (DomainTools)"
80.72.36.202 - - [20/Nov/2013:10:32:20 +0000] "GET / HTTP/1.1" 200 8461 "http://clinical-security.info/" "Mozilla/5.0 (Windows NT 6.1; WOW64) AppleWebKit/537.36 (KHTML, like Gecko) Chrome/28.0.1500.72 Safari/537.36"
80.72.36.202 - - [20/Nov/2013:10:32:23 +0000] "GET /?q=node/add HTTP/1.1" 403 6085 "http://clinical-security.info/" "Mozilla/5.0 (Windows NT 6.1; WOW64) AppleWebKit/537.36 (KHTML, like Gecko) Chrome/28.0.1500.72 Safari/537.36"
80.72.36.202 - - [20/Nov/2013:10:32:23 +0000] "GET /?q=user/register HTTP/1.1" 403 5996 "http://clinical-security.info/?q=node/add" "Mozilla/5.0 (Windows NT 6.1; WOW64) AppleWebKit/537.36 (KHTML, like Gecko) Chrome/28.0.1500.72 Safari/537.36"
220.181.108.181 - - [20/Nov/2013:10:40:49 +0000] "GET / HTTP/1.1" 200 8460 "-" "Mozilla/5.0 (compatible; Baiduspider/2.0; +http://www.baidu.com/search/spider.html)"
123.125.71.78 - - [20/Nov/2013:10:41:59 +0000] "GET / HTTP/1.1" 200 8460 "-" "Mozilla/5.0 (compatible; Baiduspider/2.0; +http://www.baidu.com/search/spider.html)"
66.249.75.130 - - [20/Nov/2013:10:55:47 +0000] "GET /?q=node/30 HTTP/1.1" 200 8217 "-" "Mozilla/5.0 (iPhone; CPU iPhone OS 6_0 like Mac OS X) AppleWebKit/536.26 (KHTML, like Gecko) Version/6.0 Mobile/10A5376e Safari/8536.25 (compatible; Googlebot-Mobile/2.1; +http://www.google.com/bot.html)"
66.249.75.110 - - [20/Nov/2013:10:57:02 +0000] "GET /robots.txt HTTP/1.1" 200 1521 "-" "Mozilla/5.0 (compatible; Googlebot/2.1; +http://www.google.com/bot.html)"
66.249.75.110 - - [20/Nov/2013:10:57:02 +0000] "GET / HTTP/1.1" 200 8464 "-" "Mozilla/5.0 (iPhone; CPU iPhone OS 6_0 like Mac OS X) AppleWebKit/536.26 (KHTML, like Gecko) Version/6.0 Mobile/10A5376e Safari/8536.25 (compatible; Googlebot-Mobile/2.1; +http://www.google.com/bot.html)"
209.20.69.216 - - [20/Nov/2013:11:00:02 +0000] "GET /cron.php HTTP/1.0" 200 - "-" "Wget/1.12 (linux-gnu)"
202.46.52.30 - - [20/Nov/2013:11:28:40 +0000] "GET / HTTP/1.1" 200 8461 "-" "Mozilla/4.0 (compatible; MSIE 7.0; Windows NT 6.0)"
119.63.193.195 - - [20/Nov/2013:11:29:00 +0000] "GET / HTTP/1.1" 200 8461 "-" "Mozilla/4.0 (compatible; MSIE 7.0; Windows NT 6.0)"
123.125.71.102 - - [20/Nov/2013:11:40:35 +0000] "GET / HTTP/1.1" 200 8460 "-" "Mozilla/5.0 (compatible; Baiduspider/2.0; +http://www.baidu.com/search/spider.html)"
220.181.108.175 - - [20/Nov/2013:11:42:50 +0000] "GET / HTTP/1.1" 200 8460 "-" "Mozilla/5.0 (compatible; Baiduspider/2.0; +http://www.baidu.com/search/spider.html)"
78.158.11.226 - - [20/Nov/2013:11:48:11 +0000] "GET /?q=node/25 HTTP/1.1" 200 8019 "http://evuln.com/tools/malware-scanner/clinical-security.com/" "Lynx/2.8.5rel.1 libwww-FM/2.15FC SSL-MM/1.4.1c OpenSSL/0.9.7e-dev"
78.158.11.226 - - [20/Nov/2013:11:48:13 +0000] "GET /?q=node/25 HTTP/1.1" 200 8019 "http://www.google.com/url?sa=t&rct=j&q=clinical-security.com&source=web&cd=5&ved=0CF0QFjAE&url=http:%2F%2Fclinical-security.com%2F%3Fq=node%2F25&cad=rja" "Lynx/2.8.5rel.1 libwww-FM/2.15FC SSL-MM/1.4.1c OpenSSL/0.9.7e-dev"
78.158.11.226 - - [20/Nov/2013:11:48:13 +0000] "GET /modules/user/user.css?q HTTP/1.1" 200 1067 "-" "Lynx/2.8.5rel.1 libwww-FM/2.15FC SSL-MM/1.4.1c OpenSSL/0.9.7e-dev"
157.55.35.35 - - [20/Nov/2013:11:51:24 +0000] "GET /robots.txt HTTP/1.1" 200 1521 "-" "Mozilla/5.0 (compatible; bingbot/2.0; +http://www.bing.com/bingbot.htm)"
157.55.35.35 - - [20/Nov/2013:11:56:03 +0000] "GET / HTTP/1.1" 200 8461 "-" "Mozilla/5.0 (compatible; bingbot/2.0; +http://www.bing.com/bingbot.htm)"
209.20.69.216 - - [20/Nov/2013:12:00:02 +0000] "GET /cron.php HTTP/1.0" 200 - "-" "Wget/1.12 (linux-gnu)"
178.73.196.192 - - [20/Nov/2013:12:17:40 +0000] "GET /?q=user/register HTTP/1.1" 403 5996 "http://clinical-security.info/" "Mozilla/5.0 (Windows NT 6.1; WOW64) AppleWebKit/537.36 (KHTML, like Gecko) Chrome/28.0.1500.72 Safari/537.36"
178.73.196.192 - - [20/Nov/2013:12:17:46 +0000] "GET /?q=node/add HTTP/1.1" 403 6085 "http://clinical-security.info/" "Mozilla/5.0 (Windows NT 6.1; WOW64) AppleWebKit/537.36 (KHTML, like Gecko) Chrome/28.0.1500.72 Safari/537.36"
178.73.196.192 - - [20/Nov/2013:12:17:50 +0000] "GET /?q=user/register HTTP/1.1" 403 5996 "http://clinical-security.info/?q=node/add" "Mozilla/5.0 (Windows NT 6.1; WOW64) AppleWebKit/537.36 (KHTML, like Gecko) Chrome/28.0.1500.72 Safari/537.36"
220.181.108.145 - - [20/Nov/2013:12:35:14 +0000] "GET / HTTP/1.1" 200 8460 "-" "Mozilla/5.0 (compatible; Baiduspider/2.0; +http://www.baidu.com/search/spider.html)"
80.72.35.87 - - [20/Nov/2013:12:36:34 +0000] "GET / HTTP/1.1" 200 8461 "http://clinical-security.info/" "Mozilla/5.0 (Windows NT 6.1; WOW64) AppleWebKit/537.36 (KHTML, like Gecko) Chrome/28.0.1500.72 Safari/537.36"
80.72.35.87 - - [20/Nov/2013:12:36:35 +0000] "GET /?q=node/add HTTP/1.1" 403 6085 "http://clinical-security.info/" "Mozilla/5.0 (Windows NT 6.1; WOW64) AppleWebKit/537.36 (KHTML, like Gecko) Chrome/28.0.1500.72 Safari/537.36"
123.125.71.114 - - [20/Nov/2013:12:38:33 +0000] "GET / HTTP/1.1" 200 8460 "-" "Mozilla/5.0 (compatible; Baiduspider/2.0; +http://www.baidu.com/search/spider.html)"
199.21.99.100 - - [20/Nov/2013:12:47:49 +0000] "GET /robots.txt HTTP/1.1" 200 1521 "-" "Mozilla/5.0 (compatible; YandexBot/3.0; +http://yandex.com/bots)"
209.20.69.216 - - [20/Nov/2013:13:00:01 +0000] "GET /cron.php HTTP/1.0" 200 - "-" "Wget/1.12 (linux-gnu)"
80.72.35.90 - - [20/Nov/2013:13:30:34 +0000] "GET /?q=user/register HTTP/1.1" 403 5996 "http://clinical-security.info/" "Mozilla/5.0 (Windows NT 6.1; WOW64) AppleWebKit/537.36 (KHTML, like Gecko) Chrome/28.0.1500.72 Safari/537.36"
80.72.35.90 - - [20/Nov/2013:13:30:36 +0000] "GET /?q=node/add HTTP/1.1" 403 6085 "http://clinical-security.info/" "Mozilla/5.0 (Windows NT 6.1; WOW64) AppleWebKit/537.36 (KHTML, like Gecko) Chrome/28.0.1500.72 Safari/537.36"
80.72.35.90 - - [20/Nov/2013:13:30:37 +0000] "GET /?q=user/register HTTP/1.1" 403 5996 "http://clinical-security.info/?q=node/add" "Mozilla/5.0 (Windows NT 6.1; WOW64) AppleWebKit/537.36 (KHTML, like Gecko) Chrome/28.0.1500.72 Safari/537.36"
38.100.21.62 - - [20/Nov/2013:13:33:36 +0000] "GET / HTTP/1.1" 200 8465 "-" "Mozilla/4.0 (compatible; MSIE 7.0; Windows NT 5.2)"
38.100.21.62 - - [20/Nov/2013:13:33:37 +0000] "GET /modules/system/system.css?Q HTTP/1.1" 200 9961 "-" "Mozilla/4.0 (compatible; MSIE 7.0; Windows NT 5.2)"
38.100.21.62 - - [20/Nov/2013:13:33:37 +0000] "GET /modules/storm/storm.css?Q HTTP/1.1" 200 3002 "-" "Mozilla/4.0 (compatible; MSIE 7.0; Windows NT 5.2)"
38.100.21.62 - - [20/Nov/2013:13:33:37 +0000] "GET /modules/user/user.css?Q HTTP/1.1" 200 1067 "-" "Mozilla/4.0 (compatible; MSIE 7.0; Windows NT 5.2)"
38.100.21.62 - - [20/Nov/2013:13:33:37 +0000] "GET /modules/node/node.css?Q HTTP/1.1" 200 683 "-" "Mozilla/4.0 (compatible; MSIE 7.0; Windows NT 5.2)"
38.100.21.62 - - [20/Nov/2013:13:33:37 +0000] "GET /themes/danland/style.css?Q HTTP/1.1" 200 22123 "-" "Mozilla/4.0 (compatible; MSIE 7.0; Windows NT 5.2)"
38.100.21.62 - - [20/Nov/2013:13:33:37 +0000] "GET /modules/system/defaults.css?Q HTTP/1.1" 200 695 "-" "Mozilla/4.0 (compatible; MSIE 7.0; Windows NT 5.2)"
38.100.21.62 - - [20/Nov/2013:13:33:38 +0000] "GET /themes/danland/style.ie6.css HTTP/1.1" 200 2695 "-" "Mozilla/4.0 (compatible; MSIE 7.0; Windows NT 5.2)"
38.100.21.62 - - [20/Nov/2013:13:33:38 +0000] "GET /modules/forum/forum.css?Q HTTP/1.1" 200 998 "-" "Mozilla/4.0 (compatible; MSIE 7.0; Windows NT 5.2)"
38.100.21.62 - - [20/Nov/2013:13:33:38 +0000] "GET /modules/views/css/views.css?Q HTTP/1.1" 200 1767 "-" "Mozilla/4.0 (compatible; MSIE 7.0; Windows NT 5.2)"
38.100.21.62 - - [20/Nov/2013:13:33:38 +0000] "GET /modules/system/system-menus.css?Q HTTP/1.1" 200 870 "-" "Mozilla/4.0 (compatible; MSIE 7.0; Windows NT 5.2)"
220.181.108.143 - - [20/Nov/2013:13:36:46 +0000] "GET / HTTP/1.1" 200 8460 "-" "Mozilla/5.0 (compatible; Baiduspider/2.0; +http://www.baidu.com/search/spider.html)"
202.46.49.13 - - [20/Nov/2013:13:37:33 +0000] "GET / HTTP/1.1" 200 8464 "-" "Mozilla/4.0 (compatible; MSIE 7.0; Windows NT 6.0)"
119.63.193.130 - - [20/Nov/2013:13:37:45 +0000] "GET / HTTP/1.1" 200 8464 "-" "Mozilla/4.0 (compatible; MSIE 7.0; Windows NT 6.0)"
123.125.71.90 - - [20/Nov/2013:13:42:12 +0000] "GET / HTTP/1.1" 200 8460 "-" "Mozilla/5.0 (compatible; Baiduspider/2.0; +http://www.baidu.com/search/spider.html)"
209.20.69.216 - - [20/Nov/2013:14:00:02 +0000] "GET /cron.php HTTP/1.0" 200 - "-" "Wget/1.12 (linux-gnu)"
80.72.36.202 - - [20/Nov/2013:14:24:04 +0000] "GET / HTTP/1.1" 200 8461 "http://clinical-security.info/" "Mozilla/5.0 (Windows NT 6.1; WOW64) AppleWebKit/537.36 (KHTML, like Gecko) Chrome/28.0.1500.72 Safari/537.36"
80.72.36.202 - - [20/Nov/2013:14:24:08 +0000] "GET /?q=node/add HTTP/1.1" 403 6085 "http://clinical-security.info/" "Mozilla/5.0 (Windows NT 6.1; WOW64) AppleWebKit/537.36 (KHTML, like Gecko) Chrome/28.0.1500.72 Safari/537.36"
80.72.36.202 - - [20/Nov/2013:14:24:08 +0000] "GET /?q=user/register HTTP/1.1" 403 5996 "http://clinical-security.info/?q=node/add" "Mozilla/5.0 (Windows NT 6.1; WOW64) AppleWebKit/537.36 (KHTML, like Gecko) Chrome/28.0.1500.72 Safari/537.36"
192.119.144.14 - - [20/Nov/2013:14:40:34 +0000] "GET /?q=user/register HTTP/1.0" 403 5996 "http://clinical-security.info/" "Mozilla/5.0 (Windows NT 6.1; WOW64) AppleWebKit/537.36 (KHTML, like Gecko) Chrome/28.0.1500.72 Safari/537.36"
192.119.144.14 - - [20/Nov/2013:14:40:37 +0000] "GET /?q=node/add HTTP/1.0" 403 6085 "http://clinical-security.info/" "Mozilla/5.0 (Windows NT 6.1; WOW64) AppleWebKit/537.36 (KHTML, like Gecko) Chrome/28.0.1500.72 Safari/537.36"
192.119.144.14 - - [20/Nov/2013:14:40:37 +0000] "GET /?q=user/register HTTP/1.0" 403 5996 "http://clinical-security.info/?q=node/add" "Mozilla/5.0 (Windows NT 6.1; WOW64) AppleWebKit/537.36 (KHTML, like Gecko) Chrome/28.0.1500.72 Safari/537.36"
178.73.196.192 - - [20/Nov/2013:14:51:26 +0000] "GET /?q=user/register HTTP/1.1" 403 5996 "http://clinical-security.info/" "Mozilla/5.0 (Windows NT 6.1; WOW64) AppleWebKit/537.36 (KHTML, like Gecko) Chrome/28.0.1500.72 Safari/537.36"
178.73.196.192 - - [20/Nov/2013:14:51:28 +0000] "GET /?q=node/add HTTP/1.1" 403 6085 "http://clinical-security.info/" "Mozilla/5.0 (Windows NT 6.1; WOW64) AppleWebKit/537.36 (KHTML, like Gecko) Chrome/28.0.1500.72 Safari/537.36"
178.73.196.192 - - [20/Nov/2013:14:51:28 +0000] "GET /?q=user/register HTTP/1.1" 403 5996 "http://clinical-security.info/?q=node/add" "Mozilla/5.0 (Windows NT 6.1; WOW64) AppleWebKit/537.36 (KHTML, like Gecko) Chrome/28.0.1500.72 Safari/537.36"
209.20.69.216 - - [20/Nov/2013:15:00:02 +0000] "GET /cron.php HTTP/1.0" 200 - "-" "Wget/1.12 (linux-gnu)"
185.24.218.34 - - [20/Nov/2013:15:07:41 +0000] "GET /?q=user/register HTTP/1.1" 403 5996 "http://clinical-security.com/" "Mozilla/5.0 (Windows NT 6.2; WOW64) AppleWebKit/537.36 (KHTML, like Gecko) Chrome/27.0.1453.116 Safari/537.36"
31.6.71.220 - - [20/Nov/2013:15:09:59 +0000] "GET /?q=user/register HTTP/1.1" 403 5996 "http://clinical-security.com/" "Mozilla/5.0 (Windows NT 6.2; WOW64) AppleWebKit/537.36 (KHTML, like Gecko) Chrome/27.0.1453.116 Safari/537.36"
220.181.108.180 - - [20/Nov/2013:15:26:30 +0000] "GET / HTTP/1.1" 200 8460 "-" "Mozilla/5.0 (compatible; Baiduspider/2.0; +http://www.baidu.com/search/spider.html)"
123.125.71.113 - - [20/Nov/2013:15:35:32 +0000] "GET / HTTP/1.1" 200 8460 "-" "Mozilla/5.0 (compatible; Baiduspider/2.0; +http://www.baidu.com/search/spider.html)"
208.115.113.91 - - [20/Nov/2013:15:49:41 +0000] "GET /robots.txt HTTP/1.1" 200 1521 "-" "Mozilla/5.0 (compatible; Ezooms/1.0; ezooms.bot@gmail.com)"
119.63.193.195 - - [20/Nov/2013:15:53:00 +0000] "GET / HTTP/1.1" 200 8460 "-" "Mozilla/4.0 (compatible; MSIE 7.0; Windows NT 6.0)"
202.46.54.43 - - [20/Nov/2013:15:53:06 +0000] "GET / HTTP/1.1" 200 8460 "-" "Mozilla/4.0 (compatible; MSIE 7.0; Windows NT 6.0)"
209.20.69.216 - - [20/Nov/2013:16:00:02 +0000] "GET /cron.php HTTP/1.0" 200 - "-" "Wget/1.12 (linux-gnu)"
157.56.93.72 - - [20/Nov/2013:16:14:45 +0000] "GET /robots.txt HTTP/1.1" 200 1521 "-" "Mozilla/5.0 (compatible; bingbot/2.0; +http://www.bing.com/bingbot.htm)"
80.72.38.195 - - [20/Nov/2013:16:15:53 +0000] "GET /?q=/ HTTP/1.1" 404 5342 "http://clinical-security.com/" "Mozilla/5.0 (Windows NT 6.0) AppleWebKit/535.1 (KHTML, like Gecko) Chrome/13.0.782.112 Safari/535.1"
80.72.38.195 - - [20/Nov/2013:16:15:55 +0000] "GET /?q=node/add HTTP/1.1" 403 6085 "http://clinical-security.com/" "Mozilla/5.0 (Windows NT 6.0) AppleWebKit/535.1 (KHTML, like Gecko) Chrome/13.0.782.112 Safari/535.1"
80.72.38.195 - - [20/Nov/2013:16:15:56 +0000] "GET /?q=user/register HTTP/1.1" 403 5996 "http://clinical-security.com/?q=node/add" "Mozilla/5.0 (Windows NT 6.0) AppleWebKit/535.1 (KHTML, like Gecko) Chrome/13.0.782.112 Safari/535.1"
157.56.93.72 - - [20/Nov/2013:16:16:40 +0000] "GET /?q=aggregator/sources/1 HTTP/1.1" 200 7688 "-" "Mozilla/5.0 (compatible; bingbot/2.0; +http://www.bing.com/bingbot.htm)"
157.56.93.72 - - [20/Nov/2013:16:16:50 +0000] "GET /?q=rss.xml HTTP/1.1" 200 1562 "-" "Mozilla/5.0 (compatible; bingbot/2.0; +http://www.bing.com/bingbot.htm)"
157.56.93.72 - - [20/Nov/2013:16:16:58 +0000] "GET /?q=node/18 HTTP/1.1" 200 10959 "-" "Mozilla/5.0 (compatible; bingbot/2.0; +http://www.bing.com/bingbot.htm)"
185.24.218.34 - - [20/Nov/2013:16:23:25 +0000] "GET /?q=user/register HTTP/1.1" 403 5996 "http://clinical-security.info/" "Mozilla/5.0 (Macintosh; Intel Mac OS X 10_8_3) AppleWebKit/537.36 (KHTML, like Gecko) Chrome/28.0.1500.71 Safari/537.36"
31.6.71.220 - - [20/Nov/2013:16:25:02 +0000] "GET /?q=user/register HTTP/1.1" 403 5996 "http://clinical-security.info/" "Mozilla/5.0 (Macintosh; Intel Mac OS X 10_8_3) AppleWebKit/537.36 (KHTML, like Gecko) Chrome/28.0.1500.71 Safari/537.36"
220.181.108.154 - - [20/Nov/2013:16:29:21 +0000] "GET / HTTP/1.1" 200 8460 "-" "Mozilla/5.0 (compatible; Baiduspider/2.0; +http://www.baidu.com/search/spider.html)"
123.125.71.98 - - [20/Nov/2013:16:36:11 +0000] "GET / HTTP/1.1" 200 8460 "-" "Mozilla/5.0 (compatible; Baiduspider/2.0; +http://www.baidu.com/search/spider.html)"
79.133.196.50 - - [20/Nov/2013:16:38:34 +0000] "GET /?q=/ HTTP/1.1" 404 5342 "http://clinical-security.com/" "Mozilla/5.0 (Windows NT 6.0) AppleWebKit/535.1 (KHTML, like Gecko) Chrome/13.0.782.112 Safari/535.1"
79.133.196.50 - - [20/Nov/2013:16:38:34 +0000] "GET /?q=node/add HTTP/1.1" 403 6085 "http://clinical-security.com/" "Mozilla/5.0 (Windows NT 6.0) AppleWebKit/535.1 (KHTML, like Gecko) Chrome/13.0.782.112 Safari/535.1"
79.133.196.50 - - [20/Nov/2013:16:38:35 +0000] "GET /?q=user/register HTTP/1.1" 403 5996 "http://clinical-security.com/?q=node/add" "Mozilla/5.0 (Windows NT 6.0) AppleWebKit/535.1 (KHTML, like Gecko) Chrome/13.0.782.112 Safari/535.1"
157.55.33.181 - - [20/Nov/2013:16:48:06 +0000] "GET /?q=blog HTTP/1.1" 200 9341 "-" "Mozilla/5.0 (compatible; bingbot/2.0; +http://www.bing.com/bingbot.htm)"
157.55.33.181 - - [20/Nov/2013:16:48:16 +0000] "GET /?q=user/password HTTP/1.1" 200 7934 "-" "Mozilla/5.0 (compatible; bingbot/2.0; +http://www.bing.com/bingbot.htm)"
157.55.33.181 - - [20/Nov/2013:16:48:18 +0000] "GET /?q=blog/1 HTTP/1.1" 200 8433 "-" "Mozilla/5.0 (compatible; bingbot/2.0; +http://www.bing.com/bingbot.htm)"
157.55.33.181 - - [20/Nov/2013:16:48:28 +0000] "GET /?q=contact HTTP/1.1" 200 8673 "-" "Mozilla/5.0 (compatible; bingbot/2.0; +http://www.bing.com/bingbot.htm)"
157.55.33.181 - - [20/Nov/2013:16:49:40 +0000] "GET /?q=node/15 HTTP/1.1" 200 9722 "-" "Mozilla/5.0 (compatible; bingbot/2.0; +http://www.bing.com/bingbot.htm)"
66.249.73.150 - - [20/Nov/2013:16:56:23 +0000] "GET /robots.txt HTTP/1.1" 200 1521 "-" "Mozilla/5.0 (compatible; Googlebot/2.1; +http://www.google.com/bot.html)"
66.249.73.150 - - [20/Nov/2013:16:56:24 +0000] "GET / HTTP/1.1" 200 8466 "-" "Mozilla/5.0 (compatible; Googlebot/2.1; +http://www.google.com/bot.html)"
209.20.69.216 - - [20/Nov/2013:17:00:02 +0000] "GET /cron.php HTTP/1.0" 200 - "-" "Wget/1.12 (linux-gnu)"
80.72.35.89 - - [20/Nov/2013:17:02:07 +0000] "GET /?q=user/register HTTP/1.1" 403 5996 "http://clinical-security.info/" "Mozilla/5.0 (Windows NT 6.1; WOW64) AppleWebKit/537.36 (KHTML, like Gecko) Chrome/28.0.1500.72 Safari/537.36"
80.72.35.89 - - [20/Nov/2013:17:02:09 +0000] "GET /?q=node/add HTTP/1.1" 403 6085 "http://clinical-security.info/" "Mozilla/5.0 (Windows NT 6.1; WOW64) AppleWebKit/537.36 (KHTML, like Gecko) Chrome/28.0.1500.72 Safari/537.36"
80.72.35.89 - - [20/Nov/2013:17:02:09 +0000] "GET /?q=user/register HTTP/1.1" 403 5996 "http://clinical-security.info/?q=node/add" "Mozilla/5.0 (Windows NT 6.1; WOW64) AppleWebKit/537.36 (KHTML, like Gecko) Chrome/28.0.1500.72 Safari/537.36"
80.72.38.195 - - [20/Nov/2013:17:24:13 +0000] "GET /?q=user/register HTTP/1.1" 403 5996 "http://clinical-security.info/" "Mozilla/5.0 (Windows NT 6.1; WOW64) AppleWebKit/537.36 (KHTML, like Gecko) Chrome/28.0.1500.72 Safari/537.36"
80.72.38.195 - - [20/Nov/2013:17:24:15 +0000] "GET /?q=node/add HTTP/1.1" 403 6085 "http://clinical-security.info/" "Mozilla/5.0 (Windows NT 6.1; WOW64) AppleWebKit/537.36 (KHTML, like Gecko) Chrome/28.0.1500.72 Safari/537.36"
80.72.38.195 - - [20/Nov/2013:17:24:15 +0000] "GET /?q=user/register HTTP/1.1" 403 5996 "http://clinical-security.info/?q=node/add" "Mozilla/5.0 (Windows NT 6.1; WOW64) AppleWebKit/537.36 (KHTML, like Gecko) Chrome/28.0.1500.72 Safari/537.36"
208.115.113.91 - - [20/Nov/2013:17:29:31 +0000] "GET /?q=node/32 HTTP/1.1" 200 7670 "-" "Mozilla/5.0 (compatible; Ezooms/1.0; ezooms.bot@gmail.com)"
188.126.69.219 - - [20/Nov/2013:17:40:54 +0000] "GET /?q=user/register HTTP/1.1" 403 5996 "http://clinical-security.info/" "Mozilla/5.0 (Windows NT 6.1; WOW64) AppleWebKit/537.36 (KHTML, like Gecko) Chrome/28.0.1500.72 Safari/537.36"
188.126.69.219 - - [20/Nov/2013:17:40:57 +0000] "GET /?q=node/add HTTP/1.1" 403 6085 "http://clinical-security.info/" "Mozilla/5.0 (Windows NT 6.1; WOW64) AppleWebKit/537.36 (KHTML, like Gecko) Chrome/28.0.1500.72 Safari/537.36"
188.126.69.219 - - [20/Nov/2013:17:40:59 +0000] "GET /?q=user/register HTTP/1.1" 403 5996 "http://clinical-security.info/?q=node/add" "Mozilla/5.0 (Windows NT 6.1; WOW64) AppleWebKit/537.36 (KHTML, like Gecko) Chrome/28.0.1500.72 Safari/537.36"
123.125.71.85 - - [20/Nov/2013:17:42:02 +0000] "GET / HTTP/1.1" 200 8460 "-" "Mozilla/5.0 (compatible; Baiduspider/2.0; +http://www.baidu.com/search/spider.html)"
220.181.108.168 - - [20/Nov/2013:17:43:48 +0000] "GET / HTTP/1.1" 200 8460 "-" "Mozilla/5.0 (compatible; Baiduspider/2.0; +http://www.baidu.com/search/spider.html)"
65.55.52.117 - - [20/Nov/2013:17:45:20 +0000] "GET /?q=aggregator/categories/1 HTTP/1.1" 200 7427 "-" "Mozilla/5.0 (compatible; bingbot/2.0; +http://www.bing.com/bingbot.htm)"
65.55.52.117 - - [20/Nov/2013:17:45:30 +0000] "GET /?q=node/29 HTTP/1.1" 200 7927 "-" "Mozilla/5.0 (compatible; bingbot/2.0; +http://www.bing.com/bingbot.htm)"
65.55.52.117 - - [20/Nov/2013:17:45:38 +0000] "GET /?q=user HTTP/1.1" 200 8287 "-" "Mozilla/5.0 (compatible; bingbot/2.0; +http://www.bing.com/bingbot.htm)"
65.55.52.117 - - [20/Nov/2013:17:45:48 +0000] "GET /?q=blog/1/feed HTTP/1.1" 200 1433 "-" "Mozilla/5.0 (compatible; bingbot/2.0; +http://www.bing.com/bingbot.htm)"
80.72.35.91 - - [20/Nov/2013:17:49:35 +0000] "GET /?q=user/register HTTP/1.1" 403 5996 "http://clinical-security.info/" "Mozilla/5.0 (Windows NT 6.1; WOW64) AppleWebKit/537.36 (KHTML, like Gecko) Chrome/28.0.1500.72 Safari/537.36"
80.72.35.91 - - [20/Nov/2013:17:49:36 +0000] "GET /?q=node/add HTTP/1.1" 403 6085 "http://clinical-security.info/" "Mozilla/5.0 (Windows NT 6.1; WOW64) AppleWebKit/537.36 (KHTML, like Gecko) Chrome/28.0.1500.72 Safari/537.36"
80.72.35.91 - - [20/Nov/2013:17:49:37 +0000] "GET /?q=user/register HTTP/1.1" 403 5996 "http://clinical-security.info/?q=node/add" "Mozilla/5.0 (Windows NT 6.1; WOW64) AppleWebKit/537.36 (KHTML, like Gecko) Chrome/28.0.1500.72 Safari/537.36"
209.20.69.216 - - [20/Nov/2013:18:00:02 +0000] "GET /cron.php HTTP/1.0" 200 - "-" "Wget/1.12 (linux-gnu)"
123.125.71.105 - - [20/Nov/2013:18:36:29 +0000] "GET / HTTP/1.1" 200 8460 "-" "Mozilla/5.0 (compatible; Baiduspider/2.0; +http://www.baidu.com/search/spider.html)"
220.181.108.162 - - [20/Nov/2013:18:38:58 +0000] "GET / HTTP/1.1" 200 8460 "-" "Mozilla/5.0 (compatible; Baiduspider/2.0; +http://www.baidu.com/search/spider.html)"
209.20.69.216 - - [20/Nov/2013:19:00:01 +0000] "GET /cron.php HTTP/1.0" 200 - "-" "Wget/1.12 (linux-gnu)"
83.26.103.130 - - [20/Nov/2013:19:12:17 +0000] "GET /?q=user/register HTTP/1.1" 403 5996 "http://clinical-security.info/" "Mozilla/5.0 (Windows NT 6.1; WOW64) AppleWebKit/537.36 (KHTML, like Gecko) Chrome/28.0.1500.72 Safari/537.36"
178.216.54.160 - - [20/Nov/2013:19:12:20 +0000] "GET /?q=node/add HTTP/1.0" 403 6085 "http://clinical-security.info/" "Mozilla/5.0 (Windows NT 6.1; WOW64) AppleWebKit/537.36 (KHTML, like Gecko) Chrome/28.0.1500.72 Safari/537.36"
178.216.54.160 - - [20/Nov/2013:19:12:20 +0000] "GET /?q=user/register HTTP/1.0" 403 5996 "http://clinical-security.info/?q=node/add" "Mozilla/5.0 (Windows NT 6.1; WOW64) AppleWebKit/537.36 (KHTML, like Gecko) Chrome/28.0.1500.72 Safari/537.36"
80.72.38.195 - - [20/Nov/2013:19:19:40 +0000] "GET /?q=user/register HTTP/1.1" 403 5996 "http://clinical-security.info/" "Mozilla/5.0 (Windows NT 6.1; WOW64) AppleWebKit/537.36 (KHTML, like Gecko) Chrome/28.0.1500.72 Safari/537.36"
80.72.38.195 - - [20/Nov/2013:19:19:41 +0000] "GET /?q=node/add HTTP/1.1" 403 6085 "http://clinical-security.info/" "Mozilla/5.0 (Windows NT 6.1; WOW64) AppleWebKit/537.36 (KHTML, like Gecko) Chrome/28.0.1500.72 Safari/537.36"
80.72.38.195 - - [20/Nov/2013:19:19:42 +0000] "GET /?q=user/register HTTP/1.1" 403 5996 "http://clinical-security.info/?q=node/add" "Mozilla/5.0 (Windows NT 6.1; WOW64) AppleWebKit/537.36 (KHTML, like Gecko) Chrome/28.0.1500.72 Safari/537.36"
202.46.62.25 - - [20/Nov/2013:19:27:20 +0000] "GET / HTTP/1.1" 200 8461 "-" "Mozilla/4.0 (compatible; MSIE 7.0; Windows NT 6.0)"
119.63.193.195 - - [20/Nov/2013:19:27:56 +0000] "GET / HTTP/1.1" 200 8461 "-" "Mozilla/4.0 (compatible; MSIE 7.0; Windows NT 6.0)"
157.55.33.181 - - [20/Nov/2013:19:47:11 +0000] "GET /robots.txt HTTP/1.1" 200 1521 "-" "Mozilla/5.0 (compatible; bingbot/2.0; +http://www.bing.com/bingbot.htm)"
157.55.33.181 - - [20/Nov/2013:19:48:09 +0000] "GET / HTTP/1.1" 200 8460 "-" "Mozilla/5.0 (compatible; bingbot/2.0; +http://www.bing.com/bingbot.htm)"
208.115.113.91 - - [20/Nov/2013:19:50:09 +0000] "GET /robots.txt HTTP/1.1" 200 1521 "-" "Mozilla/5.0 (compatible; Ezooms/1.0; ezooms.bot@gmail.com)"
220.181.108.161 - - [20/Nov/2013:19:51:27 +0000] "GET / HTTP/1.1" 200 8460 "-" "Mozilla/5.0 (compatible; Baiduspider/2.0; +http://www.baidu.com/search/spider.html)"
209.20.69.216 - - [20/Nov/2013:20:00:02 +0000] "GET /cron.php HTTP/1.0" 200 - "-" "Wget/1.12 (linux-gnu)"
101.66.201.246 - - [20/Nov/2013:20:32:21 +0000] "GET /?q=user/&destination=node/add HTTP/1.0" 200 8313 "http://clinical-security.com/?q=user/&destination=node/add" "Mozilla/5.0 (Windows NT 6.1) AppleWebKit/535.19 (KHTML, like Gecko) Chrome/18.0.1025.1634 Safari/535.19 YE"
101.66.201.246 - - [20/Nov/2013:20:32:25 +0000] "POST /?q=user/&destination=node/add HTTP/1.0" 200 8475 "http://clinical-security.com/?q=user/&destination=node/add" "Mozilla/5.0 (Windows NT 6.1) AppleWebKit/535.19 (KHTML, like Gecko) Chrome/18.0.1025.1634 Safari/535.19 YE"
101.66.201.246 - - [20/Nov/2013:20:32:27 +0000] "POST /?q=user/&destination=node/add HTTP/1.0" 200 8475 "http://clinical-security.com/?q=user/&destination=node/add" "Mozilla/5.0 (Windows NT 6.1) AppleWebKit/535.19 (KHTML, like Gecko) Chrome/18.0.1025.1634 Safari/535.19 YE"
101.66.201.246 - - [20/Nov/2013:20:32:28 +0000] "GET /?q=user/&destination=node/add HTTP/1.0" 200 8313 "http://clinical-security.com/?q=user/&destination=node/add" "Mozilla/5.0 (Windows NT 6.1) AppleWebKit/535.19 (KHTML, like Gecko) Chrome/18.0.1025.1634 Safari/535.19 YE"
220.181.108.186 - - [20/Nov/2013:20:40:49 +0000] "GET / HTTP/1.1" 200 8460 "-" "Mozilla/5.0 (compatible; Baiduspider/2.0; +http://www.baidu.com/search/spider.html)"
209.20.69.216 - - [20/Nov/2013:21:00:02 +0000] "GET /cron.php HTTP/1.0" 200 - "-" "Wget/1.12 (linux-gnu)"
202.46.54.43 - - [20/Nov/2013:21:27:08 +0000] "GET / HTTP/1.1" 200 8465 "-" "Mozilla/4.0 (compatible; MSIE 7.0; Windows NT 6.0)"
119.63.193.132 - - [20/Nov/2013:21:27:40 +0000] "GET / HTTP/1.1" 200 8465 "-" "Mozilla/4.0 (compatible; MSIE 7.0; Windows NT 6.0)"
208.115.113.91 - - [20/Nov/2013:21:28:09 +0000] "GET /?q=node/30 HTTP/1.1" 200 8217 "-" "Mozilla/5.0 (compatible; Ezooms/1.0; ezooms.bot@gmail.com)"
192.157.239.72 - - [20/Nov/2013:21:28:46 +0000] "GET / HTTP/1.0" 200 8461 "http://clinical-security.info/" "Mozilla/5.0 (Windows NT 6.1; WOW64) AppleWebKit/537.36 (KHTML, like Gecko) Chrome/28.0.1500.72 Safari/537.36"
192.157.239.72 - - [20/Nov/2013:21:28:47 +0000] "GET /?q=node/add HTTP/1.0" 403 6085 "http://clinical-security.info/" "Mozilla/5.0 (Windows NT 6.1; WOW64) AppleWebKit/537.36 (KHTML, like Gecko) Chrome/28.0.1500.72 Safari/537.36"
192.157.239.72 - - [20/Nov/2013:21:28:48 +0000] "GET /?q=user/register HTTP/1.0" 403 5996 "http://clinical-security.info/?q=node/add" "Mozilla/5.0 (Windows NT 6.1; WOW64) AppleWebKit/537.36 (KHTML, like Gecko) Chrome/28.0.1500.72 Safari/537.36"
220.181.108.140 - - [20/Nov/2013:21:33:02 +0000] "GET / HTTP/1.1" 200 8460 "-" "Mozilla/5.0 (compatible; Baiduspider/2.0; +http://www.baidu.com/search/spider.html)"
157.55.35.35 - - [20/Nov/2013:21:45:02 +0000] "GET /robots.txt HTTP/1.1" 200 1521 "-" "Mozilla/5.0 (compatible; bingbot/2.0; +http://www.bing.com/bingbot.htm)"
157.55.35.35 - - [20/Nov/2013:21:45:39 +0000] "GET / HTTP/1.1" 200 8465 "-" "Mozilla/5.0 (compatible; bingbot/2.0; +http://www.bing.com/bingbot.htm)"
188.126.69.219 - - [20/Nov/2013:21:49:25 +0000] "GET /?q=user/register HTTP/1.1" 403 5996 "http://clinical-security.info/" "Mozilla/5.0 (Windows NT 6.1; WOW64) AppleWebKit/537.36 (KHTML, like Gecko) Chrome/28.0.1500.72 Safari/537.36"
188.126.69.219 - - [20/Nov/2013:21:49:28 +0000] "GET /?q=node/add HTTP/1.1" 403 6085 "http://clinical-security.info/" "Mozilla/5.0 (Windows NT 6.1; WOW64) AppleWebKit/537.36 (KHTML, like Gecko) Chrome/28.0.1500.72 Safari/537.36"
188.126.69.219 - - [20/Nov/2013:21:49:29 +0000] "GET /?q=user/register HTTP/1.1" 403 5996 "http://clinical-security.info/?q=node/add" "Mozilla/5.0 (Windows NT 6.1; WOW64) AppleWebKit/537.36 (KHTML, like Gecko) Chrome/28.0.1500.72 Safari/537.36"
65.55.24.238 - - [20/Nov/2013:21:57:11 +0000] "GET /robots.txt HTTP/1.1" 200 1521 "-" "Mozilla/5.0 (compatible; bingbot/2.0; +http://www.bing.com/bingbot.htm)"
65.55.24.238 - - [20/Nov/2013:21:59:40 +0000] "GET /?q=blog HTTP/1.1" 200 9341 "-" "Mozilla/5.0 (compatible; bingbot/2.0; +http://www.bing.com/bingbot.htm)"
209.20.69.216 - - [20/Nov/2013:22:00:02 +0000] "GET /cron.php HTTP/1.0" 200 - "-" "Wget/1.12 (linux-gnu)"
91.200.14.96 - - [20/Nov/2013:22:21:20 +0000] "GET /?q=node/30 HTTP/1.0" 200 8217 "http://clinical-security.com/?q=node/30" "Mozilla/5.0 (Windows NT 6.1; WOW64) AppleWebKit/535.12 (KHTML, like Gecko) Maxthon/3.0 Chrome/18.0.966.0 Safari/535.12"
91.200.14.96 - - [20/Nov/2013:22:21:22 +0000] "GET /?q=node/25 HTTP/1.0" 200 8019 "http://clinical-security.com/?q=node/25" "Mozilla/5.0 (Windows NT 6.1; WOW64) AppleWebKit/535.12 (KHTML, like Gecko) Maxthon/3.0 Chrome/18.0.966.0 Safari/535.12"
220.181.108.146 - - [20/Nov/2013:22:29:24 +0000] "GET / HTTP/1.1" 200 8460 "-" "Mozilla/5.0 (compatible; Baiduspider/2.0; +http://www.baidu.com/search/spider.html)"
66.249.73.146 - - [20/Nov/2013:22:47:52 +0000] "GET /robots.txt HTTP/1.1" 200 1521 "-" "Mozilla/5.0 (compatible; Googlebot/2.1; +http://www.google.com/bot.html)"
66.249.73.146 - - [20/Nov/2013:22:47:53 +0000] "GET /?q=node/25 HTTP/1.1" 200 8019 "-" "Mozilla/5.0 (iPhone; CPU iPhone OS 6_0 like Mac OS X) AppleWebKit/536.26 (KHTML, like Gecko) Version/6.0 Mobile/10A5376e Safari/8536.25 (compatible; Googlebot-Mobile/2.1; +http://www.google.com/bot.html)"
46.137.84.101 - - [20/Nov/2013:22:53:14 +0000] "GET /muieblackcat HTTP/1.1" 404 290 "-" "-"
46.137.84.101 - - [20/Nov/2013:22:53:14 +0000] "GET //MyAdmin/scripts/setup.php HTTP/1.1" 404 303 "-" "-"
46.137.84.101 - - [20/Nov/2013:22:53:15 +0000] "GET //admin/phpmyadmin/scripts/setup.php HTTP/1.1" 404 312 "-" "-"
46.137.84.101 - - [20/Nov/2013:22:53:15 +0000] "GET //admin/pma/scripts/setup.php HTTP/1.1" 404 305 "-" "-"
46.137.84.101 - - [20/Nov/2013:22:53:15 +0000] "GET //admin/scripts/setup.php HTTP/1.1" 404 301 "-" "-"
46.137.84.101 - - [20/Nov/2013:22:53:18 +0000] "GET //dbadmin/scripts/setup.php HTTP/1.1" 404 303 "-" "-"
46.137.84.101 - - [20/Nov/2013:22:53:19 +0000] "GET //myadmin/scripts/setup.php HTTP/1.1" 404 303 "-" "-"
46.137.84.101 - - [20/Nov/2013:22:53:19 +0000] "GET //mysql/scripts/setup.php HTTP/1.1" 404 301 "-" "-"
46.137.84.101 - - [20/Nov/2013:22:53:22 +0000] "GET //php-my-admin/scripts/setup.php HTTP/1.1" 404 308 "-" "-"
46.137.84.101 - - [20/Nov/2013:22:53:22 +0000] "GET //phpMyAdmin-2.5.5-pl1/index.php HTTP/1.1" 404 308 "-" "-"
46.137.84.101 - - [20/Nov/2013:22:53:23 +0000] "GET //phpMyAdmin-2.5.5/index.php HTTP/1.1" 404 304 "-" "-"
46.137.84.101 - - [20/Nov/2013:22:53:26 +0000] "GET //phpMyAdmin/scripts/setup.php HTTP/1.1" 404 306 "-" "-"
46.137.84.101 - - [20/Nov/2013:22:53:26 +0000] "GET //phpadmin/scripts/setup.php HTTP/1.1" 404 304 "-" "-"
46.137.84.101 - - [20/Nov/2013:22:53:26 +0000] "GET //phpmyadmin/scripts/setup.php HTTP/1.1" 404 306 "-" "-"
46.137.84.101 - - [20/Nov/2013:22:53:27 +0000] "GET //phpmyadmin1/scripts/setup.php HTTP/1.1" 404 307 "-" "-"
46.137.84.101 - - [20/Nov/2013:22:53:27 +0000] "GET //phpmyadmin2/scripts/setup.php HTTP/1.1" 404 307 "-" "-"
46.137.84.101 - - [20/Nov/2013:22:53:27 +0000] "GET //pma/scripts/setup.php HTTP/1.1" 404 299 "-" "-"
46.137.84.101 - - [20/Nov/2013:22:53:27 +0000] "GET //scripts/setup.php HTTP/1.1" 404 295 "-" "-"
46.137.84.101 - - [20/Nov/2013:22:53:28 +0000] "GET //typo3/phpmyadmin/scripts/setup.php HTTP/1.1" 404 312 "-" "-"
46.137.84.101 - - [20/Nov/2013:22:53:28 +0000] "GET //web/phpMyAdmin/scripts/setup.php HTTP/1.1" 404 310 "-" "-"
46.137.84.101 - - [20/Nov/2013:22:53:28 +0000] "GET //web/scripts/setup.php HTTP/1.1" 404 299 "-" "-"
46.137.84.101 - - [20/Nov/2013:22:53:29 +0000] "GET //websql/scripts/setup.php HTTP/1.1" 404 302 "-" "-"
46.137.84.101 - - [20/Nov/2013:22:53:29 +0000] "GET //xampp/phpmyadmin/scripts/setup.php HTTP/1.1" 404 312 "-" "-"
46.137.84.101 - - [20/Nov/2013:22:54:42 +0000] "GET /muieblackcat HTTP/1.1" 404 290 "-" "-"
46.137.84.101 - - [20/Nov/2013:22:54:42 +0000] "GET //MyAdmin/scripts/setup.php HTTP/1.1" 404 303 "-" "-"
46.137.84.101 - - [20/Nov/2013:22:54:43 +0000] "GET //admin/phpmyadmin/scripts/setup.php HTTP/1.1" 404 312 "-" "-"
46.137.84.101 - - [20/Nov/2013:22:54:43 +0000] "GET //admin/pma/scripts/setup.php HTTP/1.1" 404 305 "-" "-"
46.137.84.101 - - [20/Nov/2013:22:54:43 +0000] "GET //admin/scripts/setup.php HTTP/1.1" 404 301 "-" "-"
46.137.84.101 - - [20/Nov/2013:22:54:44 +0000] "GET //db/scripts/setup.php HTTP/1.1" 404 298 "-" "-"
46.137.84.101 - - [20/Nov/2013:22:54:44 +0000] "GET //dbadmin/scripts/setup.php HTTP/1.1" 404 303 "-" "-"
46.137.84.101 - - [20/Nov/2013:22:54:44 +0000] "GET //myadmin/scripts/setup.php HTTP/1.1" 404 303 "-" "-"
46.137.84.101 - - [20/Nov/2013:22:54:44 +0000] "GET //mysql/scripts/setup.php HTTP/1.1" 404 301 "-" "-"
46.137.84.101 - - [20/Nov/2013:22:54:45 +0000] "GET //mysqladmin/scripts/setup.php HTTP/1.1" 404 306 "-" "-"
46.137.84.101 - - [20/Nov/2013:22:54:48 +0000] "GET //phpMyAdmin-2.5.5-pl1/index.php HTTP/1.1" 404 308 "-" "-"
46.137.84.101 - - [20/Nov/2013:22:54:48 +0000] "GET //phpMyAdmin-2.5.5/index.php HTTP/1.1" 404 304 "-" "-"
46.137.84.101 - - [20/Nov/2013:22:54:48 +0000] "GET //phpMyAdmin-2/scripts/setup.php HTTP/1.1" 404 308 "-" "-"
46.137.84.101 - - [20/Nov/2013:22:54:49 +0000] "GET //phpMyAdmin/scripts/setup.php HTTP/1.1" 404 306 "-" "-"
46.137.84.101 - - [20/Nov/2013:22:54:49 +0000] "GET //phpadmin/scripts/setup.php HTTP/1.1" 404 304 "-" "-"
46.137.84.101 - - [20/Nov/2013:22:54:49 +0000] "GET //phpmyadmin/scripts/setup.php HTTP/1.1" 404 306 "-" "-"
46.137.84.101 - - [20/Nov/2013:22:54:49 +0000] "GET //phpmyadmin1/scripts/setup.php HTTP/1.1" 404 307 "-" "-"
46.137.84.101 - - [20/Nov/2013:22:54:50 +0000] "GET //phpmyadmin2/scripts/setup.php HTTP/1.1" 404 307 "-" "-"
46.137.84.101 - - [20/Nov/2013:22:54:50 +0000] "GET //pma/scripts/setup.php HTTP/1.1" 404 299 "-" "-"
46.137.84.101 - - [20/Nov/2013:22:54:50 +0000] "GET //scripts/setup.php HTTP/1.1" 404 295 "-" "-"
46.137.84.101 - - [20/Nov/2013:22:54:50 +0000] "GET //typo3/phpmyadmin/scripts/setup.php HTTP/1.1" 404 312 "-" "-"
46.137.84.101 - - [20/Nov/2013:22:54:51 +0000] "GET //web/phpMyAdmin/scripts/setup.php HTTP/1.1" 404 310 "-" "-"
46.137.84.101 - - [20/Nov/2013:22:54:51 +0000] "GET //web/scripts/setup.php HTTP/1.1" 404 299 "-" "-"
46.137.84.101 - - [20/Nov/2013:22:54:51 +0000] "GET //websql/scripts/setup.php HTTP/1.1" 404 302 "-" "-"
46.137.84.101 - - [20/Nov/2013:22:54:52 +0000] "GET //xampp/phpmyadmin/scripts/setup.php HTTP/1.1" 404 312 "-" "-"
209.20.69.216 - - [20/Nov/2013:23:00:01 +0000] "GET /cron.php HTTP/1.0" 200 - "-" "Wget/1.12 (linux-gnu)"
80.72.35.94 - - [20/Nov/2013:23:21:19 +0000] "GET / HTTP/1.1" 200 8461 "http://clinical-security.info/" "Mozilla/5.0 (Windows NT 6.1; WOW64) AppleWebKit/537.36 (KHTML, like Gecko) Chrome/28.0.1500.72 Safari/537.36"
80.72.35.94 - - [20/Nov/2013:23:21:22 +0000] "GET /?q=node/add HTTP/1.1" 403 6085 "http://clinical-security.info/" "Mozilla/5.0 (Windows NT 6.1; WOW64) AppleWebKit/537.36 (KHTML, like Gecko) Chrome/28.0.1500.72 Safari/537.36"
80.72.35.94 - - [20/Nov/2013:23:21:23 +0000] "GET /?q=user/register HTTP/1.1" 403 5996 "http://clinical-security.info/?q=node/add" "Mozilla/5.0 (Windows NT 6.1; WOW64) AppleWebKit/537.36 (KHTML, like Gecko) Chrome/28.0.1500.72 Safari/537.36"
46.246.121.93 - - [20/Nov/2013:23:22:38 +0000] "GET /?q=user/register HTTP/1.1" 403 5996 "http://clinical-security.info/" "Mozilla/5.0 (Windows NT 6.1; WOW64) AppleWebKit/537.36 (KHTML, like Gecko) Chrome/28.0.1500.72 Safari/537.36"
93.120.27.62 - - [20/Nov/2013:23:23:51 +0000] "GET / HTTP/1.1" 200 8452 "-" "-"
93.120.27.62 - - [20/Nov/2013:23:23:52 +0000] "GET /robots.txt HTTP/1.1" 200 1521 "-" "-"
220.181.108.163 - - [20/Nov/2013:23:27:43 +0000] "GET / HTTP/1.1" 200 8460 "-" "Mozilla/5.0 (compatible; Baiduspider/2.0; +http://www.baidu.com/search/spider.html)"
157.55.35.35 - - [20/Nov/2013:23:29:39 +0000] "GET /robots.txt HTTP/1.1" 200 1521 "-" "Mozilla/5.0 (compatible; bingbot/2.0; +http://www.bing.com/bingbot.htm)"
80.72.36.202 - - [20/Nov/2013:23:34:30 +0000] "GET / HTTP/1.1" 200 8461 "http://clinical-security.info/" "Mozilla/5.0 (Windows NT 6.1; WOW64; rv:21.0) Gecko/20100101 Firefox/21.0"
80.72.36.202 - - [20/Nov/2013:23:34:38 +0000] "GET /?q=node/add HTTP/1.1" 403 6085 "http://clinical-security.info/" "Mozilla/5.0 (Windows NT 6.1; WOW64; rv:21.0) Gecko/20100101 Firefox/21.0"
80.72.36.202 - - [20/Nov/2013:23:34:41 +0000] "GET /?q=user/register HTTP/1.1" 403 5996 "http://clinical-security.info/?q=node/add" "Mozilla/5.0 (Windows NT 6.1; WOW64; rv:21.0) Gecko/20100101 Firefox/21.0"
157.55.35.35 - - [20/Nov/2013:23:36:43 +0000] "GET / HTTP/1.1" 200 8461 "-" "Mozilla/5.0 (compatible; bingbot/2.0; +http://www.bing.com/bingbot.htm)"
80.72.36.202 - - [20/Nov/2013:23:40:45 +0000] "GET / HTTP/1.1" 200 8461 "http://clinical-security.info/" "Mozilla/5.0 (Windows NT 6.1; WOW64; rv:21.0) Gecko/20100101 Firefox/21.0"
80.72.36.202 - - [20/Nov/2013:23:40:48 +0000] "GET /?q=node/add HTTP/1.1" 403 6085 "http://clinical-security.info/" "Mozilla/5.0 (Windows NT 6.1; WOW64; rv:21.0) Gecko/20100101 Firefox/21.0"
80.72.36.202 - - [20/Nov/2013:23:40:51 +0000] "GET /?q=user/register HTTP/1.1" 403 5996 "http://clinical-security.info/?q=node/add" "Mozilla/5.0 (Windows NT 6.1; WOW64; rv:21.0) Gecko/20100101 Firefox/21.0"
66.249.73.146 - - [20/Nov/2013:23:46:47 +0000] "GET /?q=node/29 HTTP/1.1" 200 7927 "-" "Mozilla/5.0 (compatible; Googlebot/2.1; +http://www.google.com/bot.html)"
66.249.73.146 - - [20/Nov/2013:23:52:00 +0000] "GET /?q=blog/0 HTTP/1.1" 403 5996 "-" "Mozilla/5.0 (compatible; Googlebot/2.1; +http://www.google.com/bot.html)"
119.63.193.194 - - [20/Nov/2013:23:55:19 +0000] "GET / HTTP/1.1" 200 8460 "-" "Mozilla/4.0 (compatible; MSIE 7.0; Windows NT 6.0)"
202.46.54.122 - - [20/Nov/2013:23:56:04 +0000] "GET / HTTP/1.1" 200 8460 "-" "Mozilla/4.0 (compatible; MSIE 7.0; Windows NT 6.0)"
209.20.69.216 - - [21/Nov/2013:00:00:02 +0000] "GET /cron.php HTTP/1.0" 200 - "-" "Wget/1.12 (linux-gnu)"
118.97.95.182 - - [21/Nov/2013:00:04:11 +0000] "GET /?q=contact HTTP/1.0" 200 8673 "-" "Mozilla/4.0 (compatible; MSIE 6.0; Windows NT 5.1; SV1)"
118.97.95.182 - - [21/Nov/2013:00:04:20 +0000] "POST /?q=contact HTTP/1.0" 302 - "http://clinical-security.com/?q=contact" "Mozilla/4.0 (compatible; MSIE 6.0; Windows NT 5.1; SV1)"
118.97.95.182 - - [21/Nov/2013:00:04:31 +0000] "GET / HTTP/1.0" 200 8524 "http://clinical-security.com/?q=contact" "Mozilla/4.0 (compatible; MSIE 6.0; Windows NT 5.1; SV1)"
94.23.233.204 - - [21/Nov/2013:00:04:36 +0000] "GET / HTTP/1.1" 200 8460 "-" "Mozilla/4.0 (compatible; MSIE 6.0; Windows NT 5.1; SV1)"
94.23.233.204 - - [21/Nov/2013:00:04:38 +0000] "GET /?q=contact HTTP/1.1" 200 8673 "-" "Mozilla/4.0 (compatible; MSIE 6.0; Windows NT 5.1; SV1)"
94.23.233.204 - - [21/Nov/2013:00:04:40 +0000] "GET /?q=user HTTP/1.1" 200 8287 "-" "Mozilla/4.0 (compatible; MSIE 6.0; Windows NT 5.1; SV1)"
94.23.233.204 - - [21/Nov/2013:00:04:41 +0000] "GET /?q=user/register HTTP/1.1" 403 5996 "-" "Mozilla/4.0 (compatible; MSIE 6.0; Windows NT 5.1; SV1)"
94.23.233.204 - - [21/Nov/2013:00:04:43 +0000] "GET /?q=node/18 HTTP/1.1" 200 10959 "-" "Mozilla/4.0 (compatible; MSIE 6.0; Windows NT 5.1; SV1)"
94.23.233.204 - - [21/Nov/2013:00:04:47 +0000] "GET /?q=node/19 HTTP/1.1" 200 8080 "-" "Mozilla/4.0 (compatible; MSIE 6.0; Windows NT 5.1; SV1)"
94.23.233.204 - - [21/Nov/2013:00:04:50 +0000] "GET /?q=node/32 HTTP/1.1" 200 7670 "-" "Mozilla/4.0 (compatible; MSIE 6.0; Windows NT 5.1; SV1)"
94.23.233.204 - - [21/Nov/2013:00:04:52 +0000] "GET /?q=node/20 HTTP/1.1" 200 9907 "-" "Mozilla/4.0 (compatible; MSIE 6.0; Windows NT 5.1; SV1)"
94.23.233.204 - - [21/Nov/2013:00:04:54 +0000] "GET /?q=node/23 HTTP/1.1" 200 9061 "-" "Mozilla/4.0 (compatible; MSIE 6.0; Windows NT 5.1; SV1)"
94.23.233.204 - - [21/Nov/2013:00:04:56 +0000] "GET /?q=node/24 HTTP/1.1" 200 7729 "-" "Mozilla/4.0 (compatible; MSIE 6.0; Windows NT 5.1; SV1)"
94.23.233.204 - - [21/Nov/2013:00:04:58 +0000] "GET /?q=node/25 HTTP/1.1" 200 8019 "-" "Mozilla/4.0 (compatible; MSIE 6.0; Windows NT 5.1; SV1)"
94.23.233.204 - - [21/Nov/2013:00:04:59 +0000] "GET /?q=node/30 HTTP/1.1" 200 8217 "-" "Mozilla/4.0 (compatible; MSIE 6.0; Windows NT 5.1; SV1)"
94.23.233.204 - - [21/Nov/2013:00:05:02 +0000] "GET /?q=node/26 HTTP/1.1" 200 7309 "-" "Mozilla/4.0 (compatible; MSIE 6.0; Windows NT 5.1; SV1)"
94.23.233.204 - - [21/Nov/2013:00:05:05 +0000] "GET /?q=node/31 HTTP/1.1" 200 8092 "-" "Mozilla/4.0 (compatible; MSIE 6.0; Windows NT 5.1; SV1)"
