123.125.71.104 - - [19/Nov/2013:00:31:35 +0000] "GET / HTTP/1.1" 200 8460 "-" "Mozilla/5.0 (compatible; Baiduspider/2.0; +http://www.baidu.com/search/spider.html)"
209.20.69.216 - - [19/Nov/2013:01:00:02 +0000] "GET /cron.php HTTP/1.0" 200 - "-" "Wget/1.12 (linux-gnu)"
220.181.108.154 - - [19/Nov/2013:01:28:53 +0000] "GET / HTTP/1.1" 200 8460 "-" "Mozilla/5.0 (compatible; Baiduspider/2.0; +http://www.baidu.com/search/spider.html)"
119.63.193.132 - - [19/Nov/2013:01:29:18 +0000] "GET / HTTP/1.1" 200 8465 "-" "Mozilla/4.0 (compatible; MSIE 7.0; Windows NT 6.0)"
202.46.63.90 - - [19/Nov/2013:01:30:02 +0000] "GET / HTTP/1.1" 200 8465 "-" "Mozilla/4.0 (compatible; MSIE 7.0; Windows NT 6.0)"
123.125.71.70 - - [19/Nov/2013:01:31:52 +0000] "GET / HTTP/1.1" 200 8460 "-" "Mozilla/5.0 (compatible; Baiduspider/2.0; +http://www.baidu.com/search/spider.html)"
208.115.111.75 - - [19/Nov/2013:01:46:05 +0000] "GET /robots.txt HTTP/1.1" 200 1521 "-" "Mozilla/5.0 (compatible; Ezooms/1.0; ezooms.bot@gmail.com)"
209.20.69.216 - - [19/Nov/2013:02:00:01 +0000] "GET /cron.php HTTP/1.0" 200 - "-" "Wget/1.12 (linux-gnu)"
80.72.36.202 - - [19/Nov/2013:02:00:31 +0000] "GET / HTTP/1.1" 200 8461 "http://clinical-security.info/" "Mozilla/5.0 (Windows NT 6.1; WOW64) AppleWebKit/537.36 (KHTML, like Gecko) Chrome/28.0.1500.71 Safari/537.36"
80.72.36.202 - - [19/Nov/2013:02:00:31 +0000] "GET /?q=node/add HTTP/1.1" 403 6085 "http://clinical-security.info/" "Mozilla/5.0 (Windows NT 6.1; WOW64) AppleWebKit/537.36 (KHTML, like Gecko) Chrome/28.0.1500.71 Safari/537.36"
80.72.36.202 - - [19/Nov/2013:02:00:32 +0000] "GET /?q=user/register HTTP/1.1" 403 5996 "http://clinical-security.info/?q=node/add" "Mozilla/5.0 (Windows NT 6.1; WOW64) AppleWebKit/537.36 (KHTML, like Gecko) Chrome/28.0.1500.71 Safari/537.36"
123.125.71.80 - - [19/Nov/2013:02:38:34 +0000] "GET / HTTP/1.1" 200 8460 "-" "Mozilla/5.0 (compatible; Baiduspider/2.0; +http://www.baidu.com/search/spider.html)"
220.181.108.184 - - [19/Nov/2013:02:42:07 +0000] "GET / HTTP/1.1" 200 8460 "-" "Mozilla/5.0 (compatible; Baiduspider/2.0; +http://www.baidu.com/search/spider.html)"
157.56.93.37 - - [19/Nov/2013:02:43:21 +0000] "GET /robots.txt HTTP/1.1" 200 1521 "-" "Mozilla/5.0 (compatible; bingbot/2.0; +http://www.bing.com/bingbot.htm)"
178.32.53.55 - - [19/Nov/2013:02:53:58 +0000] "GET /?q=user/register HTTP/1.1" 403 5996 "http://clinical-security.com/" "Mozilla/5.0 (Windows NT 5.1; rv:22.0) Gecko/20100101 Firefox/22.0"
188.126.69.219 - - [19/Nov/2013:02:56:12 +0000] "GET /?q=user/register HTTP/1.1" 403 5996 "http://clinical-security.info/" "Mozilla/5.0 (Windows NT 6.1; WOW64) AppleWebKit/537.36 (KHTML, like Gecko) Chrome/28.0.1500.71 Safari/537.36"
188.126.69.219 - - [19/Nov/2013:02:56:12 +0000] "GET /?q=node/add HTTP/1.1" 403 6085 "http://clinical-security.info/" "Mozilla/5.0 (Windows NT 6.1; WOW64) AppleWebKit/537.36 (KHTML, like Gecko) Chrome/28.0.1500.71 Safari/537.36"
188.126.69.219 - - [19/Nov/2013:02:56:16 +0000] "GET /?q=user/register HTTP/1.1" 403 5996 "http://clinical-security.info/?q=node/add" "Mozilla/5.0 (Windows NT 6.1; WOW64) AppleWebKit/537.36 (KHTML, like Gecko) Chrome/28.0.1500.71 Safari/537.36"
207.241.226.233 - - [19/Nov/2013:02:56:58 +0000] "GET /robots.txt HTTP/1.1" 200 1521 "-" "Mozilla/5.0 (compatible; archive.org_bot; Wayback Machine Live Record; +http://archive.org/details/archive.org_bot)"
209.20.69.216 - - [19/Nov/2013:03:00:02 +0000] "GET /cron.php HTTP/1.0" 200 - "-" "Wget/1.12 (linux-gnu)"
157.56.93.37 - - [19/Nov/2013:03:02:52 +0000] "GET / HTTP/1.1" 200 8460 "-" "Mozilla/5.0 (compatible; bingbot/2.0; +http://www.bing.com/bingbot.htm)"
80.72.35.93 - - [19/Nov/2013:03:03:06 +0000] "GET /?q=user/register HTTP/1.1" 403 5996 "http://clinical-security.info/" "Mozilla/5.0 (Windows NT 6.1; WOW64) AppleWebKit/537.36 (KHTML, like Gecko) Chrome/28.0.1500.71 Safari/537.36"
80.72.35.93 - - [19/Nov/2013:03:09:12 +0000] "GET / HTTP/1.1" 200 8461 "http://clinical-security.info/" "Mozilla/5.0 (Windows NT 6.1; WOW64) AppleWebKit/537.36 (KHTML, like Gecko) Chrome/28.0.1500.71 Safari/537.36"
208.115.111.75 - - [19/Nov/2013:03:16:26 +0000] "GET /?q=node/31 HTTP/1.1" 200 8092 "-" "Mozilla/5.0 (compatible; Ezooms/1.0; ezooms.bot@gmail.com)"
123.125.71.81 - - [19/Nov/2013:03:41:48 +0000] "GET / HTTP/1.1" 200 8460 "-" "Mozilla/5.0 (compatible; Baiduspider/2.0; +http://www.baidu.com/search/spider.html)"
220.181.108.180 - - [19/Nov/2013:03:44:49 +0000] "GET / HTTP/1.1" 200 8460 "-" "Mozilla/5.0 (compatible; Baiduspider/2.0; +http://www.baidu.com/search/spider.html)"
119.63.193.131 - - [19/Nov/2013:03:53:41 +0000] "GET / HTTP/1.1" 200 8460 "-" "Mozilla/4.0 (compatible; MSIE 7.0; Windows NT 6.0)"
202.46.58.29 - - [19/Nov/2013:03:56:17 +0000] "GET / HTTP/1.1" 200 8460 "-" "Mozilla/4.0 (compatible; MSIE 7.0; Windows NT 6.0)"
209.20.69.216 - - [19/Nov/2013:04:00:01 +0000] "GET /cron.php HTTP/1.0" 200 - "-" "Wget/1.12 (linux-gnu)"
123.125.71.116 - - [19/Nov/2013:04:29:27 +0000] "GET / HTTP/1.1" 200 8460 "-" "Mozilla/5.0 (compatible; Baiduspider/2.0; +http://www.baidu.com/search/spider.html)"
220.181.108.169 - - [19/Nov/2013:04:31:04 +0000] "GET / HTTP/1.1" 200 8460 "-" "Mozilla/5.0 (compatible; Baiduspider/2.0; +http://www.baidu.com/search/spider.html)"
94.102.53.229 - - [19/Nov/2013:04:35:41 +0000] "POST /cgi-bin/php5?%2D%64+%61%6C%6C%6F%77%5F%75%72%6C%5F%69%6E%63%6C%75%64%65%3D%6F%6E+%2D%64+%73%61%66%65%5F%6D%6F%64%65%3D%6F%66%66+%2D%64+%73%75%68%6F%73%69%6E%2E%73%69%6D%75%6C%61%74%69%6F%6E%3D%6F%6E+%2D%64+%64%69%73%61%62%6C%65%5F%66%75%6E%63%74%69%6F%6E%73%3D%22%22+%2D%64+%6F%70%65%6E%5F%62%61%73%65%64%69%72%3D%6E%6F%6E%65+%2D%64+%61%75%74%6F%5F%70%72%65%70%65%6E%64%5F%66%69%6C%65%3D%70%68%70%3A%2F%2F%69%6E%70%75%74+%2D%64+%63%67%69%2E%66%6F%72%63%65%5F%72%65%64%69%72%65%63%74%3D%30+%2D%64+%63%67%69%2E%72%65%64%69%72%65%63%74%5F%73%74%61%74%75%73%5F%65%6E%76%3D%30+%2D%6E HTTP/1.1" 404 290 "-" "-"
66.249.74.147 - - [19/Nov/2013:04:45:56 +0000] "GET /robots.txt HTTP/1.1" 200 1521 "-" "Mozilla/5.0 (compatible; Googlebot/2.1; +http://www.google.com/bot.html)"
209.20.69.216 - - [19/Nov/2013:05:00:01 +0000] "GET /cron.php HTTP/1.0" 200 - "-" "Wget/1.12 (linux-gnu)"
220.181.108.156 - - [19/Nov/2013:05:29:19 +0000] "GET / HTTP/1.1" 200 8460 "-" "Mozilla/5.0 (compatible; Baiduspider/2.0; +http://www.baidu.com/search/spider.html)"
123.125.71.83 - - [19/Nov/2013:05:33:47 +0000] "GET / HTTP/1.1" 200 8460 "-" "Mozilla/5.0 (compatible; Baiduspider/2.0; +http://www.baidu.com/search/spider.html)"
119.63.193.130 - - [19/Nov/2013:05:36:55 +0000] "GET / HTTP/1.1" 200 8464 "-" "Mozilla/4.0 (compatible; MSIE 7.0; Windows NT 6.0)"
202.46.53.32 - - [19/Nov/2013:05:38:35 +0000] "GET / HTTP/1.1" 200 8464 "-" "Mozilla/4.0 (compatible; MSIE 7.0; Windows NT 6.0)"
80.72.36.202 - - [19/Nov/2013:05:53:23 +0000] "GET / HTTP/1.1" 200 8461 "http://clinical-security.info/" "Mozilla/5.0 (Windows NT 6.1; WOW64) AppleWebKit/537.36 (KHTML, like Gecko) Chrome/28.0.1500.71 Safari/537.36"
80.72.36.202 - - [19/Nov/2013:05:53:23 +0000] "GET /?q=node/add HTTP/1.1" 403 6085 "http://clinical-security.info/" "Mozilla/5.0 (Windows NT 6.1; WOW64) AppleWebKit/537.36 (KHTML, like Gecko) Chrome/28.0.1500.71 Safari/537.36"
80.72.36.202 - - [19/Nov/2013:05:53:24 +0000] "GET /?q=user/register HTTP/1.1" 403 5996 "http://clinical-security.info/?q=node/add" "Mozilla/5.0 (Windows NT 6.1; WOW64) AppleWebKit/537.36 (KHTML, like Gecko) Chrome/28.0.1500.71 Safari/537.36"
209.20.69.216 - - [19/Nov/2013:06:00:02 +0000] "GET /cron.php HTTP/1.0" 200 - "-" "Wget/1.12 (linux-gnu)"
80.72.38.195 - - [19/Nov/2013:06:15:14 +0000] "GET /?q=/ HTTP/1.1" 404 5342 "http://clinical-security.com/" "Mozilla/5.0 (Windows NT 5.1; rv:5.0.1) Gecko/20100101 Firefox/5.0.1"
80.72.38.195 - - [19/Nov/2013:06:15:14 +0000] "GET /?q=node/add HTTP/1.1" 403 6085 "http://clinical-security.com/" "Mozilla/5.0 (Windows NT 5.1; rv:5.0.1) Gecko/20100101 Firefox/5.0.1"
80.72.38.195 - - [19/Nov/2013:06:15:15 +0000] "GET /?q=user/register HTTP/1.1" 403 5996 "http://clinical-security.com/?q=node/add" "Mozilla/5.0 (Windows NT 5.1; rv:5.0.1) Gecko/20100101 Firefox/5.0.1"
80.72.38.195 - - [19/Nov/2013:06:19:14 +0000] "GET /?q=user/register HTTP/1.1" 403 5996 "http://clinical-security.info/" "Mozilla/5.0 (Windows NT 6.1; WOW64) AppleWebKit/537.36 (KHTML, like Gecko) Chrome/28.0.1500.71 Safari/537.36"
80.72.38.195 - - [19/Nov/2013:06:19:14 +0000] "GET /?q=node/add HTTP/1.1" 403 6085 "http://clinical-security.info/" "Mozilla/5.0 (Windows NT 6.1; WOW64) AppleWebKit/537.36 (KHTML, like Gecko) Chrome/28.0.1500.71 Safari/537.36"
80.72.38.195 - - [19/Nov/2013:06:19:15 +0000] "GET /?q=user/register HTTP/1.1" 403 5996 "http://clinical-security.info/?q=node/add" "Mozilla/5.0 (Windows NT 6.1; WOW64) AppleWebKit/537.36 (KHTML, like Gecko) Chrome/28.0.1500.71 Safari/537.36"
87.98.165.104 - - [19/Nov/2013:06:27:19 +0000] "GET /?q=user/register HTTP/1.1" 403 5996 "http://clinical-security.com/" "Mozilla/5.0 (Windows NT 5.1; rv:5.0.1) Gecko/20100101 Firefox/5.0.1"
123.125.71.86 - - [19/Nov/2013:06:30:29 +0000] "GET / HTTP/1.1" 200 8460 "-" "Mozilla/5.0 (compatible; Baiduspider/2.0; +http://www.baidu.com/search/spider.html)"
220.181.108.167 - - [19/Nov/2013:06:33:28 +0000] "GET / HTTP/1.1" 200 8460 "-" "Mozilla/5.0 (compatible; Baiduspider/2.0; +http://www.baidu.com/search/spider.html)"
79.133.200.202 - - [19/Nov/2013:06:33:29 +0000] "GET /?q=/user/register/user/register HTTP/1.1" 403 5996 "http://clinical-security.com/" "Mozilla/5.0 (Windows NT 5.1; rv:5.0.1) Gecko/20100101 Firefox/5.0.1"
79.133.200.202 - - [19/Nov/2013:06:33:30 +0000] "GET /?q=node/add HTTP/1.1" 403 6085 "http://clinical-security.com/" "Mozilla/5.0 (Windows NT 5.1; rv:5.0.1) Gecko/20100101 Firefox/5.0.1"
79.133.200.202 - - [19/Nov/2013:06:33:30 +0000] "GET /?q=user/register HTTP/1.1" 403 5996 "http://clinical-security.com/?q=node/add" "Mozilla/5.0 (Windows NT 5.1; rv:5.0.1) Gecko/20100101 Firefox/5.0.1"
157.55.32.62 - - [19/Nov/2013:06:39:08 +0000] "GET /robots.txt HTTP/1.1" 200 1521 "-" "Mozilla/5.0 (compatible; bingbot/2.0; +http://www.bing.com/bingbot.htm)"
157.55.32.62 - - [19/Nov/2013:06:39:38 +0000] "GET / HTTP/1.1" 200 8465 "-" "Mozilla/5.0 (compatible; bingbot/2.0; +http://www.bing.com/bingbot.htm)"
66.249.74.134 - - [19/Nov/2013:06:43:50 +0000] "GET / HTTP/1.1" 200 8460 "-" "Mozilla/5.0 (compatible; Googlebot/2.1; +http://www.google.com/bot.html)"
209.20.69.216 - - [19/Nov/2013:07:00:01 +0000] "GET /cron.php HTTP/1.0" 200 - "-" "Wget/1.12 (linux-gnu)"
178.32.53.55 - - [19/Nov/2013:07:13:32 +0000] "GET /?q=user/register HTTP/1.1" 403 5996 "http://clinical-security.info/" "Mozilla/5.0 (Windows NT 6.1; WOW64) AppleWebKit/537.36 (KHTML, like Gecko) Chrome/28.0.1500.63 Safari/537.36"
123.156.92.80 - - [19/Nov/2013:07:13:35 +0000] "GET /?q=user/&destination=node/add HTTP/1.0" 200 8313 "http://clinical-security.com/?q=user/&destination=node/add" "Mozilla/5.0 (Windows NT 5.1) AppleWebKit/535.7 (KHTML, like Gecko) Chrome/16.0.912.77 Safari/535.7 u01-2"
123.156.92.80 - - [19/Nov/2013:07:13:38 +0000] "POST /?q=user/&destination=node/add HTTP/1.0" 200 8475 "http://clinical-security.com/?q=user/&destination=node/add" "Mozilla/5.0 (Windows NT 5.1) AppleWebKit/535.7 (KHTML, like Gecko) Chrome/16.0.912.77 Safari/535.7 u01-2"
123.156.92.80 - - [19/Nov/2013:07:13:42 +0000] "POST /?q=user/&destination=node/add HTTP/1.0" 200 8475 "http://clinical-security.com/?q=user/&destination=node/add" "Mozilla/5.0 (Windows NT 5.1) AppleWebKit/535.7 (KHTML, like Gecko) Chrome/16.0.912.77 Safari/535.7 u01-2"
123.156.92.80 - - [19/Nov/2013:07:13:43 +0000] "GET /?q=user/&destination=node/add HTTP/1.0" 200 8313 "http://clinical-security.com/?q=user/&destination=node/add" "Mozilla/5.0 (Windows NT 5.1) AppleWebKit/535.7 (KHTML, like Gecko) Chrome/16.0.912.77 Safari/535.7 u01-2"
80.72.35.94 - - [19/Nov/2013:07:21:25 +0000] "GET /?q=user/register HTTP/1.1" 403 5996 "http://clinical-security.info/" "Mozilla/5.0 (Windows NT 6.1; WOW64) AppleWebKit/537.36 (KHTML, like Gecko) Chrome/28.0.1500.71 Safari/537.36"
62.210.200.58 - - [19/Nov/2013:07:23:26 +0000] "GET /?q=user/register HTTP/1.1" 403 5996 "http://clinical-security.info/" "Mozilla/5.0 (Windows NT 6.1; WOW64) AppleWebKit/537.36 (KHTML, like Gecko) Chrome/28.0.1500.71 Safari/537.36"
62.210.200.58 - - [19/Nov/2013:07:23:26 +0000] "GET /?q=user/register HTTP/1.1" 403 5996 "http://clinical-security.com/" "Mozilla/5.0 (Windows NT 5.1; rv:5.0.1) Gecko/20100101 Firefox/5.0.1"
123.125.71.116 - - [19/Nov/2013:07:31:33 +0000] "GET / HTTP/1.1" 200 8460 "-" "Mozilla/5.0 (compatible; Baiduspider/2.0; +http://www.baidu.com/search/spider.html)"
220.181.108.180 - - [19/Nov/2013:07:32:19 +0000] "GET / HTTP/1.1" 200 8460 "-" "Mozilla/5.0 (compatible; Baiduspider/2.0; +http://www.baidu.com/search/spider.html)"
66.249.74.134 - - [19/Nov/2013:07:43:40 +0000] "GET /?q=node/32 HTTP/1.1" 200 7670 "-" "Mozilla/5.0 (compatible; Googlebot/2.1; +http://www.google.com/bot.html)"
66.249.74.134 - - [19/Nov/2013:07:43:56 +0000] "GET /?q=user HTTP/1.1" 200 8287 "-" "Mozilla/5.0 (compatible; Googlebot/2.1; +http://www.google.com/bot.html)"
66.249.74.134 - - [19/Nov/2013:07:44:14 +0000] "GET /?q=node/18 HTTP/1.1" 200 10959 "-" "Mozilla/5.0 (compatible; Googlebot/2.1; +http://www.google.com/bot.html)"
66.249.74.134 - - [19/Nov/2013:07:44:31 +0000] "GET /?q=node/19 HTTP/1.1" 200 8080 "-" "Mozilla/5.0 (compatible; Googlebot/2.1; +http://www.google.com/bot.html)"
66.249.74.134 - - [19/Nov/2013:07:44:48 +0000] "GET /?q=node/26 HTTP/1.1" 200 7309 "-" "Mozilla/5.0 (compatible; Googlebot/2.1; +http://www.google.com/bot.html)"
66.249.74.134 - - [19/Nov/2013:07:45:06 +0000] "GET /?q=node/20 HTTP/1.1" 200 9907 "-" "Mozilla/5.0 (compatible; Googlebot/2.1; +http://www.google.com/bot.html)"
66.249.74.134 - - [19/Nov/2013:07:45:23 +0000] "GET /?q=node/24 HTTP/1.1" 200 7729 "-" "Mozilla/5.0 (compatible; Googlebot/2.1; +http://www.google.com/bot.html)"
66.249.74.134 - - [19/Nov/2013:07:45:41 +0000] "GET /?q=node/25 HTTP/1.1" 200 8019 "-" "Mozilla/5.0 (compatible; Googlebot/2.1; +http://www.google.com/bot.html)"
66.249.74.134 - - [19/Nov/2013:07:45:58 +0000] "GET /?q=node/31 HTTP/1.1" 200 8092 "-" "Mozilla/5.0 (compatible; Googlebot/2.1; +http://www.google.com/bot.html)"
66.249.74.134 - - [19/Nov/2013:07:46:16 +0000] "GET /?q=node/30 HTTP/1.1" 200 8217 "-" "Mozilla/5.0 (compatible; Googlebot/2.1; +http://www.google.com/bot.html)"
66.249.74.134 - - [19/Nov/2013:07:46:33 +0000] "GET /?q=contact HTTP/1.1" 200 8673 "-" "Mozilla/5.0 (compatible; Googlebot/2.1; +http://www.google.com/bot.html)"
66.249.74.134 - - [19/Nov/2013:07:46:51 +0000] "GET /?q=node/23 HTTP/1.1" 200 9061 "-" "Mozilla/5.0 (compatible; Googlebot/2.1; +http://www.google.com/bot.html)"
66.249.74.134 - - [19/Nov/2013:07:47:08 +0000] "GET /?q=user/register HTTP/1.1" 403 5996 "-" "Mozilla/5.0 (compatible; Googlebot/2.1; +http://www.google.com/bot.html)"
66.249.74.134 - - [19/Nov/2013:07:47:26 +0000] "GET /?q=storm/task_tickets_js/ HTTP/1.1" 403 5996 "-" "Mozilla/5.0 (compatible; Googlebot/2.1; +http://www.google.com/bot.html)"
66.249.74.134 - - [19/Nov/2013:07:47:44 +0000] "GET /?q=storm/project_tasks_js/ HTTP/1.1" 403 5996 "-" "Mozilla/5.0 (compatible; Googlebot/2.1; +http://www.google.com/bot.html)"
66.249.74.134 - - [19/Nov/2013:07:48:01 +0000] "GET /?q=storm/project_invoices_js/ HTTP/1.1" 403 5996 "-" "Mozilla/5.0 (compatible; Googlebot/2.1; +http://www.google.com/bot.html)"
66.249.74.134 - - [19/Nov/2013:07:48:19 +0000] "GET /?q=storm/project_assignments_js/ HTTP/1.1" 403 5996 "-" "Mozilla/5.0 (compatible; Googlebot/2.1; +http://www.google.com/bot.html)"
80.72.35.86 - - [19/Nov/2013:07:48:21 +0000] "GET /?q=/user/register/user/register HTTP/1.1" 403 5996 "http://clinical-security.com/" "Mozilla/5.0 (Windows NT 5.1; rv:5.0.1) Gecko/20100101 Firefox/5.0.1"
80.72.35.86 - - [19/Nov/2013:07:48:22 +0000] "GET /?q=node/add HTTP/1.1" 403 6085 "http://clinical-security.com/" "Mozilla/5.0 (Windows NT 5.1; rv:5.0.1) Gecko/20100101 Firefox/5.0.1"
80.72.35.86 - - [19/Nov/2013:07:48:22 +0000] "GET /?q=user/register HTTP/1.1" 403 5996 "http://clinical-security.com/?q=node/add" "Mozilla/5.0 (Windows NT 5.1; rv:5.0.1) Gecko/20100101 Firefox/5.0.1"
66.249.74.134 - - [19/Nov/2013:07:48:38 +0000] "GET /?q=storm/organization_people_js/ HTTP/1.1" 403 5996 "-" "Mozilla/5.0 (compatible; Googlebot/2.1; +http://www.google.com/bot.html)"
66.249.74.134 - - [19/Nov/2013:07:48:59 +0000] "GET /?q=storm/organization_projects_js/ HTTP/1.1" 403 5996 "-" "Mozilla/5.0 (compatible; Googlebot/2.1; +http://www.google.com/bot.html)"
157.55.32.62 - - [19/Nov/2013:07:51:41 +0000] "GET /robots.txt HTTP/1.1" 200 1521 "-" "Mozilla/5.0 (compatible; bingbot/2.0; +http://www.bing.com/bingbot.htm)"
157.55.32.62 - - [19/Nov/2013:07:52:21 +0000] "GET / HTTP/1.1" 200 8461 "-" "Mozilla/5.0 (compatible; bingbot/2.0; +http://www.bing.com/bingbot.htm)"
66.249.74.134 - - [19/Nov/2013:07:53:42 +0000] "GET /?q=user/password HTTP/1.1" 200 7934 "-" "Mozilla/5.0 (compatible; Googlebot/2.1; +http://www.google.com/bot.html)"
119.63.193.132 - - [19/Nov/2013:07:54:45 +0000] "GET / HTTP/1.1" 200 8460 "-" "Mozilla/4.0 (compatible; MSIE 7.0; Windows NT 6.0)"
202.46.51.43 - - [19/Nov/2013:07:56:28 +0000] "GET / HTTP/1.1" 200 8460 "-" "Mozilla/4.0 (compatible; MSIE 7.0; Windows NT 6.0)"
209.20.69.216 - - [19/Nov/2013:08:00:02 +0000] "GET /cron.php HTTP/1.0" 200 - "-" "Wget/1.12 (linux-gnu)"
87.98.165.104 - - [19/Nov/2013:08:20:47 +0000] "GET /?q=user/register HTTP/1.1" 403 5996 "http://clinical-security.info/" "Mozilla/5.0 (Windows NT 6.1; WOW64) AppleWebKit/537.36 (KHTML, like Gecko) Chrome/28.0.1500.71 Safari/537.36"
91.200.14.96 - - [19/Nov/2013:08:22:03 +0000] "GET /?q=node/30 HTTP/1.0" 200 8217 "http://clinical-security.com/?q=node/30" "Opera/9.80 (Windows NT 5.1; MRA 6.0 (build 5831)) Presto/2.12.388 Version/12.10"
91.200.14.96 - - [19/Nov/2013:08:22:04 +0000] "GET /?q=node/25 HTTP/1.0" 200 8019 "http://clinical-security.com/?q=node/25" "Opera/9.80 (Windows NT 5.1; MRA 6.0 (build 5831)) Presto/2.12.388 Version/12.10"
220.181.108.79 - - [19/Nov/2013:08:31:50 +0000] "GET / HTTP/1.1" 200 8460 "-" "Mozilla/5.0 (compatible; Baiduspider/2.0; +http://www.baidu.com/search/spider.html)"
123.125.71.78 - - [19/Nov/2013:08:31:59 +0000] "GET / HTTP/1.1" 200 8460 "-" "Mozilla/5.0 (compatible; Baiduspider/2.0; +http://www.baidu.com/search/spider.html)"
209.20.69.216 - - [19/Nov/2013:09:00:01 +0000] "GET /cron.php HTTP/1.0" 200 - "-" "Wget/1.12 (linux-gnu)"
202.46.56.51 - - [19/Nov/2013:09:25:54 +0000] "GET / HTTP/1.1" 200 8465 "-" "Mozilla/4.0 (compatible; MSIE 7.0; Windows NT 6.0)"
119.63.193.130 - - [19/Nov/2013:09:25:57 +0000] "GET / HTTP/1.1" 200 8465 "-" "Mozilla/4.0 (compatible; MSIE 7.0; Windows NT 6.0)"
123.125.71.94 - - [19/Nov/2013:09:30:28 +0000] "GET / HTTP/1.1" 200 8460 "-" "Mozilla/5.0 (compatible; Baiduspider/2.0; +http://www.baidu.com/search/spider.html)"
220.181.108.152 - - [19/Nov/2013:09:31:10 +0000] "GET / HTTP/1.1" 200 8460 "-" "Mozilla/5.0 (compatible; Baiduspider/2.0; +http://www.baidu.com/search/spider.html)"
79.133.200.202 - - [19/Nov/2013:09:37:30 +0000] "GET / HTTP/1.1" 200 8461 "http://clinical-security.info/" "Mozilla/5.0 (Windows NT 6.1; WOW64) AppleWebKit/537.36 (KHTML, like Gecko) Chrome/28.0.1500.71 Safari/537.36"
79.133.200.202 - - [19/Nov/2013:09:37:30 +0000] "GET /?q=node/add HTTP/1.1" 403 6085 "http://clinical-security.info/" "Mozilla/5.0 (Windows NT 6.1; WOW64) AppleWebKit/537.36 (KHTML, like Gecko) Chrome/28.0.1500.71 Safari/537.36"
79.133.200.202 - - [19/Nov/2013:09:37:31 +0000] "GET /?q=user/register HTTP/1.1" 403 5996 "http://clinical-security.info/?q=node/add" "Mozilla/5.0 (Windows NT 6.1; WOW64) AppleWebKit/537.36 (KHTML, like Gecko) Chrome/28.0.1500.71 Safari/537.36"
178.32.53.55 - - [19/Nov/2013:09:46:57 +0000] "GET /?q=user/register HTTP/1.1" 403 5996 "http://clinical-security.com/" "Mozilla/5.0 (Windows NT 5.1; rv:5.0.1) Gecko/20100101 Firefox/5.0.1"
109.169.70.249 - - [19/Nov/2013:09:47:00 +0000] "GET /?q=user/register HTTP/1.1" 403 5996 "http://clinical-security.info/" "Mozilla/5.0 (Windows NT 6.1; WOW64) AppleWebKit/537.36 (KHTML, like Gecko) Chrome/28.0.1500.71 Safari/537.36"
173.208.12.250 - - [19/Nov/2013:09:47:01 +0000] "GET /?q=node/add HTTP/1.0" 403 6085 "http://clinical-security.info/" "Mozilla/5.0 (Windows NT 6.1; WOW64) AppleWebKit/537.36 (KHTML, like Gecko) Chrome/28.0.1500.71 Safari/537.36"
173.208.12.250 - - [19/Nov/2013:09:47:02 +0000] "GET /?q=user/register HTTP/1.0" 403 5996 "http://clinical-security.info/" "Mozilla/5.0 (Windows NT 6.1; WOW64) AppleWebKit/537.36 (KHTML, like Gecko) Chrome/28.0.1500.71 Safari/537.36"
173.208.12.250 - - [19/Nov/2013:09:47:03 +0000] "GET /?q=node/add HTTP/1.0" 403 6085 "http://clinical-security.info/" "Mozilla/5.0 (Windows NT 6.1; WOW64) AppleWebKit/537.36 (KHTML, like Gecko) Chrome/28.0.1500.71 Safari/537.36"
173.208.12.250 - - [19/Nov/2013:09:47:03 +0000] "GET /?q=user/register HTTP/1.0" 403 5996 "http://clinical-security.info/?q=node/add" "Mozilla/5.0 (Windows NT 6.1; WOW64) AppleWebKit/537.36 (KHTML, like Gecko) Chrome/28.0.1500.71 Safari/537.36"
209.20.69.216 - - [19/Nov/2013:10:00:02 +0000] "GET /cron.php HTTP/1.0" 200 - "-" "Wget/1.12 (linux-gnu)"
123.125.71.87 - - [19/Nov/2013:10:31:47 +0000] "GET / HTTP/1.1" 200 8460 "-" "Mozilla/5.0 (compatible; Baiduspider/2.0; +http://www.baidu.com/search/spider.html)"
220.181.108.153 - - [19/Nov/2013:10:35:18 +0000] "GET / HTTP/1.1" 200 8460 "-" "Mozilla/5.0 (compatible; Baiduspider/2.0; +http://www.baidu.com/search/spider.html)"
209.20.69.216 - - [19/Nov/2013:11:00:02 +0000] "GET /cron.php HTTP/1.0" 200 - "-" "Wget/1.12 (linux-gnu)"
202.92.132.10 - - [19/Nov/2013:11:04:20 +0000] "GET /cgi-bin/php HTTP/1.0" 404 289 "-" "-"
66.249.74.134 - - [19/Nov/2013:11:11:59 +0000] "GET /?q=node/18 HTTP/1.1" 200 10959 "-" "Mozilla/5.0 (iPhone; CPU iPhone OS 6_0 like Mac OS X) AppleWebKit/536.26 (KHTML, like Gecko) Version/6.0 Mobile/10A5376e Safari/8536.25 (compatible; Googlebot-Mobile/2.1; +http://www.google.com/bot.html)"
123.125.71.113 - - [19/Nov/2013:11:39:39 +0000] "GET / HTTP/1.1" 200 8460 "-" "Mozilla/5.0 (compatible; Baiduspider/2.0; +http://www.baidu.com/search/spider.html)"
220.181.108.143 - - [19/Nov/2013:11:41:44 +0000] "GET / HTTP/1.1" 200 8460 "-" "Mozilla/5.0 (compatible; Baiduspider/2.0; +http://www.baidu.com/search/spider.html)"
119.63.193.194 - - [19/Nov/2013:11:55:20 +0000] "GET / HTTP/1.1" 200 8460 "-" "Mozilla/4.0 (compatible; MSIE 7.0; Windows NT 6.0)"
178.73.196.192 - - [19/Nov/2013:11:55:31 +0000] "GET /?q=user/register HTTP/1.1" 403 5996 "http://clinical-security.info/" "Mozilla/5.0 (Windows NT 6.1; WOW64) AppleWebKit/537.36 (KHTML, like Gecko) Chrome/28.0.1500.71 Safari/537.36"
178.73.196.192 - - [19/Nov/2013:11:55:32 +0000] "GET /?q=node/add HTTP/1.1" 403 6085 "http://clinical-security.info/" "Mozilla/5.0 (Windows NT 6.1; WOW64) AppleWebKit/537.36 (KHTML, like Gecko) Chrome/28.0.1500.71 Safari/537.36"
178.73.196.192 - - [19/Nov/2013:11:55:32 +0000] "GET /?q=user/register HTTP/1.1" 403 5996 "http://clinical-security.info/?q=node/add" "Mozilla/5.0 (Windows NT 6.1; WOW64) AppleWebKit/537.36 (KHTML, like Gecko) Chrome/28.0.1500.71 Safari/537.36"
202.46.52.25 - - [19/Nov/2013:11:56:48 +0000] "GET / HTTP/1.1" 200 8460 "-" "Mozilla/4.0 (compatible; MSIE 7.0; Windows NT 6.0)"
209.20.69.216 - - [19/Nov/2013:12:00:02 +0000] "GET /cron.php HTTP/1.0" 200 - "-" "Wget/1.12 (linux-gnu)"
123.125.71.73 - - [19/Nov/2013:12:28:57 +0000] "GET / HTTP/1.1" 200 8460 "-" "Mozilla/5.0 (compatible; Baiduspider/2.0; +http://www.baidu.com/search/spider.html)"
220.181.108.147 - - [19/Nov/2013:12:32:17 +0000] "GET / HTTP/1.1" 200 8460 "-" "Mozilla/5.0 (compatible; Baiduspider/2.0; +http://www.baidu.com/search/spider.html)"
80.72.37.189 - - [19/Nov/2013:12:40:13 +0000] "GET / HTTP/1.1" 200 8461 "http://clinical-security.info/" "Mozilla/5.0 (Windows NT 6.1; WOW64) AppleWebKit/537.36 (KHTML, like Gecko) Chrome/28.0.1500.71 Safari/537.36"
157.56.93.37 - - [19/Nov/2013:12:59:06 +0000] "GET /robots.txt HTTP/1.1" 200 1521 "-" "Mozilla/5.0 (compatible; bingbot/2.0; +http://www.bing.com/bingbot.htm)"
157.56.93.37 - - [19/Nov/2013:12:59:49 +0000] "GET /?q=blog/1 HTTP/1.1" 200 8433 "-" "Mozilla/5.0 (compatible; bingbot/2.0; +http://www.bing.com/bingbot.htm)"
209.20.69.216 - - [19/Nov/2013:13:00:01 +0000] "GET /cron.php HTTP/1.0" 200 - "-" "Wget/1.12 (linux-gnu)"
80.72.37.178 - - [19/Nov/2013:13:25:01 +0000] "GET /?q=/ HTTP/1.1" 404 5342 "http://clinical-security.com/" "Mozilla/5.0 (Windows NT 5.1; rv:5.0.1) Gecko/20100101 Firefox/5.0.1"
80.72.37.178 - - [19/Nov/2013:13:25:02 +0000] "GET /?q=node/add HTTP/1.1" 403 6085 "http://clinical-security.com/" "Mozilla/5.0 (Windows NT 5.1; rv:5.0.1) Gecko/20100101 Firefox/5.0.1"
80.72.37.178 - - [19/Nov/2013:13:25:02 +0000] "GET /?q=user/register HTTP/1.1" 403 5996 "http://clinical-security.com/?q=node/add" "Mozilla/5.0 (Windows NT 5.1; rv:5.0.1) Gecko/20100101 Firefox/5.0.1"
119.63.193.130 - - [19/Nov/2013:13:31:16 +0000] "GET / HTTP/1.1" 200 8465 "-" "Mozilla/4.0 (compatible; MSIE 7.0; Windows NT 6.0)"
202.46.51.44 - - [19/Nov/2013:13:32:08 +0000] "GET / HTTP/1.1" 200 8465 "-" "Mozilla/4.0 (compatible; MSIE 7.0; Windows NT 6.0)"
123.125.71.71 - - [19/Nov/2013:13:33:11 +0000] "GET / HTTP/1.1" 200 8460 "-" "Mozilla/5.0 (compatible; Baiduspider/2.0; +http://www.baidu.com/search/spider.html)"
220.181.108.149 - - [19/Nov/2013:13:34:31 +0000] "GET / HTTP/1.1" 200 8460 "-" "Mozilla/5.0 (compatible; Baiduspider/2.0; +http://www.baidu.com/search/spider.html)"
157.56.93.37 - - [19/Nov/2013:13:53:14 +0000] "GET / HTTP/1.1" 200 8460 "-" "Mozilla/5.0 (compatible; bingbot/2.0; +http://www.bing.com/bingbot.htm)"
209.20.69.216 - - [19/Nov/2013:14:00:02 +0000] "GET /cron.php HTTP/1.0" 200 - "-" "Wget/1.12 (linux-gnu)"
65.55.24.238 - - [19/Nov/2013:14:11:57 +0000] "GET /robots.txt HTTP/1.1" 200 1521 "-" "Mozilla/5.0 (compatible; bingbot/2.0; +http://www.bing.com/bingbot.htm)"
65.55.24.238 - - [19/Nov/2013:14:15:16 +0000] "GET /?q=node/29 HTTP/1.1" 200 7927 "-" "Mozilla/5.0 (compatible; bingbot/2.0; +http://www.bing.com/bingbot.htm)"
54.200.217.7 - - [19/Nov/2013:14:20:20 +0000] "GET / HTTP/1.1" 200 8452 "-" "Mozilla/4.0 (compatible; MSIE 6.0; Windows NT 5.1; SV1; InfoPath.2)"
220.181.108.156 - - [19/Nov/2013:14:37:09 +0000] "GET / HTTP/1.1" 200 8460 "-" "Mozilla/5.0 (compatible; Baiduspider/2.0; +http://www.baidu.com/search/spider.html)"
123.125.71.98 - - [19/Nov/2013:14:38:45 +0000] "GET / HTTP/1.1" 200 8460 "-" "Mozilla/5.0 (compatible; Baiduspider/2.0; +http://www.baidu.com/search/spider.html)"
209.20.69.216 - - [19/Nov/2013:15:00:01 +0000] "GET /cron.php HTTP/1.0" 200 - "-" "Wget/1.12 (linux-gnu)"
80.72.35.93 - - [19/Nov/2013:15:01:45 +0000] "GET / HTTP/1.1" 200 8461 "http://clinical-security.info/" "Mozilla/5.0 (Windows NT 6.1; WOW64) AppleWebKit/537.36 (KHTML, like Gecko) Chrome/28.0.1500.71 Safari/537.36"
80.72.35.93 - - [19/Nov/2013:15:01:47 +0000] "GET /?q=node/add HTTP/1.1" 403 6085 "http://clinical-security.info/" "Mozilla/5.0 (Windows NT 6.1; WOW64) AppleWebKit/537.36 (KHTML, like Gecko) Chrome/28.0.1500.71 Safari/537.36"
80.72.35.93 - - [19/Nov/2013:15:01:47 +0000] "GET /?q=user/register HTTP/1.1" 403 5996 "http://clinical-security.info/?q=node/add" "Mozilla/5.0 (Windows NT 6.1; WOW64) AppleWebKit/537.36 (KHTML, like Gecko) Chrome/28.0.1500.71 Safari/537.36"
89.107.227.52 - - [19/Nov/2013:15:02:48 +0000] "GET /w00tw00t.at.blackhats.romanian.anti-sec:) HTTP/1.1" 404 319 "-" "ZmEu"
89.107.227.52 - - [19/Nov/2013:15:02:49 +0000] "GET /phpMyAdmin/scripts/setup.php HTTP/1.1" 404 306 "-" "ZmEu"
89.107.227.52 - - [19/Nov/2013:15:02:49 +0000] "GET /phpmyadmin/scripts/setup.php HTTP/1.1" 404 306 "-" "ZmEu"
89.107.227.52 - - [19/Nov/2013:15:02:50 +0000] "GET /pma/scripts/setup.php HTTP/1.1" 404 299 "-" "ZmEu"
89.107.227.52 - - [19/Nov/2013:15:02:50 +0000] "GET /myadmin/scripts/setup.php HTTP/1.1" 404 303 "-" "ZmEu"
89.107.227.52 - - [19/Nov/2013:15:02:50 +0000] "GET /MyAdmin/scripts/setup.php HTTP/1.1" 404 303 "-" "ZmEu"
89.107.227.52 - - [19/Nov/2013:15:05:29 +0000] "GET /w00tw00t.at.blackhats.romanian.anti-sec:) HTTP/1.1" 404 319 "-" "ZmEu"
89.107.227.52 - - [19/Nov/2013:15:05:29 +0000] "GET /phpMyAdmin/scripts/setup.php HTTP/1.1" 404 306 "-" "ZmEu"
89.107.227.52 - - [19/Nov/2013:15:05:29 +0000] "GET /phpmyadmin/scripts/setup.php HTTP/1.1" 404 306 "-" "ZmEu"
89.107.227.52 - - [19/Nov/2013:15:05:30 +0000] "GET /pma/scripts/setup.php HTTP/1.1" 404 299 "-" "ZmEu"
89.107.227.52 - - [19/Nov/2013:15:05:30 +0000] "GET /myadmin/scripts/setup.php HTTP/1.1" 404 303 "-" "ZmEu"
89.107.227.52 - - [19/Nov/2013:15:05:30 +0000] "GET /MyAdmin/scripts/setup.php HTTP/1.1" 404 303 "-" "ZmEu"
220.181.108.79 - - [19/Nov/2013:15:29:22 +0000] "GET / HTTP/1.1" 200 8460 "-" "Mozilla/5.0 (compatible; Baiduspider/2.0; +http://www.baidu.com/search/spider.html)"
123.125.71.103 - - [19/Nov/2013:15:36:51 +0000] "GET / HTTP/1.1" 200 8460 "-" "Mozilla/5.0 (compatible; Baiduspider/2.0; +http://www.baidu.com/search/spider.html)"
202.46.56.45 - - [19/Nov/2013:15:51:15 +0000] "GET / HTTP/1.1" 200 8460 "-" "Mozilla/4.0 (compatible; MSIE 7.0; Windows NT 6.0)"
119.63.193.130 - - [19/Nov/2013:15:52:39 +0000] "GET / HTTP/1.1" 200 8460 "-" "Mozilla/4.0 (compatible; MSIE 7.0; Windows NT 6.0)"
209.20.69.216 - - [19/Nov/2013:16:00:01 +0000] "GET /cron.php HTTP/1.0" 200 - "-" "Wget/1.12 (linux-gnu)"
123.125.71.73 - - [19/Nov/2013:16:27:47 +0000] "GET / HTTP/1.1" 200 8460 "-" "Mozilla/5.0 (compatible; Baiduspider/2.0; +http://www.baidu.com/search/spider.html)"
80.72.37.178 - - [19/Nov/2013:16:27:48 +0000] "GET /?q=user/register HTTP/1.1" 403 5996 "http://clinical-security.info/" "Mozilla/5.0 (Windows NT 6.1; WOW64) AppleWebKit/537.36 (KHTML, like Gecko) Chrome/28.0.1500.71 Safari/537.36"
80.72.37.178 - - [19/Nov/2013:16:27:49 +0000] "GET /?q=node/add HTTP/1.1" 403 6085 "http://clinical-security.info/" "Mozilla/5.0 (Windows NT 6.1; WOW64) AppleWebKit/537.36 (KHTML, like Gecko) Chrome/28.0.1500.71 Safari/537.36"
80.72.37.178 - - [19/Nov/2013:16:27:49 +0000] "GET /?q=user/register HTTP/1.1" 403 5996 "http://clinical-security.info/?q=node/add" "Mozilla/5.0 (Windows NT 6.1; WOW64) AppleWebKit/537.36 (KHTML, like Gecko) Chrome/28.0.1500.71 Safari/537.36"
178.73.196.192 - - [19/Nov/2013:16:31:19 +0000] "GET /?q=user/register HTTP/1.1" 403 5996 "http://clinical-security.info/" "Mozilla/5.0 (Windows NT 6.1; WOW64) AppleWebKit/537.36 (KHTML, like Gecko) Chrome/28.0.1500.71 Safari/537.36"
178.73.196.192 - - [19/Nov/2013:16:31:20 +0000] "GET /?q=node/add HTTP/1.1" 403 6085 "http://clinical-security.info/" "Mozilla/5.0 (Windows NT 6.1; WOW64) AppleWebKit/537.36 (KHTML, like Gecko) Chrome/28.0.1500.71 Safari/537.36"
178.73.196.192 - - [19/Nov/2013:16:31:20 +0000] "GET /?q=user/register HTTP/1.1" 403 5996 "http://clinical-security.info/?q=node/add" "Mozilla/5.0 (Windows NT 6.1; WOW64) AppleWebKit/537.36 (KHTML, like Gecko) Chrome/28.0.1500.71 Safari/537.36"
220.181.108.79 - - [19/Nov/2013:16:33:08 +0000] "GET / HTTP/1.1" 200 8460 "-" "Mozilla/5.0 (compatible; Baiduspider/2.0; +http://www.baidu.com/search/spider.html)"
209.20.69.216 - - [19/Nov/2013:17:00:02 +0000] "GET /cron.php HTTP/1.0" 200 - "-" "Wget/1.12 (linux-gnu)"
157.55.32.62 - - [19/Nov/2013:17:27:42 +0000] "GET /robots.txt HTTP/1.1" 200 1521 "-" "Mozilla/5.0 (compatible; bingbot/2.0; +http://www.bing.com/bingbot.htm)"
157.55.32.62 - - [19/Nov/2013:17:28:09 +0000] "GET / HTTP/1.1" 200 8465 "-" "Mozilla/5.0 (compatible; bingbot/2.0; +http://www.bing.com/bingbot.htm)"
202.46.62.100 - - [19/Nov/2013:17:29:31 +0000] "GET / HTTP/1.1" 200 8465 "-" "Mozilla/4.0 (compatible; MSIE 7.0; Windows NT 6.0)"
119.63.193.196 - - [19/Nov/2013:17:30:19 +0000] "GET / HTTP/1.1" 200 8465 "-" "Mozilla/4.0 (compatible; MSIE 7.0; Windows NT 6.0)"
220.181.108.178 - - [19/Nov/2013:17:48:59 +0000] "GET / HTTP/1.1" 200 8460 "-" "Mozilla/5.0 (compatible; Baiduspider/2.0; +http://www.baidu.com/search/spider.html)"
123.125.71.79 - - [19/Nov/2013:17:50:08 +0000] "GET / HTTP/1.1" 200 8460 "-" "Mozilla/5.0 (compatible; Baiduspider/2.0; +http://www.baidu.com/search/spider.html)"
80.72.37.178 - - [19/Nov/2013:17:59:20 +0000] "GET /?q=user/register HTTP/1.1" 403 5996 "http://clinical-security.info/" "Mozilla/5.0 (Windows NT 6.1; WOW64) AppleWebKit/537.36 (KHTML, like Gecko) Chrome/28.0.1500.71 Safari/537.36"
80.72.37.178 - - [19/Nov/2013:17:59:22 +0000] "GET /?q=node/add HTTP/1.1" 403 6085 "http://clinical-security.info/" "Mozilla/5.0 (Windows NT 6.1; WOW64) AppleWebKit/537.36 (KHTML, like Gecko) Chrome/28.0.1500.71 Safari/537.36"
80.72.37.178 - - [19/Nov/2013:17:59:23 +0000] "GET /?q=user/register HTTP/1.1" 403 5996 "http://clinical-security.info/?q=node/add" "Mozilla/5.0 (Windows NT 6.1; WOW64) AppleWebKit/537.36 (KHTML, like Gecko) Chrome/28.0.1500.71 Safari/537.36"
209.20.69.216 - - [19/Nov/2013:18:00:01 +0000] "GET /cron.php HTTP/1.0" 200 - "-" "Wget/1.12 (linux-gnu)"
220.181.108.176 - - [19/Nov/2013:18:39:19 +0000] "GET / HTTP/1.1" 200 8460 "-" "Mozilla/5.0 (compatible; Baiduspider/2.0; +http://www.baidu.com/search/spider.html)"
79.133.200.202 - - [19/Nov/2013:18:39:40 +0000] "GET / HTTP/1.1" 200 8461 "http://clinical-security.info/" "Mozilla/5.0 (Windows NT 6.1; WOW64) AppleWebKit/537.36 (KHTML, like Gecko) Chrome/28.0.1500.71 Safari/537.36"
79.133.200.202 - - [19/Nov/2013:18:39:41 +0000] "GET /?q=node/add HTTP/1.1" 403 6085 "http://clinical-security.info/" "Mozilla/5.0 (Windows NT 6.1; WOW64) AppleWebKit/537.36 (KHTML, like Gecko) Chrome/28.0.1500.71 Safari/537.36"
79.133.200.202 - - [19/Nov/2013:18:39:41 +0000] "GET /?q=user/register HTTP/1.1" 403 5996 "http://clinical-security.info/?q=node/add" "Mozilla/5.0 (Windows NT 6.1; WOW64) AppleWebKit/537.36 (KHTML, like Gecko) Chrome/28.0.1500.71 Safari/537.36"
123.125.71.78 - - [19/Nov/2013:18:41:32 +0000] "GET / HTTP/1.1" 200 8460 "-" "Mozilla/5.0 (compatible; Baiduspider/2.0; +http://www.baidu.com/search/spider.html)"
209.20.69.216 - - [19/Nov/2013:19:00:01 +0000] "GET /cron.php HTTP/1.0" 200 - "-" "Wget/1.12 (linux-gnu)"
123.125.71.81 - - [19/Nov/2013:19:42:54 +0000] "GET / HTTP/1.1" 200 8460 "-" "Mozilla/5.0 (compatible; Baiduspider/2.0; +http://www.baidu.com/search/spider.html)"
220.181.108.142 - - [19/Nov/2013:19:50:01 +0000] "GET / HTTP/1.1" 200 8460 "-" "Mozilla/5.0 (compatible; Baiduspider/2.0; +http://www.baidu.com/search/spider.html)"
202.46.56.46 - - [19/Nov/2013:19:56:13 +0000] "GET / HTTP/1.1" 200 8460 "-" "Mozilla/4.0 (compatible; MSIE 7.0; Windows NT 6.0)"
119.63.193.131 - - [19/Nov/2013:19:56:20 +0000] "GET / HTTP/1.1" 200 8460 "-" "Mozilla/4.0 (compatible; MSIE 7.0; Windows NT 6.0)"
209.20.69.216 - - [19/Nov/2013:20:00:02 +0000] "GET /cron.php HTTP/1.0" 200 - "-" "Wget/1.12 (linux-gnu)"
80.72.36.202 - - [19/Nov/2013:20:25:04 +0000] "GET / HTTP/1.1" 200 8461 "http://clinical-security.info/" "Mozilla/5.0 (Windows NT 6.1; WOW64) AppleWebKit/537.36 (KHTML, like Gecko) Chrome/28.0.1500.71 Safari/537.36"
80.72.36.202 - - [19/Nov/2013:20:25:07 +0000] "GET /?q=node/add HTTP/1.1" 403 6085 "http://clinical-security.info/" "Mozilla/5.0 (Windows NT 6.1; WOW64) AppleWebKit/537.36 (KHTML, like Gecko) Chrome/28.0.1500.71 Safari/537.36"
80.72.36.202 - - [19/Nov/2013:20:25:07 +0000] "GET /?q=user/register HTTP/1.1" 403 5996 "http://clinical-security.info/?q=node/add" "Mozilla/5.0 (Windows NT 6.1; WOW64) AppleWebKit/537.36 (KHTML, like Gecko) Chrome/28.0.1500.71 Safari/537.36"
123.125.71.113 - - [19/Nov/2013:20:41:43 +0000] "GET / HTTP/1.1" 200 8460 "-" "Mozilla/5.0 (compatible; Baiduspider/2.0; +http://www.baidu.com/search/spider.html)"
220.181.108.158 - - [19/Nov/2013:20:42:56 +0000] "GET / HTTP/1.1" 200 8460 "-" "Mozilla/5.0 (compatible; Baiduspider/2.0; +http://www.baidu.com/search/spider.html)"
209.20.69.216 - - [19/Nov/2013:21:00:02 +0000] "GET /cron.php HTTP/1.0" 200 - "-" "Wget/1.12 (linux-gnu)"
119.63.193.195 - - [19/Nov/2013:21:27:50 +0000] "GET / HTTP/1.1" 200 8465 "-" "Mozilla/4.0 (compatible; MSIE 7.0; Windows NT 6.0)"
202.46.53.32 - - [19/Nov/2013:21:29:10 +0000] "GET / HTTP/1.1" 200 8465 "-" "Mozilla/4.0 (compatible; MSIE 7.0; Windows NT 6.0)"
123.125.71.86 - - [19/Nov/2013:21:30:25 +0000] "GET / HTTP/1.1" 200 8460 "-" "Mozilla/5.0 (compatible; Baiduspider/2.0; +http://www.baidu.com/search/spider.html)"
220.181.108.172 - - [19/Nov/2013:21:31:34 +0000] "GET / HTTP/1.1" 200 8460 "-" "Mozilla/5.0 (compatible; Baiduspider/2.0; +http://www.baidu.com/search/spider.html)"
209.20.69.216 - - [19/Nov/2013:22:00:01 +0000] "GET /cron.php HTTP/1.0" 200 - "-" "Wget/1.12 (linux-gnu)"
80.72.35.91 - - [19/Nov/2013:22:03:02 +0000] "GET / HTTP/1.1" 200 8461 "http://clinical-security.info/" "Mozilla/5.0 (Windows NT 6.1; WOW64) AppleWebKit/537.36 (KHTML, like Gecko) Chrome/28.0.1500.71 Safari/537.36"
80.72.35.91 - - [19/Nov/2013:22:03:04 +0000] "GET /?q=node/add HTTP/1.1" 403 6085 "http://clinical-security.info/" "Mozilla/5.0 (Windows NT 6.1; WOW64) AppleWebKit/537.36 (KHTML, like Gecko) Chrome/28.0.1500.71 Safari/537.36"
80.72.35.91 - - [19/Nov/2013:22:03:04 +0000] "GET /?q=user/register HTTP/1.1" 403 5996 "http://clinical-security.info/?q=node/add" "Mozilla/5.0 (Windows NT 6.1; WOW64) AppleWebKit/537.36 (KHTML, like Gecko) Chrome/28.0.1500.71 Safari/537.36"
123.125.71.97 - - [19/Nov/2013:22:29:17 +0000] "GET / HTTP/1.1" 200 8460 "-" "Mozilla/5.0 (compatible; Baiduspider/2.0; +http://www.baidu.com/search/spider.html)"
220.181.108.146 - - [19/Nov/2013:22:30:49 +0000] "GET / HTTP/1.1" 200 8460 "-" "Mozilla/5.0 (compatible; Baiduspider/2.0; +http://www.baidu.com/search/spider.html)"
178.73.196.192 - - [19/Nov/2013:22:56:20 +0000] "GET /?q=user/register HTTP/1.1" 403 5996 "http://clinical-security.info/" "Mozilla/5.0 (Windows NT 6.1; WOW64) AppleWebKit/537.36 (KHTML, like Gecko) Chrome/28.0.1500.71 Safari/537.36"
178.73.196.192 - - [19/Nov/2013:22:56:24 +0000] "GET /?q=node/add HTTP/1.1" 403 6085 "http://clinical-security.info/" "Mozilla/5.0 (Windows NT 6.1; WOW64) AppleWebKit/537.36 (KHTML, like Gecko) Chrome/28.0.1500.71 Safari/537.36"
178.73.196.192 - - [19/Nov/2013:22:56:24 +0000] "GET /?q=user/register HTTP/1.1" 403 5996 "http://clinical-security.info/?q=node/add" "Mozilla/5.0 (Windows NT 6.1; WOW64) AppleWebKit/537.36 (KHTML, like Gecko) Chrome/28.0.1500.71 Safari/537.36"
209.20.69.216 - - [19/Nov/2013:23:00:02 +0000] "GET /cron.php HTTP/1.0" 200 - "-" "Wget/1.12 (linux-gnu)"
66.249.75.130 - - [19/Nov/2013:23:04:41 +0000] "GET /robots.txt HTTP/1.1" 200 1521 "-" "Mozilla/5.0 (compatible; Googlebot/2.1; +http://www.google.com/bot.html)"
66.249.75.130 - - [19/Nov/2013:23:04:41 +0000] "GET /?q=node/20 HTTP/1.1" 200 9907 "-" "Mozilla/5.0 (iPhone; CPU iPhone OS 6_0 like Mac OS X) AppleWebKit/536.26 (KHTML, like Gecko) Version/6.0 Mobile/10A5376e Safari/8536.25 (compatible; Googlebot-Mobile/2.1; +http://www.google.com/bot.html)"
220.181.108.165 - - [19/Nov/2013:23:28:28 +0000] "GET / HTTP/1.1" 200 8460 "-" "Mozilla/5.0 (compatible; Baiduspider/2.0; +http://www.baidu.com/search/spider.html)"
123.125.71.85 - - [19/Nov/2013:23:29:31 +0000] "GET / HTTP/1.1" 200 8460 "-" "Mozilla/5.0 (compatible; Baiduspider/2.0; +http://www.baidu.com/search/spider.html)"
157.56.93.37 - - [19/Nov/2013:23:42:15 +0000] "GET /robots.txt HTTP/1.1" 200 1521 "-" "Mozilla/5.0 (compatible; bingbot/2.0; +http://www.bing.com/bingbot.htm)"
157.56.93.37 - - [19/Nov/2013:23:44:40 +0000] "GET /?q=aggregator/rss/1 HTTP/1.1" 200 314 "-" "Mozilla/5.0 (compatible; bingbot/2.0; +http://www.bing.com/bingbot.htm)"
157.56.93.148 - - [19/Nov/2013:23:51:21 +0000] "GET /robots.txt HTTP/1.1" 200 1521 "-" "Mozilla/5.0 (compatible; bingbot/2.0; +http://www.bing.com/bingbot.htm)"
157.56.93.148 - - [19/Nov/2013:23:53:01 +0000] "GET /?q=aggregator/rss HTTP/1.1" 200 280 "-" "Mozilla/5.0 (compatible; bingbot/2.0; +http://www.bing.com/bingbot.htm)"
209.20.69.216 - - [20/Nov/2013:00:00:01 +0000] "GET /cron.php HTTP/1.0" 200 - "-" "Wget/1.12 (linux-gnu)"
83.29.45.64 - - [20/Nov/2013:00:07:48 +0000] "GET /?q=user/register HTTP/1.1" 403 5996 "http://clinical-security.info/" "Mozilla/5.0 (Windows NT 6.1; WOW64) AppleWebKit/537.36 (KHTML, like Gecko) Chrome/28.0.1500.72 Safari/537.36"
46.249.58.90 - - [20/Nov/2013:00:07:51 +0000] "GET /?q=node/add HTTP/1.0" 403 6085 "http://clinical-security.info/" "Mozilla/5.0 (Windows NT 6.1; WOW64) AppleWebKit/537.36 (KHTML, like Gecko) Chrome/28.0.1500.72 Safari/537.36"
46.249.58.90 - - [20/Nov/2013:00:07:52 +0000] "GET /?q=user/register HTTP/1.0" 403 5996 "http://clinical-security.info/?q=node/add" "Mozilla/5.0 (Windows NT 6.1; WOW64) AppleWebKit/537.36 (KHTML, like Gecko) Chrome/28.0.1500.72 Safari/537.36"
80.72.36.202 - - [20/Nov/2013:00:08:28 +0000] "GET / HTTP/1.1" 200 8461 "http://clinical-security.info/" "Mozilla/5.0 (Windows NT 6.1; WOW64) AppleWebKit/537.36 (KHTML, like Gecko) Chrome/28.0.1500.72 Safari/537.36"
80.72.36.202 - - [20/Nov/2013:00:08:29 +0000] "GET /?q=node/add HTTP/1.1" 403 6085 "http://clinical-security.info/" "Mozilla/5.0 (Windows NT 6.1; WOW64) AppleWebKit/537.36 (KHTML, like Gecko) Chrome/28.0.1500.72 Safari/537.36"
80.72.36.202 - - [20/Nov/2013:00:08:29 +0000] "GET /?q=user/register HTTP/1.1" 403 5996 "http://clinical-security.info/?q=node/add" "Mozilla/5.0 (Windows NT 6.1; WOW64) AppleWebKit/537.36 (KHTML, like Gecko) Chrome/28.0.1500.72 Safari/537.36"
80.72.38.195 - - [20/Nov/2013:00:08:47 +0000] "GET /?q=user/register HTTP/1.1" 403 5996 "http://clinical-security.info/" "Mozilla/5.0 (Windows NT 6.1; WOW64) AppleWebKit/537.36 (KHTML, like Gecko) Chrome/28.0.1500.72 Safari/537.36"
80.72.38.195 - - [20/Nov/2013:00:08:48 +0000] "GET /?q=node/add HTTP/1.1" 403 6085 "http://clinical-security.info/" "Mozilla/5.0 (Windows NT 6.1; WOW64) AppleWebKit/537.36 (KHTML, like Gecko) Chrome/28.0.1500.72 Safari/537.36"
80.72.38.195 - - [20/Nov/2013:00:08:48 +0000] "GET /?q=user/register HTTP/1.1" 403 5996 "http://clinical-security.info/?q=node/add" "Mozilla/5.0 (Windows NT 6.1; WOW64) AppleWebKit/537.36 (KHTML, like Gecko) Chrome/28.0.1500.72 Safari/537.36"
220.181.108.165 - - [20/Nov/2013:00:27:09 +0000] "GET / HTTP/1.1" 200 8460 "-" "Mozilla/5.0 (compatible; Baiduspider/2.0; +http://www.baidu.com/search/spider.html)"
123.125.71.113 - - [20/Nov/2013:00:27:46 +0000] "GET / HTTP/1.1" 200 8460 "-" "Mozilla/5.0 (compatible; Baiduspider/2.0; +http://www.baidu.com/search/spider.html)"
80.72.36.202 - - [20/Nov/2013:00:36:54 +0000] "GET / HTTP/1.1" 200 8461 "http://clinical-security.info/" "Mozilla/5.0 (Windows NT 6.1; WOW64) AppleWebKit/537.36 (KHTML, like Gecko) Chrome/28.0.1500.72 Safari/537.36"
80.72.36.202 - - [20/Nov/2013:00:36:56 +0000] "GET /?q=node/add HTTP/1.1" 403 6085 "http://clinical-security.info/" "Mozilla/5.0 (Windows NT 6.1; WOW64) AppleWebKit/537.36 (KHTML, like Gecko) Chrome/28.0.1500.72 Safari/537.36"
80.72.36.202 - - [20/Nov/2013:00:36:56 +0000] "GET /?q=user/register HTTP/1.1" 403 5996 "http://clinical-security.info/?q=node/add" "Mozilla/5.0 (Windows NT 6.1; WOW64) AppleWebKit/537.36 (KHTML, like Gecko) Chrome/28.0.1500.72 Safari/537.36"
209.20.69.216 - - [20/Nov/2013:01:00:01 +0000] "GET /cron.php HTTP/1.0" 200 - "-" "Wget/1.12 (linux-gnu)"
123.125.71.78 - - [20/Nov/2013:01:26:58 +0000] "GET / HTTP/1.1" 200 8460 "-" "Mozilla/5.0 (compatible; Baiduspider/2.0; +http://www.baidu.com/search/spider.html)"
220.181.108.171 - - [20/Nov/2013:01:28:13 +0000] "GET / HTTP/1.1" 200 8460 "-" "Mozilla/5.0 (compatible; Baiduspider/2.0; +http://www.baidu.com/search/spider.html)"
80.72.36.202 - - [20/Nov/2013:01:49:15 +0000] "GET / HTTP/1.1" 200 8461 "http://clinical-security.info/" "Mozilla/5.0 (Windows NT 6.1; WOW64) AppleWebKit/537.36 (KHTML, like Gecko) Chrome/28.0.1500.72 Safari/537.36"
80.72.36.202 - - [20/Nov/2013:01:49:19 +0000] "GET /?q=node/add HTTP/1.1" 403 6085 "http://clinical-security.info/" "Mozilla/5.0 (Windows NT 6.1; WOW64) AppleWebKit/537.36 (KHTML, like Gecko) Chrome/28.0.1500.72 Safari/537.36"
80.72.36.202 - - [20/Nov/2013:01:49:20 +0000] "GET /?q=user/register HTTP/1.1" 403 5996 "http://clinical-security.info/?q=node/add" "Mozilla/5.0 (Windows NT 6.1; WOW64) AppleWebKit/537.36 (KHTML, like Gecko) Chrome/28.0.1500.72 Safari/537.36"
80.72.38.195 - - [20/Nov/2013:01:57:33 +0000] "GET /?q=user/register HTTP/1.1" 403 5996 "http://clinical-security.info/" "Mozilla/5.0 (Windows NT 6.1; WOW64) AppleWebKit/537.36 (KHTML, like Gecko) Chrome/28.0.1500.72 Safari/537.36"
80.72.38.195 - - [20/Nov/2013:01:57:36 +0000] "GET /?q=node/add HTTP/1.1" 403 6085 "http://clinical-security.info/" "Mozilla/5.0 (Windows NT 6.1; WOW64) AppleWebKit/537.36 (KHTML, like Gecko) Chrome/28.0.1500.72 Safari/537.36"
80.72.38.195 - - [20/Nov/2013:01:57:36 +0000] "GET /?q=user/register HTTP/1.1" 403 5996 "http://clinical-security.info/?q=node/add" "Mozilla/5.0 (Windows NT 6.1; WOW64) AppleWebKit/537.36 (KHTML, like Gecko) Chrome/28.0.1500.72 Safari/537.36"
209.20.69.216 - - [20/Nov/2013:02:00:02 +0000] "GET /cron.php HTTP/1.0" 200 - "-" "Wget/1.12 (linux-gnu)"
192.184.85.116 - - [20/Nov/2013:02:30:07 +0000] "GET / HTTP/1.0" 200 8461 "http://clinical-security.info/" "Mozilla/5.0 (Windows NT 6.1; WOW64) AppleWebKit/537.36 (KHTML, like Gecko) Chrome/28.0.1500.72 Safari/537.36"
192.184.85.116 - - [20/Nov/2013:02:30:10 +0000] "GET /?q=node/add HTTP/1.0" 403 6085 "http://clinical-security.info/" "Mozilla/5.0 (Windows NT 6.1; WOW64) AppleWebKit/537.36 (KHTML, like Gecko) Chrome/28.0.1500.72 Safari/537.36"
192.184.85.116 - - [20/Nov/2013:02:30:11 +0000] "GET /?q=user/register HTTP/1.0" 403 5996 "http://clinical-security.info/?q=node/add" "Mozilla/5.0 (Windows NT 6.1; WOW64) AppleWebKit/537.36 (KHTML, like Gecko) Chrome/28.0.1500.72 Safari/537.36"
123.125.71.86 - - [20/Nov/2013:02:35:33 +0000] "GET / HTTP/1.1" 200 8460 "-" "Mozilla/5.0 (compatible; Baiduspider/2.0; +http://www.baidu.com/search/spider.html)"
220.181.108.154 - - [20/Nov/2013:02:38:00 +0000] "GET / HTTP/1.1" 200 8460 "-" "Mozilla/5.0 (compatible; Baiduspider/2.0; +http://www.baidu.com/search/spider.html)"
209.20.69.216 - - [20/Nov/2013:03:00:02 +0000] "GET /cron.php HTTP/1.0" 200 - "-" "Wget/1.12 (linux-gnu)"
188.126.69.219 - - [20/Nov/2013:03:22:34 +0000] "GET /?q=user/register HTTP/1.1" 403 5996 "http://clinical-security.info/" "Mozilla/5.0 (Windows NT 6.1; WOW64) AppleWebKit/537.36 (KHTML, like Gecko) Chrome/28.0.1500.72 Safari/537.36"
188.126.69.219 - - [20/Nov/2013:03:22:37 +0000] "GET /?q=node/add HTTP/1.1" 403 6085 "http://clinical-security.info/" "Mozilla/5.0 (Windows NT 6.1; WOW64) AppleWebKit/537.36 (KHTML, like Gecko) Chrome/28.0.1500.72 Safari/537.36"
188.126.69.219 - - [20/Nov/2013:03:22:38 +0000] "GET /?q=user/register HTTP/1.1" 403 5996 "http://clinical-security.info/?q=node/add" "Mozilla/5.0 (Windows NT 6.1; WOW64) AppleWebKit/537.36 (KHTML, like Gecko) Chrome/28.0.1500.72 Safari/537.36"
66.249.75.130 - - [20/Nov/2013:03:35:45 +0000] "GET / HTTP/1.1" 200 8460 "-" "Mozilla/5.0 (compatible; Googlebot/2.1; +http://www.google.com/bot.html)"
80.72.36.202 - - [20/Nov/2013:03:38:58 +0000] "GET / HTTP/1.1" 200 8461 "http://clinical-security.info/" "Mozilla/5.0 (Windows NT 6.1; WOW64) AppleWebKit/537.36 (KHTML, like Gecko) Chrome/28.0.1500.72 Safari/537.36"
80.72.36.202 - - [20/Nov/2013:03:39:00 +0000] "GET /?q=node/add HTTP/1.1" 403 6085 "http://clinical-security.info/" "Mozilla/5.0 (Windows NT 6.1; WOW64) AppleWebKit/537.36 (KHTML, like Gecko) Chrome/28.0.1500.72 Safari/537.36"
80.72.36.202 - - [20/Nov/2013:03:39:01 +0000] "GET /?q=user/register HTTP/1.1" 403 5996 "http://clinical-security.info/?q=node/add" "Mozilla/5.0 (Windows NT 6.1; WOW64) AppleWebKit/537.36 (KHTML, like Gecko) Chrome/28.0.1500.72 Safari/537.36"
220.181.108.144 - - [20/Nov/2013:03:45:09 +0000] "GET / HTTP/1.1" 200 8460 "-" "Mozilla/5.0 (compatible; Baiduspider/2.0; +http://www.baidu.com/search/spider.html)"
119.63.193.130 - - [20/Nov/2013:03:52:13 +0000] "GET / HTTP/1.1" 200 8460 "-" "Mozilla/4.0 (compatible; MSIE 7.0; Windows NT 6.0)"
202.46.61.21 - - [20/Nov/2013:03:54:54 +0000] "GET / HTTP/1.1" 200 8460 "-" "Mozilla/4.0 (compatible; MSIE 7.0; Windows NT 6.0)"
209.20.69.216 - - [20/Nov/2013:04:00:02 +0000] "GET /cron.php HTTP/1.0" 200 - "-" "Wget/1.12 (linux-gnu)"
80.72.35.86 - - [20/Nov/2013:04:04:29 +0000] "GET / HTTP/1.1" 200 8461 "http://clinical-security.info/" "Mozilla/5.0 (Windows NT 6.1; WOW64) AppleWebKit/537.36 (KHTML, like Gecko) Chrome/28.0.1500.72 Safari/537.36"
80.72.35.86 - - [20/Nov/2013:04:04:31 +0000] "GET /?q=node/add HTTP/1.1" 403 6085 "http://clinical-security.info/" "Mozilla/5.0 (Windows NT 6.1; WOW64) AppleWebKit/537.36 (KHTML, like Gecko) Chrome/28.0.1500.72 Safari/537.36"
80.72.35.86 - - [20/Nov/2013:04:04:32 +0000] "GET /?q=user/register HTTP/1.1" 403 5996 "http://clinical-security.info/?q=node/add" "Mozilla/5.0 (Windows NT 6.1; WOW64) AppleWebKit/537.36 (KHTML, like Gecko) Chrome/28.0.1500.72 Safari/537.36"
94.102.53.229 - - [20/Nov/2013:04:06:55 +0000] "POST /cgi-bin/php5?%2D%64+%61%6C%6C%6F%77%5F%75%72%6C%5F%69%6E%63%6C%75%64%65%3D%6F%6E+%2D%64+%73%61%66%65%5F%6D%6F%64%65%3D%6F%66%66+%2D%64+%73%75%68%6F%73%69%6E%2E%73%69%6D%75%6C%61%74%69%6F%6E%3D%6F%6E+%2D%64+%64%69%73%61%62%6C%65%5F%66%75%6E%63%74%69%6F%6E%73%3D%22%22+%2D%64+%6F%70%65%6E%5F%62%61%73%65%64%69%72%3D%6E%6F%6E%65+%2D%64+%61%75%74%6F%5F%70%72%65%70%65%6E%64%5F%66%69%6C%65%3D%70%68%70%3A%2F%2F%69%6E%70%75%74+%2D%64+%63%67%69%2E%66%6F%72%63%65%5F%72%65%64%69%72%65%63%74%3D%30+%2D%64+%63%67%69%2E%72%65%64%69%72%65%63%74%5F%73%74%61%74%75%73%5F%65%6E%76%3D%30+%2D%6E HTTP/1.1" 404 290 "-" "-"
80.72.35.86 - - [20/Nov/2013:04:09:04 +0000] "GET /?q=user/register HTTP/1.1" 403 5996 "http://clinical-security.info/" "Mozilla/5.0 (Windows NT 6.1; WOW64) AppleWebKit/537.36 (KHTML, like Gecko) Chrome/28.0.1500.72 Safari/537.36"
