209.20.69.216 - - [06/Dec/2013:19:00:01 +0000] "GET /cron.php HTTP/1.0" 200 - "-" "Wget/1.12 (linux-gnu)"
216.48.173.34 - - [06/Dec/2013:19:07:31 +0000] "\x80w\x01\x03\x01" 200 8439 "-" "-"
216.48.173.34 - - [06/Dec/2013:19:07:33 +0000] "GET /HNAP1/ HTTP/1.1" 404 284 "http://209.20.69.216/" "Mozilla/4.0 (compatible; Opera/3.0; Windows 4.10) 3.51 [en]"
66.249.73.232 - - [06/Dec/2013:19:24:12 +0000] "GET /robots.txt HTTP/1.1" 200 1521 "-" "Mozilla/5.0 (compatible; Googlebot/2.1; +http://www.google.com/bot.html)"
119.63.193.195 - - [06/Dec/2013:19:29:22 +0000] "GET / HTTP/1.1" 200 8461 "-" "Mozilla/4.0 (compatible; MSIE 7.0; Windows NT 6.0)"
65.55.24.236 - - [06/Dec/2013:19:31:27 +0000] "GET /?q=user HTTP/1.1" 200 8287 "-" "Mozilla/5.0 (compatible; bingbot/2.0; +http://www.bing.com/bingbot.htm)"
123.125.71.95 - - [06/Dec/2013:19:38:42 +0000] "GET / HTTP/1.1" 200 8460 "-" "Mozilla/5.0 (compatible; Baiduspider/2.0; +http://www.baidu.com/search/spider.html)"
220.181.108.79 - - [06/Dec/2013:19:40:59 +0000] "GET / HTTP/1.1" 200 8460 "-" "Mozilla/5.0 (compatible; Baiduspider/2.0; +http://www.baidu.com/search/spider.html)"
209.20.69.216 - - [06/Dec/2013:20:00:02 +0000] "GET /cron.php HTTP/1.0" 200 - "-" "Wget/1.12 (linux-gnu)"
66.249.73.146 - - [06/Dec/2013:20:02:48 +0000] "GET /?q=aggregator/opml HTTP/1.1" 200 291 "-" "Mozilla/5.0 (compatible; Googlebot/2.1; +http://www.google.com/bot.html)"
65.55.52.95 - - [06/Dec/2013:20:08:07 +0000] "GET /robots.txt HTTP/1.1" 200 1521 "-" "Mozilla/5.0 (compatible; bingbot/2.0; +http://www.bing.com/bingbot.htm)"
65.55.52.95 - - [06/Dec/2013:20:08:44 +0000] "GET / HTTP/1.1" 200 8460 "-" "Mozilla/5.0 (compatible; bingbot/2.0; +http://www.bing.com/bingbot.htm)"
123.125.71.115 - - [06/Dec/2013:20:35:02 +0000] "GET / HTTP/1.1" 200 8460 "-" "Mozilla/5.0 (compatible; Baiduspider/2.0; +http://www.baidu.com/search/spider.html)"
220.181.108.175 - - [06/Dec/2013:20:35:53 +0000] "GET / HTTP/1.1" 200 8460 "-" "Mozilla/5.0 (compatible; Baiduspider/2.0; +http://www.baidu.com/search/spider.html)"
199.30.20.69 - - [06/Dec/2013:20:52:17 +0000] "GET /robots.txt HTTP/1.1" 200 1521 "-" "msnbot-media/1.1 (+http://search.msn.com/msnbot.htm)"
199.30.20.69 - - [06/Dec/2013:20:52:17 +0000] "GET /sites/default/files/images/Roe.png HTTP/1.1" 200 86520 "-" "msnbot-media/1.1 (+http://search.msn.com/msnbot.htm)"
65.55.215.79 - - [06/Dec/2013:20:55:07 +0000] "GET /robots.txt HTTP/1.1" 200 1521 "-" "msnbot-media/1.1 (+http://search.msn.com/msnbot.htm)"
65.55.215.79 - - [06/Dec/2013:20:55:07 +0000] "GET /sites/default/files/images/Daly.png HTTP/1.1" 200 97598 "-" "msnbot-media/1.1 (+http://search.msn.com/msnbot.htm)"
209.20.69.216 - - [06/Dec/2013:21:00:02 +0000] "GET /cron.php HTTP/1.0" 200 - "-" "Wget/1.12 (linux-gnu)"
119.63.193.196 - - [06/Dec/2013:21:28:45 +0000] "GET / HTTP/1.1" 200 8465 "-" "Mozilla/4.0 (compatible; MSIE 7.0; Windows NT 6.0)"
123.125.71.99 - - [06/Dec/2013:21:30:09 +0000] "GET / HTTP/1.1" 200 8460 "-" "Mozilla/5.0 (compatible; Baiduspider/2.0; +http://www.baidu.com/search/spider.html)"
220.181.108.174 - - [06/Dec/2013:21:31:27 +0000] "GET / HTTP/1.1" 200 8460 "-" "Mozilla/5.0 (compatible; Baiduspider/2.0; +http://www.baidu.com/search/spider.html)"
183.60.48.25 - - [06/Dec/2013:21:34:38 +0000] "GET http://www.baidu.com/ HTTP/1.1" 200 8452 "-" "-"
183.60.48.25 - - [06/Dec/2013:21:35:10 +0000] "GET http://www.baidu.com/ HTTP/1.1" 200 8452 "-" "-"
183.60.48.25 - - [06/Dec/2013:21:35:21 +0000] "GET http://www.baidu.com/ HTTP/1.1" 200 8452 "-" "-"
183.60.48.25 - - [06/Dec/2013:21:35:27 +0000] "GET http://www.baidu.com/ HTTP/1.1" 200 8452 "-" "-"
183.60.48.25 - - [06/Dec/2013:21:35:42 +0000] "GET http://www.baidu.com/ HTTP/1.1" 200 8452 "-" "-"
183.60.48.25 - - [06/Dec/2013:21:35:49 +0000] "GET http://www.baidu.com/ HTTP/1.1" 200 8452 "-" "-"
183.60.48.25 - - [06/Dec/2013:21:36:18 +0000] "GET http://www.baidu.com/ HTTP/1.1" 200 8452 "-" "-"
180.76.6.158 - - [06/Dec/2013:21:46:26 +0000] "GET /?q=blog/0 HTTP/1.1" 403 5996 "-" "Mozilla/5.0 (compatible; Baiduspider/2.0; +http://www.baidu.com/search/spider.html)"
65.55.215.39 - - [06/Dec/2013:21:59:18 +0000] "GET /robots.txt HTTP/1.1" 200 1521 "-" "msnbot-media/1.1 (+http://search.msn.com/msnbot.htm)"
65.55.215.39 - - [06/Dec/2013:21:59:18 +0000] "GET /sites/default/files/images/Bonenfont.png HTTP/1.1" 200 87498 "-" "msnbot-media/1.1 (+http://search.msn.com/msnbot.htm)"
209.20.69.216 - - [06/Dec/2013:22:00:02 +0000] "GET /cron.php HTTP/1.0" 200 - "-" "Wget/1.12 (linux-gnu)"
101.71.21.1 - - [06/Dec/2013:22:11:30 +0000] "HEAD / HTTP/1.0" 200 - "-" "-"
198.27.75.80 - - [06/Dec/2013:22:11:50 +0000] "GET /?q=node/30 HTTP/1.0" 200 8217 "http://clinical-security.com/?q=node/30" "Mozilla/5.0 (X11; Ubuntu; Linux x86_64; rv:16.0) Gecko/20100101 Firefox/16.0"
198.27.75.80 - - [06/Dec/2013:22:11:51 +0000] "GET /?q=user HTTP/1.0" 200 8287 "http://clinical-security.com/?q=user" "Mozilla/5.0 (X11; Ubuntu; Linux x86_64; rv:16.0) Gecko/20100101 Firefox/16.0"
198.27.75.80 - - [06/Dec/2013:22:11:52 +0000] "POST /?q=user HTTP/1.0" 200 8444 "http://clinical-security.com/?q=user" "Mozilla/5.0 (X11; Ubuntu; Linux x86_64; rv:16.0) Gecko/20100101 Firefox/16.0"
198.27.75.80 - - [06/Dec/2013:22:11:52 +0000] "GET /?q=node/25 HTTP/1.0" 200 8019 "http://clinical-security.com/?q=node/25" "Mozilla/5.0 (X11; Ubuntu; Linux x86_64; rv:16.0) Gecko/20100101 Firefox/16.0"
123.125.71.113 - - [06/Dec/2013:22:29:43 +0000] "GET / HTTP/1.1" 200 8460 "-" "Mozilla/5.0 (compatible; Baiduspider/2.0; +http://www.baidu.com/search/spider.html)"
220.181.108.165 - - [06/Dec/2013:22:32:28 +0000] "GET / HTTP/1.1" 200 8460 "-" "Mozilla/5.0 (compatible; Baiduspider/2.0; +http://www.baidu.com/search/spider.html)"
209.20.69.216 - - [06/Dec/2013:23:00:02 +0000] "GET /cron.php HTTP/1.0" 200 - "-" "Wget/1.12 (linux-gnu)"
109.169.29.30 - - [06/Dec/2013:23:09:09 +0000] "GET /robots.txt HTTP/1.1" 200 1521 "-" "Mozilla/5.0 (compatible; aiHitBot/2.8; +http://endb-consolidated.aihit.com/)"
109.169.29.30 - - [06/Dec/2013:23:09:13 +0000] "GET / HTTP/1.1" 200 8464 "-" "Mozilla/5.0 (compatible; aiHitBot/2.8; +http://endb-consolidated.aihit.com/)"
109.169.29.30 - - [06/Dec/2013:23:09:17 +0000] "GET /robots.txt HTTP/1.1" 200 1521 "-" "Mozilla/5.0 (compatible; aiHitBot/2.8; +http://endb-consolidated.aihit.com/)"
109.169.29.30 - - [06/Dec/2013:23:09:20 +0000] "GET /?q=node/20 HTTP/1.1" 200 9907 "-" "Mozilla/5.0 (compatible; aiHitBot/2.8; +http://endb-consolidated.aihit.com/)"
109.169.29.30 - - [06/Dec/2013:23:09:24 +0000] "GET /?q=node/32 HTTP/1.1" 200 7670 "-" "Mozilla/5.0 (compatible; aiHitBot/2.8; +http://endb-consolidated.aihit.com/)"
109.169.29.30 - - [06/Dec/2013:23:09:28 +0000] "GET /?q=contact HTTP/1.1" 200 8673 "-" "Mozilla/5.0 (compatible; aiHitBot/2.8; +http://endb-consolidated.aihit.com/)"
109.169.29.30 - - [06/Dec/2013:23:09:32 +0000] "GET /?q=node/18 HTTP/1.1" 200 10959 "-" "Mozilla/5.0 (compatible; aiHitBot/2.8; +http://endb-consolidated.aihit.com/)"
109.169.29.30 - - [06/Dec/2013:23:09:36 +0000] "GET /?q=node/19 HTTP/1.1" 200 8080 "-" "Mozilla/5.0 (compatible; aiHitBot/2.8; +http://endb-consolidated.aihit.com/)"
109.169.29.30 - - [06/Dec/2013:23:09:40 +0000] "GET /?q=node/23 HTTP/1.1" 200 9061 "-" "Mozilla/5.0 (compatible; aiHitBot/2.8; +http://endb-consolidated.aihit.com/)"
109.169.29.30 - - [06/Dec/2013:23:09:43 +0000] "GET /?q=node/24 HTTP/1.1" 200 7729 "-" "Mozilla/5.0 (compatible; aiHitBot/2.8; +http://endb-consolidated.aihit.com/)"
109.169.29.30 - - [06/Dec/2013:23:09:47 +0000] "GET /?q=node/25 HTTP/1.1" 200 8019 "-" "Mozilla/5.0 (compatible; aiHitBot/2.8; +http://endb-consolidated.aihit.com/)"
109.169.29.30 - - [06/Dec/2013:23:09:51 +0000] "GET /?q=node/26 HTTP/1.1" 200 7309 "-" "Mozilla/5.0 (compatible; aiHitBot/2.8; +http://endb-consolidated.aihit.com/)"
109.169.29.30 - - [06/Dec/2013:23:09:55 +0000] "GET /?q=node/30 HTTP/1.1" 200 8217 "-" "Mozilla/5.0 (compatible; aiHitBot/2.8; +http://endb-consolidated.aihit.com/)"
109.169.29.30 - - [06/Dec/2013:23:09:58 +0000] "GET /?q=node/31 HTTP/1.1" 200 8092 "-" "Mozilla/5.0 (compatible; aiHitBot/2.8; +http://endb-consolidated.aihit.com/)"
109.169.29.30 - - [06/Dec/2013:23:10:02 +0000] "GET /?q=blogapi/rsd HTTP/1.1" 200 635 "-" "Mozilla/5.0 (compatible; aiHitBot/2.8; +http://endb-consolidated.aihit.com/)"
109.169.29.30 - - [06/Dec/2013:23:10:06 +0000] "GET /?q=user HTTP/1.1" 200 8287 "-" "Mozilla/5.0 (compatible; aiHitBot/2.8; +http://endb-consolidated.aihit.com/)"
157.56.93.186 - - [06/Dec/2013:23:27:29 +0000] "GET /robots.txt HTTP/1.1" 200 1521 "-" "Mozilla/5.0 (compatible; bingbot/2.0; +http://www.bing.com/bingbot.htm)"
123.125.71.92 - - [06/Dec/2013:23:28:23 +0000] "GET / HTTP/1.1" 200 8460 "-" "Mozilla/5.0 (compatible; Baiduspider/2.0; +http://www.baidu.com/search/spider.html)"
157.56.93.186 - - [06/Dec/2013:23:30:00 +0000] "GET / HTTP/1.1" 200 8465 "-" "Mozilla/5.0 (compatible; bingbot/2.0; +http://www.bing.com/bingbot.htm)"
220.181.108.175 - - [06/Dec/2013:23:30:13 +0000] "GET / HTTP/1.1" 200 8460 "-" "Mozilla/5.0 (compatible; Baiduspider/2.0; +http://www.baidu.com/search/spider.html)"
65.55.24.236 - - [06/Dec/2013:23:48:54 +0000] "GET /robots.txt HTTP/1.1" 200 1521 "-" "Mozilla/5.0 (compatible; bingbot/2.0; +http://www.bing.com/bingbot.htm)"
216.244.83.218 - - [06/Dec/2013:23:53:03 +0000] "GET /?q=node/30 HTTP/1.0" 200 8217 "http://clinical-security.com/?q=node/30" "Mozilla/5.0 (Windows NT 6.2) AppleWebKit/537.11 (KHTML, like Gecko) Chrome/23.0.1271.64 Safari/537.11"
216.244.83.218 - - [06/Dec/2013:23:53:05 +0000] "GET /?q=user/register HTTP/1.0" 403 5996 "http://clinical-security.com/?q=user/register" "Mozilla/5.0 (Windows NT 6.2) AppleWebKit/537.11 (KHTML, like Gecko) Chrome/23.0.1271.64 Safari/537.11"
216.244.83.218 - - [06/Dec/2013:23:53:06 +0000] "GET / HTTP/1.0" 200 8460 "http://clinical-security.com/?q=user/register" "Mozilla/5.0 (Windows NT 6.2) AppleWebKit/537.11 (KHTML, like Gecko) Chrome/23.0.1271.64 Safari/537.11"
119.63.193.194 - - [06/Dec/2013:23:56:03 +0000] "GET / HTTP/1.1" 200 8460 "-" "Mozilla/4.0 (compatible; MSIE 7.0; Windows NT 6.0)"
209.20.69.216 - - [07/Dec/2013:00:00:02 +0000] "GET /cron.php HTTP/1.0" 200 - "-" "Wget/1.12 (linux-gnu)"
123.125.71.71 - - [07/Dec/2013:00:29:42 +0000] "GET / HTTP/1.1" 200 8460 "-" "Mozilla/5.0 (compatible; Baiduspider/2.0; +http://www.baidu.com/search/spider.html)"
220.181.108.144 - - [07/Dec/2013:00:30:22 +0000] "GET / HTTP/1.1" 200 8460 "-" "Mozilla/5.0 (compatible; Baiduspider/2.0; +http://www.baidu.com/search/spider.html)"
199.21.99.100 - - [07/Dec/2013:00:39:24 +0000] "GET /robots.txt HTTP/1.1" 200 1521 "-" "Mozilla/5.0 (compatible; YandexBot/3.0; +http://yandex.com/bots)"
66.249.73.146 - - [07/Dec/2013:00:54:44 +0000] "GET /?q=node/23 HTTP/1.1" 200 9061 "-" "Mozilla/5.0 (iPhone; CPU iPhone OS 6_0 like Mac OS X) AppleWebKit/536.26 (KHTML, like Gecko) Version/6.0 Mobile/10A5376e Safari/8536.25 (compatible; Googlebot-Mobile/2.1; +http://www.google.com/bot.html)"
157.56.93.186 - - [07/Dec/2013:00:58:11 +0000] "GET /robots.txt HTTP/1.1" 200 1521 "-" "Mozilla/5.0 (compatible; bingbot/2.0; +http://www.bing.com/bingbot.htm)"
209.20.69.216 - - [07/Dec/2013:01:00:02 +0000] "GET /cron.php HTTP/1.0" 200 - "-" "Wget/1.12 (linux-gnu)"
157.56.93.186 - - [07/Dec/2013:01:00:05 +0000] "GET / HTTP/1.1" 200 8461 "-" "Mozilla/5.0 (compatible; bingbot/2.0; +http://www.bing.com/bingbot.htm)"
216.244.83.218 - - [07/Dec/2013:01:24:20 +0000] "GET /?q=node/30 HTTP/1.0" 200 8217 "http://clinical-security.com/?q=node/30" "Mozilla/5.0 (Windows NT 5.1; rv:7.0) Gecko/20100101 Firefox/7.0"
216.244.83.218 - - [07/Dec/2013:01:24:24 +0000] "GET /?q=user/register HTTP/1.0" 403 5996 "http://clinical-security.com/?q=user/register" "Mozilla/5.0 (Windows NT 5.1; rv:7.0) Gecko/20100101 Firefox/7.0"
216.244.83.218 - - [07/Dec/2013:01:24:24 +0000] "GET / HTTP/1.0" 200 8460 "http://clinical-security.com/?q=user/register" "Mozilla/5.0 (Windows NT 5.1; rv:7.0) Gecko/20100101 Firefox/7.0"
123.125.71.110 - - [07/Dec/2013:01:27:08 +0000] "GET / HTTP/1.1" 200 8460 "-" "Mozilla/5.0 (compatible; Baiduspider/2.0; +http://www.baidu.com/search/spider.html)"
220.181.108.178 - - [07/Dec/2013:01:28:54 +0000] "GET / HTTP/1.1" 200 8460 "-" "Mozilla/5.0 (compatible; Baiduspider/2.0; +http://www.baidu.com/search/spider.html)"
209.20.69.216 - - [07/Dec/2013:02:00:02 +0000] "GET /cron.php HTTP/1.0" 200 - "-" "Wget/1.12 (linux-gnu)"
199.21.99.100 - - [07/Dec/2013:02:17:16 +0000] "GET /sites/default/files/images/Bonenfont.png HTTP/1.1" 304 - "-" "Mozilla/5.0 (compatible; YandexImages/3.0; +http://yandex.com/bots)"
5.254.144.88 - - [07/Dec/2013:02:32:20 +0000] "GET /?q=user/register++++++++++++++++++++++++++++++++++++Result:+no+post+sending+forms+are+found; HTTP/1.0" 404 5342 "http://clinical-security.com/?q=user/register++++++++++++++++++++++++++++++++++++Result:+no+post+sending+forms+are+found;" "Mozilla/5.0 (Windows NT 5.1; rv:17.0) Gecko/20100101 Firefox/17.0"
5.254.144.88 - - [07/Dec/2013:02:32:25 +0000] "GET / HTTP/1.0" 200 8460 "http://clinical-security.com/" "Mozilla/5.0 (Windows NT 5.1; rv:17.0) Gecko/20100101 Firefox/17.0"
5.254.144.88 - - [07/Dec/2013:02:32:28 +0000] "GET /?q=user/register HTTP/1.0" 403 5996 "http://clinical-security.com/?q=user/register" "Mozilla/5.0 (Windows NT 5.1; rv:17.0) Gecko/20100101 Firefox/17.0"
5.254.144.88 - - [07/Dec/2013:02:32:28 +0000] "GET / HTTP/1.0" 200 8460 "http://clinical-security.com/?q=user/register" "Mozilla/5.0 (Windows NT 5.1; rv:17.0) Gecko/20100101 Firefox/17.0"
123.125.71.70 - - [07/Dec/2013:02:34:14 +0000] "GET / HTTP/1.1" 200 8460 "-" "Mozilla/5.0 (compatible; Baiduspider/2.0; +http://www.baidu.com/search/spider.html)"
220.181.108.180 - - [07/Dec/2013:02:36:35 +0000] "GET / HTTP/1.1" 200 8460 "-" "Mozilla/5.0 (compatible; Baiduspider/2.0; +http://www.baidu.com/search/spider.html)"
216.244.83.218 - - [07/Dec/2013:02:49:47 +0000] "GET /?q=node/30 HTTP/1.0" 200 8217 "http://clinical-security.com/?q=node/30" "Opera/9.80 (Windows NT 6.1; WOW64; MRA 8.0 (build 5880)) Presto/2.12.388 Version/12.11"
216.244.83.218 - - [07/Dec/2013:02:49:49 +0000] "GET /?q=user/register HTTP/1.0" 403 5996 "http://clinical-security.com/?q=user/register" "Opera/9.80 (Windows NT 6.1; WOW64; MRA 8.0 (build 5880)) Presto/2.12.388 Version/12.11"
216.244.83.218 - - [07/Dec/2013:02:49:50 +0000] "GET / HTTP/1.0" 200 8460 "http://clinical-security.com/?q=user/register" "Opera/9.80 (Windows NT 6.1; WOW64; MRA 8.0 (build 5880)) Presto/2.12.388 Version/12.11"
124.32.177.202 - - [07/Dec/2013:02:53:56 +0000] "HEAD http://209.20.69.216:80/mysql/admin/ HTTP/1.1" 404 - "-" "revolt"
124.32.177.202 - - [07/Dec/2013:02:53:57 +0000] "HEAD http://209.20.69.216:80/mysql/dbadmin/ HTTP/1.1" 404 - "-" "revolt"
124.32.177.202 - - [07/Dec/2013:02:53:57 +0000] "HEAD http://209.20.69.216:80/mysql/sqlmanager/ HTTP/1.1" 404 - "-" "revolt"
124.32.177.202 - - [07/Dec/2013:02:53:57 +0000] "HEAD http://209.20.69.216:80/mysql/mysqlmanager/ HTTP/1.1" 404 - "-" "revolt"
124.32.177.202 - - [07/Dec/2013:02:53:58 +0000] "HEAD http://209.20.69.216:80/phpmyadmin/ HTTP/1.1" 404 - "-" "revolt"
124.32.177.202 - - [07/Dec/2013:02:53:58 +0000] "HEAD http://209.20.69.216:80/phpMyadmin/ HTTP/1.1" 404 - "-" "revolt"
124.32.177.202 - - [07/Dec/2013:02:53:58 +0000] "HEAD http://209.20.69.216:80/phpMyAdmin/ HTTP/1.1" 404 - "-" "revolt"
124.32.177.202 - - [07/Dec/2013:02:53:59 +0000] "HEAD http://209.20.69.216:80/phpmyAdmin/ HTTP/1.1" 404 - "-" "revolt"
124.32.177.202 - - [07/Dec/2013:02:53:59 +0000] "HEAD http://209.20.69.216:80/phpmyadmin2/ HTTP/1.1" 404 - "-" "revolt"
124.32.177.202 - - [07/Dec/2013:02:53:59 +0000] "HEAD http://209.20.69.216:80/2phpmyadmin/ HTTP/1.1" 404 - "-" "revolt"
124.32.177.202 - - [07/Dec/2013:02:54:00 +0000] "HEAD http://209.20.69.216:80/phpmy/ HTTP/1.1" 404 - "-" "revolt"
124.32.177.202 - - [07/Dec/2013:02:54:00 +0000] "HEAD http://209.20.69.216:80/phppma/ HTTP/1.1" 404 - "-" "revolt"
124.32.177.202 - - [07/Dec/2013:02:54:00 +0000] "HEAD http://209.20.69.216:80/myadmin/ HTTP/1.1" 404 - "-" "revolt"
124.32.177.202 - - [07/Dec/2013:02:54:01 +0000] "HEAD http://209.20.69.216:80/MyAdmin/ HTTP/1.1" 404 - "-" "revolt"
124.32.177.202 - - [07/Dec/2013:02:54:01 +0000] "HEAD http://209.20.69.216:80/program/ HTTP/1.1" 404 - "-" "revolt"
124.32.177.202 - - [07/Dec/2013:02:54:01 +0000] "HEAD http://209.20.69.216:80/PMA/ HTTP/1.1" 404 - "-" "revolt"
124.32.177.202 - - [07/Dec/2013:02:54:02 +0000] "HEAD http://209.20.69.216:80/dbadmin/ HTTP/1.1" 404 - "-" "revolt"
124.32.177.202 - - [07/Dec/2013:02:54:02 +0000] "HEAD http://209.20.69.216:80/pma/ HTTP/1.1" 404 - "-" "revolt"
124.32.177.202 - - [07/Dec/2013:02:54:02 +0000] "HEAD http://209.20.69.216:80/db/ HTTP/1.1" 404 - "-" "revolt"
124.32.177.202 - - [07/Dec/2013:02:54:03 +0000] "HEAD http://209.20.69.216:80/admin/ HTTP/1.1" 404 - "-" "revolt"
124.32.177.202 - - [07/Dec/2013:02:54:03 +0000] "HEAD http://209.20.69.216:80/dbadmin/ HTTP/1.1" 404 - "-" "revolt"
124.32.177.202 - - [07/Dec/2013:02:54:03 +0000] "HEAD http://209.20.69.216:80/mysql/ HTTP/1.1" 404 - "-" "revolt"
124.32.177.202 - - [07/Dec/2013:02:54:04 +0000] "HEAD http://209.20.69.216:80/qql/ HTTP/1.1" 404 - "-" "revolt"
124.32.177.202 - - [07/Dec/2013:02:54:04 +0000] "HEAD http://209.20.69.216:80/database/ HTTP/1.1" 404 - "-" "revolt"
124.32.177.202 - - [07/Dec/2013:02:54:04 +0000] "HEAD http://209.20.69.216:80/db/phpmyadmin/ HTTP/1.1" 404 - "-" "revolt"
124.32.177.202 - - [07/Dec/2013:02:54:05 +0000] "HEAD http://209.20.69.216:80/db/phpMyAdmin/ HTTP/1.1" 404 - "-" "revolt"
124.32.177.202 - - [07/Dec/2013:02:54:05 +0000] "HEAD http://209.20.69.216:80/sqlmanager/ HTTP/1.1" 404 - "-" "revolt"
124.32.177.202 - - [07/Dec/2013:02:54:06 +0000] "HEAD http://209.20.69.216:80/mysqlmanager/ HTTP/1.1" 404 - "-" "revolt"
124.32.177.202 - - [07/Dec/2013:02:54:06 +0000] "HEAD http://209.20.69.216:80/php-myadmin/ HTTP/1.1" 404 - "-" "revolt"
124.32.177.202 - - [07/Dec/2013:02:54:06 +0000] "HEAD http://209.20.69.216:80/phpmy-admin/ HTTP/1.1" 404 - "-" "revolt"
124.32.177.202 - - [07/Dec/2013:02:54:07 +0000] "HEAD http://209.20.69.216:80/webadmin/ HTTP/1.1" 404 - "-" "revolt"
124.32.177.202 - - [07/Dec/2013:02:54:07 +0000] "HEAD http://209.20.69.216:80/sqlweb/ HTTP/1.1" 404 - "-" "revolt"
124.32.177.202 - - [07/Dec/2013:02:54:07 +0000] "HEAD http://209.20.69.216:80/websql/ HTTP/1.1" 404 - "-" "revolt"
124.32.177.202 - - [07/Dec/2013:02:54:08 +0000] "HEAD http://209.20.69.216:80/webdb/ HTTP/1.1" 404 - "-" "revolt"
124.32.177.202 - - [07/Dec/2013:02:54:08 +0000] "HEAD http://209.20.69.216:80/mysqladmin/ HTTP/1.1" 404 - "-" "revolt"
124.32.177.202 - - [07/Dec/2013:02:54:08 +0000] "HEAD http://209.20.69.216:80/mysql-admin/ HTTP/1.1" 404 - "-" "revolt"
124.32.177.202 - - [07/Dec/2013:02:54:09 +0000] "HEAD http://209.20.69.216:80/admin/phpmyadmin/ HTTP/1.1" 404 - "-" "revolt"
124.32.177.202 - - [07/Dec/2013:02:54:09 +0000] "HEAD http://209.20.69.216:80/admin/phpMyAdmin/ HTTP/1.1" 404 - "-" "revolt"
124.32.177.202 - - [07/Dec/2013:02:54:09 +0000] "HEAD http://209.20.69.216:80/admin/sysadmin/ HTTP/1.1" 404 - "-" "revolt"
124.32.177.202 - - [07/Dec/2013:02:54:10 +0000] "HEAD http://209.20.69.216:80/admin/sqladmin/ HTTP/1.1" 404 - "-" "revolt"
124.32.177.202 - - [07/Dec/2013:02:54:10 +0000] "HEAD http://209.20.69.216:80/admin/db/ HTTP/1.1" 404 - "-" "revolt"
124.32.177.202 - - [07/Dec/2013:02:54:10 +0000] "HEAD http://209.20.69.216:80/admin/web/ HTTP/1.1" 404 - "-" "revolt"
124.32.177.202 - - [07/Dec/2013:02:54:11 +0000] "HEAD http://209.20.69.216:80/admin/pMA/ HTTP/1.1" 404 - "-" "revolt"
124.32.177.202 - - [07/Dec/2013:02:54:11 +0000] "HEAD http://209.20.69.216:80/mysql/pma/ HTTP/1.1" 404 - "-" "revolt"
124.32.177.202 - - [07/Dec/2013:02:54:11 +0000] "HEAD http://209.20.69.216:80/mysql/db/ HTTP/1.1" 404 - "-" "revolt"
124.32.177.202 - - [07/Dec/2013:02:54:12 +0000] "HEAD http://209.20.69.216:80/mysql/web/ HTTP/1.1" 404 - "-" "revolt"
124.32.177.202 - - [07/Dec/2013:02:54:12 +0000] "HEAD http://209.20.69.216:80/mysql/pMA/ HTTP/1.1" 404 - "-" "revolt"
124.32.177.202 - - [07/Dec/2013:02:54:12 +0000] "HEAD http://209.20.69.216:80/mysql/admin/ HTTP/1.1" 404 - "-" "revolt"
124.32.177.202 - - [07/Dec/2013:02:54:13 +0000] "HEAD http://209.20.69.216:80/mysql/dbadmin/ HTTP/1.1" 404 - "-" "revolt"
124.32.177.202 - - [07/Dec/2013:02:54:13 +0000] "HEAD http://209.20.69.216:80/mysql/sqlmanager/ HTTP/1.1" 404 - "-" "revolt"
124.32.177.202 - - [07/Dec/2013:02:54:13 +0000] "HEAD http://209.20.69.216:80/mysql/mysqlmanager/ HTTP/1.1" 404 - "-" "revolt"
124.32.177.202 - - [07/Dec/2013:02:54:14 +0000] "HEAD http://209.20.69.216:80/sql/phpmanager/ HTTP/1.1" 404 - "-" "revolt"
124.32.177.202 - - [07/Dec/2013:02:54:14 +0000] "HEAD http://209.20.69.216:80/sql/php-myadmin/ HTTP/1.1" 404 - "-" "revolt"
124.32.177.202 - - [07/Dec/2013:02:54:14 +0000] "HEAD http://209.20.69.216:80/sql/phpmy-admin/ HTTP/1.1" 404 - "-" "revolt"
124.32.177.202 - - [07/Dec/2013:02:54:15 +0000] "HEAD http://209.20.69.216:80/sql/sql/ HTTP/1.1" 404 - "-" "revolt"
124.32.177.202 - - [07/Dec/2013:02:54:15 +0000] "HEAD http://209.20.69.216:80/sql/myadmin/ HTTP/1.1" 404 - "-" "revolt"
124.32.177.202 - - [07/Dec/2013:02:54:15 +0000] "HEAD http://209.20.69.216:80/sql/webadmin/ HTTP/1.1" 404 - "-" "revolt"
124.32.177.202 - - [07/Dec/2013:02:54:16 +0000] "HEAD http://209.20.69.216:80/sql/sqlweb/ HTTP/1.1" 404 - "-" "revolt"
124.32.177.202 - - [07/Dec/2013:02:54:16 +0000] "HEAD http://209.20.69.216:80/sql/websql/ HTTP/1.1" 404 - "-" "revolt"
124.32.177.202 - - [07/Dec/2013:02:54:16 +0000] "HEAD http://209.20.69.216:80/sql/webdb/ HTTP/1.1" 404 - "-" "revolt"
124.32.177.202 - - [07/Dec/2013:02:54:17 +0000] "HEAD http://209.20.69.216:80/sql/sqladmin/ HTTP/1.1" 404 - "-" "revolt"
124.32.177.202 - - [07/Dec/2013:02:54:17 +0000] "HEAD http://209.20.69.216:80/sql/sql-admin/ HTTP/1.1" 404 - "-" "revolt"
124.32.177.202 - - [07/Dec/2013:02:54:17 +0000] "HEAD http://209.20.69.216:80/sql/phpmyadmin2/ HTTP/1.1" 404 - "-" "revolt"
124.32.177.202 - - [07/Dec/2013:02:54:18 +0000] "HEAD http://209.20.69.216:80/sql/phpMyAdmin2/ HTTP/1.1" 404 - "-" "revolt"
124.32.177.202 - - [07/Dec/2013:02:54:18 +0000] "HEAD http://209.20.69.216:80/sql/phpMyAdmin/ HTTP/1.1" 404 - "-" "revolt"
124.32.177.202 - - [07/Dec/2013:02:54:18 +0000] "HEAD http://209.20.69.216:80/database/phpmyadmin/ HTTP/1.1" 404 - "-" "revolt"
124.32.177.202 - - [07/Dec/2013:02:54:19 +0000] "HEAD http://209.20.69.216:80/database/phpMyAdmin/ HTTP/1.1" 404 - "-" "revolt"
124.32.177.202 - - [07/Dec/2013:02:54:19 +0000] "HEAD http://209.20.69.216:80/database/database/ HTTP/1.1" 404 - "-" "revolt"
124.32.177.202 - - [07/Dec/2013:02:54:19 +0000] "HEAD http://209.20.69.216:80/database/phpmyadmin2/ HTTP/1.1" 404 - "-" "revolt"
124.32.177.202 - - [07/Dec/2013:02:54:20 +0000] "HEAD http://209.20.69.216:80/database/phpMyAdmin2/ HTTP/1.1" 404 - "-" "revolt"
124.32.177.202 - - [07/Dec/2013:02:54:20 +0000] "HEAD http://209.20.69.216:80/database/phpMyAdmin/ HTTP/1.1" 404 - "-" "revolt"
124.32.177.202 - - [07/Dec/2013:02:54:20 +0000] "HEAD http://209.20.69.216:80/db/myadmin/ HTTP/1.1" 404 - "-" "revolt"
124.32.177.202 - - [07/Dec/2013:02:54:21 +0000] "HEAD http://209.20.69.216:80/db/webadmin/ HTTP/1.1" 404 - "-" "revolt"
124.32.177.202 - - [07/Dec/2013:02:54:21 +0000] "HEAD http://209.20.69.216:80/db/dbweb/ HTTP/1.1" 404 - "-" "revolt"
124.32.177.202 - - [07/Dec/2013:02:54:21 +0000] "HEAD http://209.20.69.216:80/db/websql/ HTTP/1.1" 404 - "-" "revolt"
124.32.177.202 - - [07/Dec/2013:02:54:22 +0000] "HEAD http://209.20.69.216:80/db/webdb/ HTTP/1.1" 404 - "-" "revolt"
124.32.177.202 - - [07/Dec/2013:02:54:22 +0000] "HEAD http://209.20.69.216:80/db/dbadmin/ HTTP/1.1" 404 - "-" "revolt"
124.32.177.202 - - [07/Dec/2013:02:54:22 +0000] "HEAD http://209.20.69.216:80/db/db-admin/ HTTP/1.1" 404 - "-" "revolt"
124.32.177.202 - - [07/Dec/2013:02:54:23 +0000] "HEAD http://209.20.69.216:80/db/phpmyadmin2/ HTTP/1.1" 404 - "-" "revolt"
124.32.177.202 - - [07/Dec/2013:02:54:23 +0000] "HEAD http://209.20.69.216:80/db/phpMyAdmin2/ HTTP/1.1" 404 - "-" "revolt"
124.32.177.202 - - [07/Dec/2013:02:54:23 +0000] "HEAD http://209.20.69.216:80/db/phpMyAdmin-2/ HTTP/1.1" 404 - "-" "revolt"
124.32.177.202 - - [07/Dec/2013:02:54:24 +0000] "HEAD http://209.20.69.216:80/phpMyAdmin-2.11.8.1-all-languages-utf-8-only/ HTTP/1.1" 404 - "-" "revolt"
124.32.177.202 - - [07/Dec/2013:02:54:24 +0000] "HEAD http://209.20.69.216:80/phpMyAdmin-2.11.8.1-all-languages/ HTTP/1.1" 404 - "-" "revolt"
124.32.177.202 - - [07/Dec/2013:02:54:24 +0000] "HEAD http://209.20.69.216:80/phpMyAdmin-2.11.7.1-all-languages-utf-8-only/ HTTP/1.1" 404 - "-" "revolt"
124.32.177.202 - - [07/Dec/2013:02:54:25 +0000] "HEAD http://209.20.69.216:80/phpMyAdmin-2.11.7.1-all-languages/ HTTP/1.1" 404 - "-" "revolt"
124.32.177.202 - - [07/Dec/2013:02:54:25 +0000] "HEAD http://209.20.69.216:80/phpMyAdmin-2.11.6-all-languages/ HTTP/1.1" 404 - "-" "revolt"
124.32.177.202 - - [07/Dec/2013:02:54:25 +0000] "HEAD http://209.20.69.216:80/phpMyAdmin-2.11.5.1-all-languages/ HTTP/1.1" 404 - "-" "revolt"
124.32.177.202 - - [07/Dec/2013:02:54:26 +0000] "HEAD http://209.20.69.216:80/administrator/phpmyadmin/ HTTP/1.1" 404 - "-" "revolt"
124.32.177.202 - - [07/Dec/2013:02:54:26 +0000] "HEAD http://209.20.69.216:80/administrator/phpMyAdmin/ HTTP/1.1" 404 - "-" "revolt"
124.32.177.202 - - [07/Dec/2013:02:54:26 +0000] "HEAD http://209.20.69.216:80/administrator/db/ HTTP/1.1" 404 - "-" "revolt"
124.32.177.202 - - [07/Dec/2013:02:54:27 +0000] "HEAD http://209.20.69.216:80/administrator/web/ HTTP/1.1" 404 - "-" "revolt"
124.32.177.202 - - [07/Dec/2013:02:54:27 +0000] "HEAD http://209.20.69.216:80/administrator/phpmyadmin/ HTTP/1.1" 404 - "-" "revolt"
124.32.177.202 - - [07/Dec/2013:02:54:27 +0000] "HEAD http://209.20.69.216:80/administrator/phpMyAdmin/ HTTP/1.1" 404 - "-" "revolt"
124.32.177.202 - - [07/Dec/2013:02:54:28 +0000] "HEAD http://209.20.69.216:80/administrator/pma/ HTTP/1.1" 404 - "-" "revolt"
124.32.177.202 - - [07/Dec/2013:02:54:28 +0000] "HEAD http://209.20.69.216:80/administrator/db/ HTTP/1.1" 404 - "-" "revolt"
124.32.177.202 - - [07/Dec/2013:02:54:28 +0000] "HEAD http://209.20.69.216:80/administrator/web/ HTTP/1.1" 404 - "-" "revolt"
124.32.177.202 - - [07/Dec/2013:02:54:29 +0000] "HEAD http://209.20.69.216:80/administrator/PMA/ HTTP/1.1" 404 - "-" "revolt"
124.32.177.202 - - [07/Dec/2013:02:54:29 +0000] "HEAD http://209.20.69.216:80/administrator/admin/ HTTP/1.1" 404 - "-" "revolt"
209.20.69.216 - - [07/Dec/2013:03:00:02 +0000] "GET /cron.php HTTP/1.0" 200 - "-" "Wget/1.12 (linux-gnu)"
149.91.16.10 - - [07/Dec/2013:03:01:54 +0000] "GET / HTTP/1.1" 200 8461 "-" "-"
123.125.71.71 - - [07/Dec/2013:03:44:31 +0000] "GET / HTTP/1.1" 200 8460 "-" "Mozilla/5.0 (compatible; Baiduspider/2.0; +http://www.baidu.com/search/spider.html)"
220.181.108.180 - - [07/Dec/2013:03:45:41 +0000] "GET / HTTP/1.1" 200 8460 "-" "Mozilla/5.0 (compatible; Baiduspider/2.0; +http://www.baidu.com/search/spider.html)"
209.20.69.216 - - [07/Dec/2013:04:00:02 +0000] "GET /cron.php HTTP/1.0" 200 - "-" "Wget/1.12 (linux-gnu)"
62.210.189.102 - - [07/Dec/2013:04:19:29 +0000] "GET / HTTP/1.0" 200 8460 "-" "Mozilla/4.0 (compatible; MSIE 6.0; Windows NT 5.1)"
183.60.48.25 - - [07/Dec/2013:04:34:31 +0000] "GET http://www.baidu.com/ HTTP/1.1" 200 8452 "-" "-"
183.60.48.25 - - [07/Dec/2013:04:36:15 +0000] "GET http://www.baidu.com/ HTTP/1.1" 200 8452 "-" "-"
23.19.188.128 - - [07/Dec/2013:04:48:51 +0000] "GET /?q=user/register HTTP/1.1" 403 5996 "-" "Mozilla/5.0 (Windows NT 6.1; WOW64) AppleWebKit/537.36 (KHTML, like Gecko) Chrome/28.0.1500.63 Safari/537.36"
23.19.188.128 - - [07/Dec/2013:04:48:56 +0000] "GET /?q=node/add HTTP/1.1" 403 6085 "-" "Mozilla/5.0 (Windows NT 6.1; WOW64) AppleWebKit/537.36 (KHTML, like Gecko) Chrome/28.0.1500.63 Safari/537.36"
23.19.188.128 - - [07/Dec/2013:04:48:58 +0000] "GET /?q=user/register HTTP/1.1" 403 5996 "-" "Mozilla/5.0 (Windows NT 6.1; WOW64) AppleWebKit/537.36 (KHTML, like Gecko) Chrome/28.0.1500.63 Safari/537.36"
23.19.188.128 - - [07/Dec/2013:04:49:00 +0000] "GET /?q=user/register HTTP/1.1" 403 5996 "-" "Mozilla/5.0 (Windows NT 6.1; WOW64) AppleWebKit/537.36 (KHTML, like Gecko) Chrome/28.0.1500.63 Safari/537.36"
23.19.188.128 - - [07/Dec/2013:04:49:03 +0000] "GET /?q=node/add HTTP/1.1" 403 6085 "-" "Mozilla/5.0 (Windows NT 6.1; WOW64) AppleWebKit/537.36 (KHTML, like Gecko) Chrome/28.0.1500.63 Safari/537.36"
23.19.188.128 - - [07/Dec/2013:04:49:04 +0000] "GET /?q=user/register HTTP/1.1" 403 5996 "-" "Mozilla/5.0 (Windows NT 6.1; WOW64) AppleWebKit/537.36 (KHTML, like Gecko) Chrome/28.0.1500.63 Safari/537.36"
23.19.188.128 - - [07/Dec/2013:04:49:04 +0000] "GET /?q=user/register HTTP/1.1" 403 5996 "-" "Mozilla/5.0 (Windows NT 6.1; WOW64) AppleWebKit/537.36 (KHTML, like Gecko) Chrome/28.0.1500.63 Safari/537.36"
220.181.108.146 - - [07/Dec/2013:04:50:03 +0000] "GET / HTTP/1.1" 200 8460 "-" "Mozilla/5.0 (compatible; Baiduspider/2.0; +http://www.baidu.com/search/spider.html)"
123.125.71.82 - - [07/Dec/2013:04:50:42 +0000] "GET / HTTP/1.1" 200 8460 "-" "Mozilla/5.0 (compatible; Baiduspider/2.0; +http://www.baidu.com/search/spider.html)"
209.20.69.216 - - [07/Dec/2013:05:00:02 +0000] "GET /cron.php HTTP/1.0" 200 - "-" "Wget/1.12 (linux-gnu)"
123.125.71.69 - - [07/Dec/2013:05:36:01 +0000] "GET / HTTP/1.1" 200 8460 "-" "Mozilla/5.0 (compatible; Baiduspider/2.0; +http://www.baidu.com/search/spider.html)"
220.181.108.142 - - [07/Dec/2013:05:39:26 +0000] "GET / HTTP/1.1" 200 8460 "-" "Mozilla/5.0 (compatible; Baiduspider/2.0; +http://www.baidu.com/search/spider.html)"
209.20.69.216 - - [07/Dec/2013:06:00:01 +0000] "GET /cron.php HTTP/1.0" 200 - "-" "Wget/1.12 (linux-gnu)"
183.60.48.25 - - [07/Dec/2013:06:08:54 +0000] "GET http://www.baidu.com/ HTTP/1.1" 200 8452 "-" "-"
183.60.48.25 - - [07/Dec/2013:06:09:55 +0000] "GET http://www.baidu.com/ HTTP/1.1" 200 8452 "-" "-"
89.248.171.50 - - [07/Dec/2013:06:20:59 +0000] "GET /w00tw00t.at.blackhats.romanian.anti-sec:) HTTP/1.1" 404 319 "-" "ZmEu"
89.248.171.50 - - [07/Dec/2013:06:20:59 +0000] "GET /phpMyAdmin/scripts/setup.php HTTP/1.1" 404 306 "-" "ZmEu"
89.248.171.50 - - [07/Dec/2013:06:21:00 +0000] "GET /phpmyadmin/scripts/setup.php HTTP/1.1" 404 306 "-" "ZmEu"
89.248.171.50 - - [07/Dec/2013:06:21:00 +0000] "GET /pma/scripts/setup.php HTTP/1.1" 404 299 "-" "ZmEu"
89.248.171.50 - - [07/Dec/2013:06:21:03 +0000] "GET /MyAdmin/scripts/setup.php HTTP/1.1" 404 303 "-" "ZmEu"
220.181.108.141 - - [07/Dec/2013:06:36:34 +0000] "GET / HTTP/1.1" 200 8460 "-" "Mozilla/5.0 (compatible; Baiduspider/2.0; +http://www.baidu.com/search/spider.html)"
123.125.71.97 - - [07/Dec/2013:06:38:40 +0000] "GET / HTTP/1.1" 200 8460 "-" "Mozilla/5.0 (compatible; Baiduspider/2.0; +http://www.baidu.com/search/spider.html)"
78.158.11.226 - - [07/Dec/2013:06:46:42 +0000] "GET / HTTP/1.1" 200 8461 "http://evuln.com/tools/malware-scanner/clinical-security.info/" "Lynx/2.8.5rel.1 libwww-FM/2.15FC SSL-MM/1.4.1c OpenSSL/0.9.7e-dev"
78.158.11.226 - - [07/Dec/2013:06:46:44 +0000] "GET / HTTP/1.1" 200 8461 "http://www.google.com/url?sa=t&rct=j&q=clinical-security.info&source=web&cd=5&ved=0CF0QFjAE&url=http:%2F%2Fclinical-security.info%2F&cad=rja" "Lynx/2.8.5rel.1 libwww-FM/2.15FC SSL-MM/1.4.1c OpenSSL/0.9.7e-dev"
78.158.11.226 - - [07/Dec/2013:06:46:44 +0000] "GET /modules/system/system-menus.css?q HTTP/1.1" 200 870 "-" "Lynx/2.8.5rel.1 libwww-FM/2.15FC SSL-MM/1.4.1c OpenSSL/0.9.7e-dev"
41.134.175.201 - - [07/Dec/2013:06:49:37 +0000] "GET /wp-login.php HTTP/1.1" 404 299 "-" "-"
209.20.69.216 - - [07/Dec/2013:07:00:02 +0000] "GET /cron.php HTTP/1.0" 200 - "-" "Wget/1.12 (linux-gnu)"
183.60.48.25 - - [07/Dec/2013:07:03:55 +0000] "GET http://www.baidu.com/ HTTP/1.1" 200 8452 "-" "-"
123.125.71.115 - - [07/Dec/2013:07:32:24 +0000] "GET / HTTP/1.1" 200 8460 "-" "Mozilla/5.0 (compatible; Baiduspider/2.0; +http://www.baidu.com/search/spider.html)"
220.181.108.183 - - [07/Dec/2013:07:32:43 +0000] "GET / HTTP/1.1" 200 8460 "-" "Mozilla/5.0 (compatible; Baiduspider/2.0; +http://www.baidu.com/search/spider.html)"
119.63.193.132 - - [07/Dec/2013:07:56:16 +0000] "GET / HTTP/1.1" 200 8460 "-" "Mozilla/4.0 (compatible; MSIE 7.0; Windows NT 6.0)"
209.20.69.216 - - [07/Dec/2013:08:00:02 +0000] "GET /cron.php HTTP/1.0" 200 - "-" "Wget/1.12 (linux-gnu)"
123.125.71.80 - - [07/Dec/2013:08:32:29 +0000] "GET / HTTP/1.1" 200 8460 "-" "Mozilla/5.0 (compatible; Baiduspider/2.0; +http://www.baidu.com/search/spider.html)"
220.181.108.185 - - [07/Dec/2013:08:33:05 +0000] "GET / HTTP/1.1" 200 8460 "-" "Mozilla/5.0 (compatible; Baiduspider/2.0; +http://www.baidu.com/search/spider.html)"
209.20.69.216 - - [07/Dec/2013:09:00:01 +0000] "GET /cron.php HTTP/1.0" 200 - "-" "Wget/1.12 (linux-gnu)"
195.244.39.213 - - [07/Dec/2013:09:02:02 +0000] "HEAD / HTTP/1.0" 200 - "-" "-"
195.244.39.213 - - [07/Dec/2013:09:02:05 +0000] "POST /cgi-bin/php?%2D%64+%61%6C%6C%6F%77%5F%75%72%6C%5F%69%6E%63%6C%75%64%65%3D%6F%6E+%2D%64+%73%61%66%65%5F%6D%6F%64%65%3D%6F%66%66+%2D%64+%73%75%68%6F%73%69%6E%2E%73%69%6D%75%6C%61%74%69%6F%6E%3D%6F%6E+%2D%64+%64%69%73%61%62%6C%65%5F%66%75%6E%63%74%69%6F%6E%73%3D%22%22+%2D%64+%6F%70%65%6E%5F%62%61%73%65%64%69%72%3D%6E%6F%6E%65+%2D%64+%61%75%74%6F%5F%70%72%65%70%65%6E%64%5F%66%69%6C%65%3D%70%68%70%3A%2F%2F%69%6E%70%75%74+%2D%64+%63%67%69%2E%66%6F%72%63%65%5F%72%65%64%69%72%65%63%74%3D%30+%2D%64+%63%67%69%2E%72%65%64%69%72%65%63%74%5F%73%74%61%74%75%73%5F%65%6E%76%3D%30+%2D%6E HTTP/1.1" 404 289 "-" "Mozilla/5.0 (iPad; CPU OS 6_0 like Mac OS X) AppleWebKit/536.26(KHTML, like Gecko) Version/6.0 Mobile/10A5355d Safari/8536.25"
195.244.39.213 - - [07/Dec/2013:09:02:05 +0000] "POST /cgi-bin/php5?%2D%64+%61%6C%6C%6F%77%5F%75%72%6C%5F%69%6E%63%6C%75%64%65%3D%6F%6E+%2D%64+%73%61%66%65%5F%6D%6F%64%65%3D%6F%66%66+%2D%64+%73%75%68%6F%73%69%6E%2E%73%69%6D%75%6C%61%74%69%6F%6E%3D%6F%6E+%2D%64+%64%69%73%61%62%6C%65%5F%66%75%6E%63%74%69%6F%6E%73%3D%22%22+%2D%64+%6F%70%65%6E%5F%62%61%73%65%64%69%72%3D%6E%6F%6E%65+%2D%64+%61%75%74%6F%5F%70%72%65%70%65%6E%64%5F%66%69%6C%65%3D%70%68%70%3A%2F%2F%69%6E%70%75%74+%2D%64+%63%67%69%2E%66%6F%72%63%65%5F%72%65%64%69%72%65%63%74%3D%30+%2D%64+%63%67%69%2E%72%65%64%69%72%65%63%74%5F%73%74%61%74%75%73%5F%65%6E%76%3D%30+%2D%6E HTTP/1.1" 404 290 "-" "Mozilla/5.0 (iPad; CPU OS 6_0 like Mac OS X) AppleWebKit/536.26(KHTML, like Gecko) Version/6.0 Mobile/10A5355d Safari/8536.25"
195.244.39.213 - - [07/Dec/2013:09:02:06 +0000] "POST /cgi-bin/php-cgi?%2D%64+%61%6C%6C%6F%77%5F%75%72%6C%5F%69%6E%63%6C%75%64%65%3D%6F%6E+%2D%64+%73%61%66%65%5F%6D%6F%64%65%3D%6F%66%66+%2D%64+%73%75%68%6F%73%69%6E%2E%73%69%6D%75%6C%61%74%69%6F%6E%3D%6F%6E+%2D%64+%64%69%73%61%62%6C%65%5F%66%75%6E%63%74%69%6F%6E%73%3D%22%22+%2D%64+%6F%70%65%6E%5F%62%61%73%65%64%69%72%3D%6E%6F%6E%65+%2D%64+%61%75%74%6F%5F%70%72%65%70%65%6E%64%5F%66%69%6C%65%3D%70%68%70%3A%2F%2F%69%6E%70%75%74+%2D%64+%63%67%69%2E%66%6F%72%63%65%5F%72%65%64%69%72%65%63%74%3D%30+%2D%64+%63%67%69%2E%72%65%64%69%72%65%63%74%5F%73%74%61%74%75%73%5F%65%6E%76%3D%30+%2D%6E HTTP/1.1" 404 293 "-" "Mozilla/5.0 (iPad; CPU OS 6_0 like Mac OS X) AppleWebKit/536.26(KHTML, like Gecko) Version/6.0 Mobile/10A5355d Safari/8536.25"
195.244.39.213 - - [07/Dec/2013:09:02:06 +0000] "POST /cgi-bin/php.cgi?%2D%64+%61%6C%6C%6F%77%5F%75%72%6C%5F%69%6E%63%6C%75%64%65%3D%6F%6E+%2D%64+%73%61%66%65%5F%6D%6F%64%65%3D%6F%66%66+%2D%64+%73%75%68%6F%73%69%6E%2E%73%69%6D%75%6C%61%74%69%6F%6E%3D%6F%6E+%2D%64+%64%69%73%61%62%6C%65%5F%66%75%6E%63%74%69%6F%6E%73%3D%22%22+%2D%64+%6F%70%65%6E%5F%62%61%73%65%64%69%72%3D%6E%6F%6E%65+%2D%64+%61%75%74%6F%5F%70%72%65%70%65%6E%64%5F%66%69%6C%65%3D%70%68%70%3A%2F%2F%69%6E%70%75%74+%2D%64+%63%67%69%2E%66%6F%72%63%65%5F%72%65%64%69%72%65%63%74%3D%30+%2D%64+%63%67%69%2E%72%65%64%69%72%65%63%74%5F%73%74%61%74%75%73%5F%65%6E%76%3D%30+%2D%6E HTTP/1.1" 404 293 "-" "Mozilla/5.0 (iPad; CPU OS 6_0 like Mac OS X) AppleWebKit/536.26(KHTML, like Gecko) Version/6.0 Mobile/10A5355d Safari/8536.25"
195.244.39.213 - - [07/Dec/2013:09:02:07 +0000] "POST /cgi-bin/php4?%2D%64+%61%6C%6C%6F%77%5F%75%72%6C%5F%69%6E%63%6C%75%64%65%3D%6F%6E+%2D%64+%73%61%66%65%5F%6D%6F%64%65%3D%6F%66%66+%2D%64+%73%75%68%6F%73%69%6E%2E%73%69%6D%75%6C%61%74%69%6F%6E%3D%6F%6E+%2D%64+%64%69%73%61%62%6C%65%5F%66%75%6E%63%74%69%6F%6E%73%3D%22%22+%2D%64+%6F%70%65%6E%5F%62%61%73%65%64%69%72%3D%6E%6F%6E%65+%2D%64+%61%75%74%6F%5F%70%72%65%70%65%6E%64%5F%66%69%6C%65%3D%70%68%70%3A%2F%2F%69%6E%70%75%74+%2D%64+%63%67%69%2E%66%6F%72%63%65%5F%72%65%64%69%72%65%63%74%3D%30+%2D%64+%63%67%69%2E%72%65%64%69%72%65%63%74%5F%73%74%61%74%75%73%5F%65%6E%76%3D%30+%2D%6E HTTP/1.1" 404 290 "-" "Mozilla/5.0 (iPad; CPU OS 6_0 like Mac OS X) AppleWebKit/536.26(KHTML, like Gecko) Version/6.0 Mobile/10A5355d Safari/8536.25"
142.54.172.158 - - [07/Dec/2013:09:15:31 +0000] "GET /?q=node/30 HTTP/1.0" 200 8217 "http://clinical-security.com/?q=node/30" "Mozilla/5.0 (Windows NT 5.1; rv:7.0.1) Gecko/20100101 Firefox/7.0.1"
142.54.172.158 - - [07/Dec/2013:09:15:36 +0000] "GET /?q=user/register HTTP/1.0" 403 5996 "http://clinical-security.com/?q=user/register" "Mozilla/5.0 (Windows NT 5.1; rv:7.0.1) Gecko/20100101 Firefox/7.0.1"
142.54.172.158 - - [07/Dec/2013:09:15:36 +0000] "GET / HTTP/1.0" 200 8460 "http://clinical-security.com/?q=user/register" "Mozilla/5.0 (Windows NT 5.1; rv:7.0.1) Gecko/20100101 Firefox/7.0.1"
119.63.193.195 - - [07/Dec/2013:09:27:14 +0000] "GET / HTTP/1.1" 200 8465 "-" "Mozilla/4.0 (compatible; MSIE 7.0; Windows NT 6.0)"
220.181.108.178 - - [07/Dec/2013:09:32:18 +0000] "GET / HTTP/1.1" 200 8460 "-" "Mozilla/5.0 (compatible; Baiduspider/2.0; +http://www.baidu.com/search/spider.html)"
123.125.71.106 - - [07/Dec/2013:09:32:59 +0000] "GET / HTTP/1.1" 200 8460 "-" "Mozilla/5.0 (compatible; Baiduspider/2.0; +http://www.baidu.com/search/spider.html)"
157.56.92.158 - - [07/Dec/2013:09:34:06 +0000] "GET /robots.txt HTTP/1.1" 200 1521 "-" "Mozilla/5.0 (compatible; bingbot/2.0; +http://www.bing.com/bingbot.htm)"
199.30.16.32 - - [07/Dec/2013:09:35:13 +0000] "GET /robots.txt HTTP/1.1" 200 1521 "-" "msnbot-media/1.1 (+http://search.msn.com/msnbot.htm)"
199.30.16.32 - - [07/Dec/2013:09:35:13 +0000] "GET /sites/default/files/images/Dalton.png HTTP/1.1" 200 58665 "-" "msnbot-media/1.1 (+http://search.msn.com/msnbot.htm)"
157.56.92.158 - - [07/Dec/2013:09:36:25 +0000] "GET / HTTP/1.1" 200 8460 "-" "Mozilla/5.0 (compatible; bingbot/2.0; +http://www.bing.com/bingbot.htm)"
192.99.1.172 - - [07/Dec/2013:09:42:12 +0000] "GET /?q=node/30 HTTP/1.1" 200 8217 "http://clinical-security.com/" "Mozilla/5.0 (Windows NT 6.1; WOW64) AppleWebKit/537.36 (KHTML, like Gecko) Chrome/28.0.1500.71 Safari/537.36"
192.99.1.172 - - [07/Dec/2013:09:42:17 +0000] "GET /?q=node/add HTTP/1.1" 403 6085 "http://clinical-security.com/" "Mozilla/5.0 (Windows NT 6.1; WOW64) AppleWebKit/537.36 (KHTML, like Gecko) Chrome/28.0.1500.71 Safari/537.36"
192.99.1.172 - - [07/Dec/2013:09:42:25 +0000] "GET /?q=user/register HTTP/1.1" 403 5996 "http://clinical-security.com/?q=node/add" "Mozilla/5.0 (Windows NT 6.1; WOW64) AppleWebKit/537.36 (KHTML, like Gecko) Chrome/28.0.1500.71 Safari/537.36"
180.76.6.54 - - [07/Dec/2013:09:45:45 +0000] "GET / HTTP/1.1" 200 8464 "-" "Mozilla/5.0 (compatible; Baiduspider/2.0; +http://www.baidu.com/search/spider.html)"
209.20.69.216 - - [07/Dec/2013:10:00:02 +0000] "GET /cron.php HTTP/1.0" 200 - "-" "Wget/1.12 (linux-gnu)"
123.125.71.74 - - [07/Dec/2013:10:38:26 +0000] "GET / HTTP/1.1" 200 8460 "-" "Mozilla/5.0 (compatible; Baiduspider/2.0; +http://www.baidu.com/search/spider.html)"
220.181.108.145 - - [07/Dec/2013:10:42:23 +0000] "GET / HTTP/1.1" 200 8460 "-" "Mozilla/5.0 (compatible; Baiduspider/2.0; +http://www.baidu.com/search/spider.html)"
209.20.69.216 - - [07/Dec/2013:11:00:01 +0000] "GET /cron.php HTTP/1.0" 200 - "-" "Wget/1.12 (linux-gnu)"
123.125.71.78 - - [07/Dec/2013:11:44:00 +0000] "GET / HTTP/1.1" 200 8460 "-" "Mozilla/5.0 (compatible; Baiduspider/2.0; +http://www.baidu.com/search/spider.html)"
220.181.108.150 - - [07/Dec/2013:11:44:46 +0000] "GET / HTTP/1.1" 200 8460 "-" "Mozilla/5.0 (compatible; Baiduspider/2.0; +http://www.baidu.com/search/spider.html)"
119.63.193.132 - - [07/Dec/2013:11:56:18 +0000] "GET / HTTP/1.1" 200 8460 "-" "Mozilla/4.0 (compatible; MSIE 7.0; Windows NT 6.0)"
157.55.33.104 - - [07/Dec/2013:11:57:52 +0000] "GET /robots.txt HTTP/1.1" 200 1521 "-" "Mozilla/5.0 (compatible; bingbot/2.0; +http://www.bing.com/bingbot.htm)"
209.20.69.216 - - [07/Dec/2013:12:00:02 +0000] "GET /cron.php HTTP/1.0" 200 - "-" "Wget/1.12 (linux-gnu)"
157.55.33.104 - - [07/Dec/2013:12:14:00 +0000] "GET / HTTP/1.1" 200 8465 "-" "Mozilla/5.0 (compatible; bingbot/2.0; +http://www.bing.com/bingbot.htm)"
123.125.71.109 - - [07/Dec/2013:12:30:09 +0000] "GET / HTTP/1.1" 200 8460 "-" "Mozilla/5.0 (compatible; Baiduspider/2.0; +http://www.baidu.com/search/spider.html)"
220.181.108.148 - - [07/Dec/2013:12:31:32 +0000] "GET / HTTP/1.1" 200 8460 "-" "Mozilla/5.0 (compatible; Baiduspider/2.0; +http://www.baidu.com/search/spider.html)"
183.60.48.25 - - [07/Dec/2013:12:34:23 +0000] "GET http://www.baidu.com/ HTTP/1.1" 200 8452 "-" "-"
183.60.48.25 - - [07/Dec/2013:12:35:32 +0000] "GET http://www.baidu.com/ HTTP/1.1" 200 8452 "-" "-"
66.249.75.130 - - [07/Dec/2013:12:47:16 +0000] "GET /robots.txt HTTP/1.1" 200 1521 "-" "Mozilla/5.0 (compatible; Googlebot/2.1; +http://www.google.com/bot.html)"
66.249.75.130 - - [07/Dec/2013:12:47:16 +0000] "GET /?q=node/24 HTTP/1.1" 200 7729 "-" "Mozilla/5.0 (iPhone; CPU iPhone OS 6_0 like Mac OS X) AppleWebKit/536.26 (KHTML, like Gecko) Version/6.0 Mobile/10A5376e Safari/8536.25 (compatible; Googlebot-Mobile/2.1; +http://www.google.com/bot.html)"
209.20.69.216 - - [07/Dec/2013:13:00:03 +0000] "GET /cron.php HTTP/1.0" 200 - "-" "Wget/1.12 (linux-gnu)"
199.21.99.100 - - [07/Dec/2013:13:26:14 +0000] "GET /robots.txt HTTP/1.1" 200 1521 "-" "Mozilla/5.0 (compatible; YandexBot/3.0; +http://yandex.com/bots)"
199.21.99.100 - - [07/Dec/2013:13:26:15 +0000] "GET /robots.txt HTTP/1.1" 200 1521 "-" "Mozilla/5.0 (compatible; YandexBot/3.0; +http://yandex.com/bots)"
199.21.99.100 - - [07/Dec/2013:13:26:15 +0000] "GET /robots.txt HTTP/1.1" 200 1521 "-" "Mozilla/5.0 (compatible; YandexBot/3.0; +http://yandex.com/bots)"
199.21.99.100 - - [07/Dec/2013:13:26:16 +0000] "GET /robots.txt HTTP/1.1" 200 1521 "-" "Mozilla/5.0 (compatible; YandexBot/3.0; +http://yandex.com/bots)"
199.21.99.100 - - [07/Dec/2013:13:26:25 +0000] "GET / HTTP/1.1" 200 8465 "-" "Mozilla/5.0 (compatible; YandexBot/3.0; +http://yandex.com/bots)"
199.21.99.100 - - [07/Dec/2013:13:26:24 +0000] "GET / HTTP/1.1" 200 8460 "-" "Mozilla/5.0 (compatible; YandexBot/3.0; +http://yandex.com/bots)"
199.21.99.100 - - [07/Dec/2013:13:26:25 +0000] "GET / HTTP/1.1" 200 8461 "-" "Mozilla/5.0 (compatible; YandexBot/3.0; +http://yandex.com/bots)"
199.21.99.100 - - [07/Dec/2013:13:26:26 +0000] "GET / HTTP/1.1" 200 8464 "-" "Mozilla/5.0 (compatible; YandexBot/3.0; +http://yandex.com/bots)"
199.21.99.100 - - [07/Dec/2013:13:26:39 +0000] "GET / HTTP/1.1" 200 8460 "-" "Mozilla/5.0 (compatible; YandexBot/3.0; +http://yandex.com/bots)"
199.21.99.100 - - [07/Dec/2013:13:26:40 +0000] "GET / HTTP/1.1" 200 8465 "-" "Mozilla/5.0 (compatible; YandexBot/3.0; +http://yandex.com/bots)"
199.21.99.100 - - [07/Dec/2013:13:26:41 +0000] "GET / HTTP/1.1" 200 8464 "-" "Mozilla/5.0 (compatible; YandexBot/3.0; +http://yandex.com/bots)"
199.21.99.100 - - [07/Dec/2013:13:26:40 +0000] "GET / HTTP/1.1" 200 8461 "-" "Mozilla/5.0 (compatible; YandexBot/3.0; +http://yandex.com/bots)"
91.188.124.225 - - [07/Dec/2013:13:28:21 +0000] "GET http://www.google.pl/search?q=wp.pl HTTP/1.1" 404 284 "-" "-"
119.63.193.131 - - [07/Dec/2013:13:32:38 +0000] "GET / HTTP/1.1" 200 8465 "-" "Mozilla/4.0 (compatible; MSIE 7.0; Windows NT 6.0)"
220.181.108.171 - - [07/Dec/2013:13:38:46 +0000] "GET / HTTP/1.1" 200 8460 "-" "Mozilla/5.0 (compatible; Baiduspider/2.0; +http://www.baidu.com/search/spider.html)"
123.125.71.115 - - [07/Dec/2013:13:40:15 +0000] "GET / HTTP/1.1" 200 8460 "-" "Mozilla/5.0 (compatible; Baiduspider/2.0; +http://www.baidu.com/search/spider.html)"
192.119.145.14 - - [07/Dec/2013:13:46:27 +0000] "GET /?q=user/register HTTP/1.0" 403 5996 "http://clinical-security.info/" "Mozilla/5.0 (X11; Linux x86_64) AppleWebKit/537.36 (KHTML, like Gecko) Ubuntu Chromium/28.0.1500.52 Chrome/28.0.1500.52 Safari/537.36"
192.119.145.14 - - [07/Dec/2013:13:46:29 +0000] "GET /?q=node/add HTTP/1.0" 403 6085 "http://clinical-security.info/" "Mozilla/5.0 (X11; Linux x86_64) AppleWebKit/537.36 (KHTML, like Gecko) Ubuntu Chromium/28.0.1500.52 Chrome/28.0.1500.52 Safari/537.36"
192.119.145.14 - - [07/Dec/2013:13:46:30 +0000] "GET /?q=user/register HTTP/1.0" 403 5996 "http://clinical-security.info/?q=node/add" "Mozilla/5.0 (X11; Linux x86_64) AppleWebKit/537.36 (KHTML, like Gecko) Ubuntu Chromium/28.0.1500.52 Chrome/28.0.1500.52 Safari/537.36"
86.125.233.232 - - [07/Dec/2013:13:57:39 +0000] "GET / HTTP/1.1" 200 8460 "-" "-"
209.20.69.216 - - [07/Dec/2013:14:00:01 +0000] "GET /cron.php HTTP/1.0" 200 - "-" "Wget/1.12 (linux-gnu)"
157.55.32.164 - - [07/Dec/2013:14:05:29 +0000] "GET /robots.txt HTTP/1.1" 200 1521 "-" "Mozilla/5.0 (compatible; bingbot/2.0; +http://www.bing.com/bingbot.htm)"
157.55.32.164 - - [07/Dec/2013:14:32:23 +0000] "GET / HTTP/1.1" 200 8461 "-" "Mozilla/5.0 (compatible; bingbot/2.0; +http://www.bing.com/bingbot.htm)"
123.125.71.86 - - [07/Dec/2013:14:36:14 +0000] "GET / HTTP/1.1" 200 8460 "-" "Mozilla/5.0 (compatible; Baiduspider/2.0; +http://www.baidu.com/search/spider.html)"
162.243.46.47 - - [07/Dec/2013:14:36:57 +0000] "HEAD / HTTP/1.1" 200 - "http://www.netcraft.com/survey/" "Mozilla/4.0 (compatible; Netcraft Web Server Survey)"
220.181.108.178 - - [07/Dec/2013:14:37:12 +0000] "GET / HTTP/1.1" 200 8460 "-" "Mozilla/5.0 (compatible; Baiduspider/2.0; +http://www.baidu.com/search/spider.html)"
199.21.99.100 - - [07/Dec/2013:14:42:05 +0000] "GET /sites/default/files/images/Roe.png HTTP/1.1" 304 - "-" "Mozilla/5.0 (compatible; YandexImages/3.0; +http://yandex.com/bots)"
151.237.181.194 - - [07/Dec/2013:14:44:19 +0000] "GET /?q=user/register HTTP/1.1" 403 5996 "-" "Mozilla/5.0 (Windows NT 6.1; WOW64) AppleWebKit/537.36 (KHTML, like Gecko) Chrome/28.0.1500.71 Safari/537.36"
151.237.181.194 - - [07/Dec/2013:14:44:21 +0000] "GET /?q=node/add HTTP/1.1" 403 6085 "-" "Mozilla/5.0 (Windows NT 6.1; WOW64) AppleWebKit/537.36 (KHTML, like Gecko) Chrome/28.0.1500.71 Safari/537.36"
151.237.181.194 - - [07/Dec/2013:14:44:22 +0000] "GET /?q=user/register HTTP/1.1" 403 5996 "-" "Mozilla/5.0 (Windows NT 6.1; WOW64) AppleWebKit/537.36 (KHTML, like Gecko) Chrome/28.0.1500.71 Safari/537.36"
124.32.177.202 - - [07/Dec/2013:14:44:28 +0000] "HEAD http://209.20.69.216:80/mysql/admin/ HTTP/1.1" 404 - "-" "revolt"
124.32.177.202 - - [07/Dec/2013:14:44:29 +0000] "HEAD http://209.20.69.216:80/mysql/dbadmin/ HTTP/1.1" 404 - "-" "revolt"
124.32.177.202 - - [07/Dec/2013:14:44:29 +0000] "HEAD http://209.20.69.216:80/mysql/sqlmanager/ HTTP/1.1" 404 - "-" "revolt"
124.32.177.202 - - [07/Dec/2013:14:44:29 +0000] "HEAD http://209.20.69.216:80/mysql/mysqlmanager/ HTTP/1.1" 404 - "-" "revolt"
124.32.177.202 - - [07/Dec/2013:14:44:30 +0000] "HEAD http://209.20.69.216:80/phpmyadmin/ HTTP/1.1" 404 - "-" "revolt"
124.32.177.202 - - [07/Dec/2013:14:44:30 +0000] "HEAD http://209.20.69.216:80/phpMyadmin/ HTTP/1.1" 404 - "-" "revolt"
124.32.177.202 - - [07/Dec/2013:14:44:30 +0000] "HEAD http://209.20.69.216:80/phpMyAdmin/ HTTP/1.1" 404 - "-" "revolt"
124.32.177.202 - - [07/Dec/2013:14:44:31 +0000] "HEAD http://209.20.69.216:80/phpmyAdmin/ HTTP/1.1" 404 - "-" "revolt"
124.32.177.202 - - [07/Dec/2013:14:44:31 +0000] "HEAD http://209.20.69.216:80/phpmyadmin2/ HTTP/1.1" 404 - "-" "revolt"
124.32.177.202 - - [07/Dec/2013:14:44:31 +0000] "HEAD http://209.20.69.216:80/2phpmyadmin/ HTTP/1.1" 404 - "-" "revolt"
124.32.177.202 - - [07/Dec/2013:14:44:32 +0000] "HEAD http://209.20.69.216:80/phpmy/ HTTP/1.1" 404 - "-" "revolt"
124.32.177.202 - - [07/Dec/2013:14:44:32 +0000] "HEAD http://209.20.69.216:80/phppma/ HTTP/1.1" 404 - "-" "revolt"
124.32.177.202 - - [07/Dec/2013:14:44:32 +0000] "HEAD http://209.20.69.216:80/myadmin/ HTTP/1.1" 404 - "-" "revolt"
124.32.177.202 - - [07/Dec/2013:14:44:33 +0000] "HEAD http://209.20.69.216:80/MyAdmin/ HTTP/1.1" 404 - "-" "revolt"
124.32.177.202 - - [07/Dec/2013:14:44:33 +0000] "HEAD http://209.20.69.216:80/program/ HTTP/1.1" 404 - "-" "revolt"
124.32.177.202 - - [07/Dec/2013:14:44:33 +0000] "HEAD http://209.20.69.216:80/PMA/ HTTP/1.1" 404 - "-" "revolt"
124.32.177.202 - - [07/Dec/2013:14:44:34 +0000] "HEAD http://209.20.69.216:80/dbadmin/ HTTP/1.1" 404 - "-" "revolt"
124.32.177.202 - - [07/Dec/2013:14:44:34 +0000] "HEAD http://209.20.69.216:80/pma/ HTTP/1.1" 404 - "-" "revolt"
124.32.177.202 - - [07/Dec/2013:14:44:34 +0000] "HEAD http://209.20.69.216:80/db/ HTTP/1.1" 404 - "-" "revolt"
124.32.177.202 - - [07/Dec/2013:14:44:35 +0000] "HEAD http://209.20.69.216:80/admin/ HTTP/1.1" 404 - "-" "revolt"
124.32.177.202 - - [07/Dec/2013:14:44:35 +0000] "HEAD http://209.20.69.216:80/dbadmin/ HTTP/1.1" 404 - "-" "revolt"
124.32.177.202 - - [07/Dec/2013:14:44:35 +0000] "HEAD http://209.20.69.216:80/mysql/ HTTP/1.1" 404 - "-" "revolt"
124.32.177.202 - - [07/Dec/2013:14:44:36 +0000] "HEAD http://209.20.69.216:80/qql/ HTTP/1.1" 404 - "-" "revolt"
124.32.177.202 - - [07/Dec/2013:14:44:36 +0000] "HEAD http://209.20.69.216:80/database/ HTTP/1.1" 404 - "-" "revolt"
124.32.177.202 - - [07/Dec/2013:14:44:36 +0000] "HEAD http://209.20.69.216:80/db/phpmyadmin/ HTTP/1.1" 404 - "-" "revolt"
124.32.177.202 - - [07/Dec/2013:14:44:37 +0000] "HEAD http://209.20.69.216:80/db/phpMyAdmin/ HTTP/1.1" 404 - "-" "revolt"
124.32.177.202 - - [07/Dec/2013:14:44:37 +0000] "HEAD http://209.20.69.216:80/sqlmanager/ HTTP/1.1" 404 - "-" "revolt"
