178.73.196.192 - - [21/Nov/2013:00:23:04 +0000] "GET /?q=user/register HTTP/1.1" 403 5996 "http://clinical-security.info/" "Mozilla/5.0 (Windows NT 6.1; WOW64; rv:21.0) Gecko/20100101 Firefox/21.0"
178.73.196.192 - - [21/Nov/2013:00:23:10 +0000] "GET /?q=node/add HTTP/1.1" 403 6085 "http://clinical-security.info/" "Mozilla/5.0 (Windows NT 6.1; WOW64; rv:21.0) Gecko/20100101 Firefox/21.0"
178.73.196.192 - - [21/Nov/2013:00:23:14 +0000] "GET /?q=user/register HTTP/1.1" 403 5996 "http://clinical-security.info/?q=node/add" "Mozilla/5.0 (Windows NT 6.1; WOW64; rv:21.0) Gecko/20100101 Firefox/21.0"
220.181.108.179 - - [21/Nov/2013:00:25:25 +0000] "GET / HTTP/1.1" 200 8460 "-" "Mozilla/5.0 (compatible; Baiduspider/2.0; +http://www.baidu.com/search/spider.html)"
66.249.73.146 - - [21/Nov/2013:00:40:17 +0000] "GET /?q=aggregator/sources/1 HTTP/1.1" 200 7688 "-" "Mozilla/5.0 (compatible; Googlebot/2.1; +http://www.google.com/bot.html)"
209.20.69.216 - - [21/Nov/2013:01:00:01 +0000] "GET /cron.php HTTP/1.0" 200 - "-" "Wget/1.12 (linux-gnu)"
192.119.144.25 - - [21/Nov/2013:01:07:34 +0000] "GET /?q=user/register HTTP/1.0" 403 5996 "http://clinical-security.info/" "Mozilla/5.0 (Windows NT 6.1; WOW64; rv:21.0) Gecko/20100101 Firefox/21.0"
192.119.144.25 - - [21/Nov/2013:01:07:42 +0000] "GET /?q=node/add HTTP/1.0" 403 6085 "http://clinical-security.info/" "Mozilla/5.0 (Windows NT 6.1; WOW64; rv:21.0) Gecko/20100101 Firefox/21.0"
192.119.144.25 - - [21/Nov/2013:01:07:48 +0000] "GET /?q=user/register HTTP/1.0" 403 5996 "http://clinical-security.info/?q=node/add" "Mozilla/5.0 (Windows NT 6.1; WOW64; rv:21.0) Gecko/20100101 Firefox/21.0"
123.125.71.89 - - [21/Nov/2013:01:26:42 +0000] "GET / HTTP/1.1" 200 8460 "-" "Mozilla/5.0 (compatible; Baiduspider/2.0; +http://www.baidu.com/search/spider.html)"
220.181.108.161 - - [21/Nov/2013:01:28:35 +0000] "GET / HTTP/1.1" 200 8460 "-" "Mozilla/5.0 (compatible; Baiduspider/2.0; +http://www.baidu.com/search/spider.html)"
119.63.193.195 - - [21/Nov/2013:01:30:31 +0000] "GET / HTTP/1.1" 200 8465 "-" "Mozilla/4.0 (compatible; MSIE 7.0; Windows NT 6.0)"
202.46.57.66 - - [21/Nov/2013:01:31:16 +0000] "GET / HTTP/1.1" 200 8465 "-" "Mozilla/4.0 (compatible; MSIE 7.0; Windows NT 6.0)"
54.212.115.224 - - [21/Nov/2013:01:37:54 +0000] "GET / HTTP/1.1" 200 8464 "http://www.ausergrubhof.info" "Mozilla/5.0 (Windows NT 6.1; Win64; x64; rv:25.0) Gecko/20100101 Firefox/25.0"
209.20.69.216 - - [21/Nov/2013:02:00:02 +0000] "GET /cron.php HTTP/1.0" 200 - "-" "Wget/1.12 (linux-gnu)"
37.139.52.23 - - [21/Nov/2013:02:11:22 +0000] "GET /?q=aggregator/rss HTTP/1.1" 200 280 "http://pmr-auction.com/" "Mozilla/4.0 (compatible; MSIE 6.0; Update a; AOL 6.0; Windows 98)"
37.139.52.23 - - [21/Nov/2013:02:11:20 +0000] "GET /?q=aggregator/rss HTTP/1.1" 200 280 "http://pmr-auction.com/" "Mozilla/4.0 (compatible; MSIE 6.0; Update a; AOL 6.0; Windows 98)"
37.139.52.23 - - [21/Nov/2013:02:11:21 +0000] "GET /?q=aggregator/rss HTTP/1.1" 200 280 "http://pmr-auction.com/" "Mozilla/4.0 (compatible; MSIE 6.0; Update a; AOL 6.0; Windows 98)"
80.72.35.92 - - [21/Nov/2013:02:24:26 +0000] "GET /?q=/user/register/user/register HTTP/1.1" 403 5996 "http://clinical-security.com/" "Mozilla/5.0 (Windows NT 6.0) AppleWebKit/537.36 (KHTML, like Gecko) Chrome/27.0.1453.116 Safari/537.36"
117.27.143.168 - - [21/Nov/2013:02:28:53 +0000] "GET / HTTP/1.1" 200 8465 "-" "crawler4j (http://code.google.com/p/crawler4j/)"
220.181.108.151 - - [21/Nov/2013:02:38:50 +0000] "GET / HTTP/1.1" 200 8460 "-" "Mozilla/5.0 (compatible; Baiduspider/2.0; +http://www.baidu.com/search/spider.html)"
66.249.73.146 - - [21/Nov/2013:02:40:44 +0000] "GET /?q=aggregator/sources HTTP/1.1" 200 7344 "-" "Mozilla/5.0 (compatible; Googlebot/2.1; +http://www.google.com/bot.html)"
176.31.57.6 - - [21/Nov/2013:02:40:47 +0000] "GET /?q=user/register HTTP/1.0" 403 5996 "http://clinical-security.info/" "Mozilla/5.0 (Windows NT 6.1; WOW64) AppleWebKit/537.36 (KHTML, like Gecko) Chrome/28.0.1500.72 Safari/537.36"
176.31.57.6 - - [21/Nov/2013:02:40:54 +0000] "GET /?q=node/add HTTP/1.0" 403 6085 "http://clinical-security.info/" "Mozilla/5.0 (Windows NT 6.1; WOW64) AppleWebKit/537.36 (KHTML, like Gecko) Chrome/28.0.1500.72 Safari/537.36"
176.31.57.6 - - [21/Nov/2013:02:40:58 +0000] "GET /?q=user/register HTTP/1.0" 403 5996 "http://clinical-security.info/?q=node/add" "Mozilla/5.0 (Windows NT 6.1; WOW64) AppleWebKit/537.36 (KHTML, like Gecko) Chrome/28.0.1500.72 Safari/537.36"
209.20.69.216 - - [21/Nov/2013:03:00:01 +0000] "GET /cron.php HTTP/1.0" 200 - "-" "Wget/1.12 (linux-gnu)"
220.181.108.161 - - [21/Nov/2013:03:32:57 +0000] "GET / HTTP/1.1" 200 8460 "-" "Mozilla/5.0 (compatible; Baiduspider/2.0; +http://www.baidu.com/search/spider.html)"
119.63.193.130 - - [21/Nov/2013:03:34:33 +0000] "GET / HTTP/1.1" 200 8461 "-" "Mozilla/4.0 (compatible; MSIE 7.0; Windows NT 6.0)"
202.46.48.18 - - [21/Nov/2013:03:35:42 +0000] "GET / HTTP/1.1" 200 8461 "-" "Mozilla/4.0 (compatible; MSIE 7.0; Windows NT 6.0)"
66.249.73.146 - - [21/Nov/2013:03:49:17 +0000] "GET /?q=user/password HTTP/1.1" 200 7934 "-" "Mozilla/5.0 (compatible; Googlebot/2.1; +http://www.google.com/bot.html)"
209.20.69.216 - - [21/Nov/2013:04:00:02 +0000] "GET /cron.php HTTP/1.0" 200 - "-" "Wget/1.12 (linux-gnu)"
54.244.69.165 - - [21/Nov/2013:04:00:32 +0000] "GET / HTTP/1.1" 200 8461 "-" "Mozilla/4.0 (compatible; MSIE 6.0; America Online Browser 1.1; Windows 98)"
24.226.128.148 - - [21/Nov/2013:04:30:49 +0000] "GET /HNAP1/ HTTP/1.1" 404 284 "http://209.20.69.216/" "Mozilla/5.0 (Windows; U; Windows NT 5.1; de; rv:1.9.2.3) Gecko/20100401 Firefox/3.6.3 (FM Scene 4.6.1)"
24.226.128.148 - - [21/Nov/2013:04:30:45 +0000] "\x80w\x01\x03\x01" 200 8439 "-" "-"
220.181.108.161 - - [21/Nov/2013:04:39:04 +0000] "GET / HTTP/1.1" 200 8460 "-" "Mozilla/5.0 (compatible; Baiduspider/2.0; +http://www.baidu.com/search/spider.html)"
123.125.71.106 - - [21/Nov/2013:04:47:06 +0000] "GET / HTTP/1.1" 200 8460 "-" "Mozilla/5.0 (compatible; Baiduspider/2.0; +http://www.baidu.com/search/spider.html)"
209.20.69.216 - - [21/Nov/2013:05:00:02 +0000] "GET /cron.php HTTP/1.0" 200 - "-" "Wget/1.12 (linux-gnu)"
79.120.106.66 - - [21/Nov/2013:05:28:31 +0000] "GET /admin.php HTTP/1.0" 404 296 "-" "Opera/9.80 (Windows NT 6.1; U; ru) Presto/2.8.131 Version/11.10"
79.120.106.66 - - [21/Nov/2013:05:28:32 +0000] "GET /administrator/index.php HTTP/1.0" 404 310 "-" "Opera/9.80 (Windows NT 6.1; U; ru) Presto/2.8.131 Version/11.10"
79.120.106.66 - - [21/Nov/2013:05:28:33 +0000] "GET /wp-login.php HTTP/1.0" 404 299 "-" "Opera/9.80 (Windows NT 6.1; U; ru) Presto/2.8.131 Version/11.10"
220.181.108.176 - - [21/Nov/2013:05:28:29 +0000] "GET / HTTP/1.1" 200 8460 "-" "Mozilla/5.0 (compatible; Baiduspider/2.0; +http://www.baidu.com/search/spider.html)"
119.63.193.196 - - [21/Nov/2013:05:29:55 +0000] "GET / HTTP/1.1" 200 8465 "-" "Mozilla/4.0 (compatible; MSIE 7.0; Windows NT 6.0)"
202.46.58.28 - - [21/Nov/2013:05:31:31 +0000] "GET / HTTP/1.1" 200 8465 "-" "Mozilla/4.0 (compatible; MSIE 7.0; Windows NT 6.0)"
123.125.71.104 - - [21/Nov/2013:05:38:37 +0000] "GET / HTTP/1.1" 200 8460 "-" "Mozilla/5.0 (compatible; Baiduspider/2.0; +http://www.baidu.com/search/spider.html)"
94.23.42.178 - - [21/Nov/2013:05:48:51 +0000] "HEAD / HTTP/1.0" 200 - "-" "-"
209.20.69.216 - - [21/Nov/2013:06:00:01 +0000] "GET /cron.php HTTP/1.0" 200 - "-" "Wget/1.12 (linux-gnu)"
5.135.191.4 - - [21/Nov/2013:06:14:07 +0000] "GET /wp-login.php HTTP/1.1" 400 386 "-" "-"
5.135.191.4 - - [21/Nov/2013:06:14:07 +0000] "GET /wp-login.php HTTP/1.1" 400 386 "-" "-"
5.135.191.4 - - [21/Nov/2013:06:14:08 +0000] "GET /administrator/index.php HTTP/1.1" 400 386 "-" "-"
5.135.191.4 - - [21/Nov/2013:06:14:08 +0000] "GET /administrator/index.php HTTP/1.1" 400 386 "-" "-"
5.135.191.4 - - [21/Nov/2013:06:14:08 +0000] "GET /admin.php HTTP/1.1" 400 386 "-" "-"
5.135.191.4 - - [21/Nov/2013:06:14:08 +0000] "GET /admin.php HTTP/1.1" 400 386 "-" "-"
5.135.191.4 - - [21/Nov/2013:06:14:09 +0000] "GET /bitrix/admin/index.php?lang=en HTTP/1.1" 400 386 "-" "-"
5.135.191.4 - - [21/Nov/2013:06:14:09 +0000] "GET /bitrix/admin/index.php?lang=en HTTP/1.1" 400 386 "-" "-"
5.135.191.4 - - [21/Nov/2013:06:14:09 +0000] "GET /admin/login.php HTTP/1.1" 400 386 "-" "-"
5.135.191.4 - - [21/Nov/2013:06:14:09 +0000] "GET /admin/login.php HTTP/1.1" 400 386 "-" "-"
5.135.191.4 - - [21/Nov/2013:06:14:09 +0000] "GET /admin/ HTTP/1.1" 400 386 "-" "-"
5.135.191.4 - - [21/Nov/2013:06:14:09 +0000] "GET /admin/ HTTP/1.1" 400 386 "-" "-"
5.135.191.4 - - [21/Nov/2013:06:14:10 +0000] "GET /user/ HTTP/1.1" 400 386 "-" "-"
5.135.191.4 - - [21/Nov/2013:06:14:10 +0000] "GET /user/ HTTP/1.1" 400 386 "-" "-"
220.181.108.147 - - [21/Nov/2013:06:32:24 +0000] "GET / HTTP/1.1" 200 8460 "-" "Mozilla/5.0 (compatible; Baiduspider/2.0; +http://www.baidu.com/search/spider.html)"
46.246.70.183 - - [21/Nov/2013:06:40:17 +0000] "GET /?q=user/register HTTP/1.1" 403 5996 "http://clinical-security.info/" "Mozilla/5.0 (Windows NT 6.1; WOW64; rv:21.0) Gecko/20100101 Firefox/21.0"
46.246.70.183 - - [21/Nov/2013:06:40:23 +0000] "GET /?q=node/add HTTP/1.1" 403 6085 "http://clinical-security.info/" "Mozilla/5.0 (Windows NT 6.1; WOW64; rv:21.0) Gecko/20100101 Firefox/21.0"
46.246.70.183 - - [21/Nov/2013:06:40:25 +0000] "GET /?q=user/register HTTP/1.1" 403 5996 "http://clinical-security.info/?q=node/add" "Mozilla/5.0 (Windows NT 6.1; WOW64; rv:21.0) Gecko/20100101 Firefox/21.0"
123.125.71.112 - - [21/Nov/2013:06:41:44 +0000] "GET / HTTP/1.1" 200 8460 "-" "Mozilla/5.0 (compatible; Baiduspider/2.0; +http://www.baidu.com/search/spider.html)"
209.20.69.216 - - [21/Nov/2013:07:00:02 +0000] "GET /cron.php HTTP/1.0" 200 - "-" "Wget/1.12 (linux-gnu)"
157.55.33.181 - - [21/Nov/2013:07:15:37 +0000] "GET /robots.txt HTTP/1.1" 200 1521 "-" "Mozilla/5.0 (compatible; bingbot/2.0; +http://www.bing.com/bingbot.htm)"
157.55.33.181 - - [21/Nov/2013:07:16:18 +0000] "GET / HTTP/1.1" 200 8460 "-" "Mozilla/5.0 (compatible; bingbot/2.0; +http://www.bing.com/bingbot.htm)"
80.72.35.94 - - [21/Nov/2013:07:22:25 +0000] "GET /?q=user/register HTTP/1.1" 403 5996 "http://clinical-security.info/" "Mozilla/5.0 (Windows NT 6.1; WOW64; rv:21.0) Gecko/20100101 Firefox/21.0"
80.72.38.195 - - [21/Nov/2013:07:22:31 +0000] "GET /?q=user/register HTTP/1.1" 403 5996 "http://clinical-security.info/" "Mozilla/5.0 (Windows NT 6.1; WOW64; rv:21.0) Gecko/20100101 Firefox/21.0"
80.72.38.195 - - [21/Nov/2013:07:22:37 +0000] "GET /?q=node/add HTTP/1.1" 403 6085 "http://clinical-security.info/" "Mozilla/5.0 (Windows NT 6.1; WOW64; rv:21.0) Gecko/20100101 Firefox/21.0"
80.72.38.195 - - [21/Nov/2013:07:22:40 +0000] "GET /?q=user/register HTTP/1.1" 403 5996 "http://clinical-security.info/?q=node/add" "Mozilla/5.0 (Windows NT 6.1; WOW64; rv:21.0) Gecko/20100101 Firefox/21.0"
220.181.108.168 - - [21/Nov/2013:07:31:05 +0000] "GET / HTTP/1.1" 200 8460 "-" "Mozilla/5.0 (compatible; Baiduspider/2.0; +http://www.baidu.com/search/spider.html)"
123.125.71.91 - - [21/Nov/2013:07:34:28 +0000] "GET / HTTP/1.1" 200 8460 "-" "Mozilla/5.0 (compatible; Baiduspider/2.0; +http://www.baidu.com/search/spider.html)"
80.72.36.202 - - [21/Nov/2013:07:38:06 +0000] "GET / HTTP/1.1" 200 8461 "http://clinical-security.info/" "Mozilla/5.0 (Windows NT 6.1; WOW64; rv:21.0) Gecko/20100101 Firefox/21.0"
80.72.36.202 - - [21/Nov/2013:07:38:13 +0000] "GET /?q=node/add HTTP/1.1" 403 6085 "http://clinical-security.info/" "Mozilla/5.0 (Windows NT 6.1; WOW64; rv:21.0) Gecko/20100101 Firefox/21.0"
80.72.36.202 - - [21/Nov/2013:07:38:16 +0000] "GET /?q=user/register HTTP/1.1" 403 5996 "http://clinical-security.info/?q=node/add" "Mozilla/5.0 (Windows NT 6.1; WOW64; rv:21.0) Gecko/20100101 Firefox/21.0"
54.200.10.51 - - [21/Nov/2013:07:51:48 +0000] "GET / HTTP/1.1" 200 8460 "-" "Mozilla/5.0 (Macintosh; Intel Mac OS X 10_5_8) AppleWebKit/537.1 (KHTML, like Gecko) Chrome/21.0.1180.90 Safari/537.1"
54.200.10.51 - - [21/Nov/2013:07:51:56 +0000] "GET / HTTP/1.1" 200 8460 "-" "Mozilla/5.0 (iPhone; U; CPU iPhone OS 4_3_2 like Mac OS X; en-us) AppleWebKit/533.17.9 (KHTML, like Gecko) Version/5.0.2 Mobile/8H7 Safari/6533.18.5"
54.200.10.51 - - [21/Nov/2013:07:52:00 +0000] "GET / HTTP/1.1" 200 8464 "-" "Mozilla/5.0 (Macintosh; Intel Mac OS X 10_5_8) AppleWebKit/537.1 (KHTML, like Gecko) Chrome/21.0.1180.90 Safari/537.1"
119.63.193.194 - - [21/Nov/2013:07:55:42 +0000] "GET / HTTP/1.1" 200 8460 "-" "Mozilla/4.0 (compatible; MSIE 7.0; Windows NT 6.0)"
202.46.63.46 - - [21/Nov/2013:07:57:34 +0000] "GET / HTTP/1.1" 200 8460 "-" "Mozilla/4.0 (compatible; MSIE 7.0; Windows NT 6.0)"
209.20.69.216 - - [21/Nov/2013:08:00:02 +0000] "GET /cron.php HTTP/1.0" 200 - "-" "Wget/1.12 (linux-gnu)"
5.135.114.230 - - [21/Nov/2013:08:08:13 +0000] "GET /?q=user HTTP/1.0" 200 8287 "http://clinical-security.com/" "Mozilla/5.0 (Windows NT 6.0) AppleWebKit/537.36 (KHTML, like Gecko) Chrome/27.0.1453.116 Safari/537.36"
5.135.114.230 - - [21/Nov/2013:08:08:21 +0000] "GET /?q=node/add HTTP/1.0" 403 6085 "http://clinical-security.com/" "Mozilla/5.0 (Windows NT 6.0) AppleWebKit/537.36 (KHTML, like Gecko) Chrome/27.0.1453.116 Safari/537.36"
5.135.114.230 - - [21/Nov/2013:08:08:24 +0000] "GET /?q=user/register HTTP/1.0" 403 5996 "http://clinical-security.com/?q=node/add" "Mozilla/5.0 (Windows NT 6.0) AppleWebKit/537.36 (KHTML, like Gecko) Chrome/27.0.1453.116 Safari/537.36"
123.125.71.116 - - [21/Nov/2013:08:29:23 +0000] "GET / HTTP/1.1" 200 8460 "-" "Mozilla/5.0 (compatible; Baiduspider/2.0; +http://www.baidu.com/search/spider.html)"
220.181.108.181 - - [21/Nov/2013:08:29:22 +0000] "GET / HTTP/1.1" 200 8460 "-" "Mozilla/5.0 (compatible; Baiduspider/2.0; +http://www.baidu.com/search/spider.html)"
157.55.35.35 - - [21/Nov/2013:08:42:59 +0000] "GET /robots.txt HTTP/1.1" 200 1521 "-" "Mozilla/5.0 (compatible; bingbot/2.0; +http://www.bing.com/bingbot.htm)"
157.55.35.35 - - [21/Nov/2013:08:43:58 +0000] "GET / HTTP/1.1" 200 8465 "-" "Mozilla/5.0 (compatible; bingbot/2.0; +http://www.bing.com/bingbot.htm)"
109.169.70.249 - - [21/Nov/2013:08:56:14 +0000] "GET /?q=user/register HTTP/1.1" 403 5996 "http://clinical-security.com/" "Mozilla/5.0 (Windows NT 6.0) AppleWebKit/537.36 (KHTML, like Gecko) Chrome/27.0.1453.116 Safari/537.36"
23.19.153.46 - - [21/Nov/2013:08:56:22 +0000] "GET /?q=node/add HTTP/1.0" 403 6085 "http://clinical-security.com/" "Mozilla/5.0 (Windows NT 6.0) AppleWebKit/537.36 (KHTML, like Gecko) Chrome/27.0.1453.116 Safari/537.36"
23.19.153.46 - - [21/Nov/2013:08:56:27 +0000] "GET /?q=user/register HTTP/1.0" 403 5996 "http://clinical-security.com/?q=node/add" "Mozilla/5.0 (Windows NT 6.0) AppleWebKit/537.36 (KHTML, like Gecko) Chrome/27.0.1453.116 Safari/537.36"
23.19.153.46 - - [21/Nov/2013:08:56:30 +0000] "GET /?q=node/add HTTP/1.0" 403 6085 "http://clinical-security.com/" "Mozilla/5.0 (Windows NT 6.0) AppleWebKit/537.36 (KHTML, like Gecko) Chrome/27.0.1453.116 Safari/537.36"
50.118.149.4 - - [21/Nov/2013:08:59:31 +0000] "GET /?q=user/register HTTP/1.0" 403 5996 "http://clinical-security.info/" "Mozilla/5.0 (Windows NT 6.1; WOW64; rv:21.0) Gecko/20100101 Firefox/21.0"
50.118.149.4 - - [21/Nov/2013:08:59:36 +0000] "GET /?q=node/add HTTP/1.0" 403 6085 "http://clinical-security.info/" "Mozilla/5.0 (Windows NT 6.1; WOW64; rv:21.0) Gecko/20100101 Firefox/21.0"
50.118.149.4 - - [21/Nov/2013:08:59:39 +0000] "GET /?q=user/register HTTP/1.0" 403 5996 "http://clinical-security.info/?q=node/add" "Mozilla/5.0 (Windows NT 6.1; WOW64; rv:21.0) Gecko/20100101 Firefox/21.0"
209.20.69.216 - - [21/Nov/2013:09:00:02 +0000] "GET /cron.php HTTP/1.0" 200 - "-" "Wget/1.12 (linux-gnu)"
80.72.36.202 - - [21/Nov/2013:09:01:35 +0000] "GET / HTTP/1.1" 200 8461 "http://clinical-security.info/" "Mozilla/5.0 (Windows NT 6.1; WOW64; rv:21.0) Gecko/20100101 Firefox/21.0"
80.72.36.202 - - [21/Nov/2013:09:01:42 +0000] "GET /?q=node/add HTTP/1.1" 403 6085 "http://clinical-security.info/" "Mozilla/5.0 (Windows NT 6.1; WOW64; rv:21.0) Gecko/20100101 Firefox/21.0"
80.72.36.202 - - [21/Nov/2013:09:01:45 +0000] "GET /?q=user/register HTTP/1.1" 403 5996 "http://clinical-security.info/?q=node/add" "Mozilla/5.0 (Windows NT 6.1; WOW64; rv:21.0) Gecko/20100101 Firefox/21.0"
119.63.193.130 - - [21/Nov/2013:09:26:44 +0000] "GET / HTTP/1.1" 200 8465 "-" "Mozilla/4.0 (compatible; MSIE 7.0; Windows NT 6.0)"
202.46.57.81 - - [21/Nov/2013:09:27:15 +0000] "GET / HTTP/1.1" 200 8465 "-" "Mozilla/4.0 (compatible; MSIE 7.0; Windows NT 6.0)"
220.181.108.148 - - [21/Nov/2013:09:30:23 +0000] "GET / HTTP/1.1" 200 8460 "-" "Mozilla/5.0 (compatible; Baiduspider/2.0; +http://www.baidu.com/search/spider.html)"
209.20.69.216 - - [21/Nov/2013:10:00:02 +0000] "GET /cron.php HTTP/1.0" 200 - "-" "Wget/1.12 (linux-gnu)"
123.156.127.186 - - [21/Nov/2013:10:12:00 +0000] "GET /?q=user/&destination=node/add HTTP/1.0" 200 8313 "http://clinical-security.info/?q=user/&destination=node/add" "Mozilla/5.0 (Windows NT 6.1; WOW64) AppleWebKit/535.19 (KHTML, like Gecko) Chrome/18.0.1025.168 Safari/535.19"
123.156.127.186 - - [21/Nov/2013:10:12:08 +0000] "POST /?q=user/&destination=node/add HTTP/1.0" 200 8473 "http://clinical-security.info/?q=user/&destination=node/add" "Mozilla/5.0 (Windows NT 6.1; WOW64) AppleWebKit/535.19 (KHTML, like Gecko) Chrome/18.0.1025.168 Safari/535.19"
123.156.127.186 - - [21/Nov/2013:10:12:14 +0000] "POST /?q=user/&destination=node/add HTTP/1.0" 200 8473 "http://clinical-security.info/?q=user/&destination=node/add" "Mozilla/5.0 (Windows NT 6.1; WOW64) AppleWebKit/535.19 (KHTML, like Gecko) Chrome/18.0.1025.168 Safari/535.19"
123.156.127.186 - - [21/Nov/2013:10:12:17 +0000] "GET /?q=user/&destination=node/add HTTP/1.0" 200 8313 "http://clinical-security.info/?q=user/&destination=node/add" "Mozilla/5.0 (Windows NT 6.1; WOW64) AppleWebKit/535.19 (KHTML, like Gecko) Chrome/18.0.1025.168 Safari/535.19"
137.43.151.13 - - [21/Nov/2013:10:33:13 +0000] "HEAD / HTTP/1.0" 200 - "-" "-"
220.181.108.157 - - [21/Nov/2013:10:35:15 +0000] "GET / HTTP/1.1" 200 8460 "-" "Mozilla/5.0 (compatible; Baiduspider/2.0; +http://www.baidu.com/search/spider.html)"
66.249.73.146 - - [21/Nov/2013:10:38:49 +0000] "GET /?q=contact HTTP/1.1" 200 8673 "-" "Mozilla/5.0 (iPhone; CPU iPhone OS 6_0 like Mac OS X) AppleWebKit/536.26 (KHTML, like Gecko) Version/6.0 Mobile/10A5376e Safari/8536.25 (compatible; Googlebot-Mobile/2.1; +http://www.google.com/bot.html)"
123.125.71.117 - - [21/Nov/2013:10:39:49 +0000] "GET / HTTP/1.1" 200 8460 "-" "Mozilla/5.0 (compatible; Baiduspider/2.0; +http://www.baidu.com/search/spider.html)"
188.143.232.103 - - [21/Nov/2013:10:54:16 +0000] "GET /admin/fckeditor/editor/filemanager/browser/default/connectors/php/connector.php?Command=GetFoldersAndFiles&Type=File&CurrentFolder=%2F HTTP/1.1" 404 365 "-" "Mozilla/5.0 (Windows NT 6.1; WOW64; rv:20.0) Gecko/20100101 Firefox/20.0"
188.143.232.103 - - [21/Nov/2013:10:54:16 +0000] "GET /admin/FCKeditor/editor/filemanager/connectors/php/connector.php?Command=GetFoldersAndFiles&Type=File&CurrentFolder=%2F HTTP/1.1" 404 349 "-" "Mozilla/5.0 (Windows NT 6.1; WOW64; rv:20.0) Gecko/20100101 Firefox/20.0"
188.143.232.103 - - [21/Nov/2013:10:54:17 +0000] "GET /admin/fckeditor/editor/filemanager/connectors/php/connector.php?Command=GetFoldersAndFiles&Type=File&CurrentFolder=%2F HTTP/1.1" 404 349 "-" "Mozilla/5.0 (Windows NT 6.1; WOW64; rv:20.0) Gecko/20100101 Firefox/20.0"
188.143.232.103 - - [21/Nov/2013:10:54:17 +0000] "GET /FCK/editor/filemanager/browser/default/connectors/php/connector.php?Command=GetFoldersAndFiles&Type=File&CurrentFolder=%2F HTTP/1.1" 404 353 "-" "Mozilla/5.0 (Windows NT 6.1; WOW64; rv:20.0) Gecko/20100101 Firefox/20.0"
188.143.232.103 - - [21/Nov/2013:10:54:18 +0000] "GET /fck/editor/filemanager/browser/default/connectors/php/connector.php?Command=GetFoldersAndFiles&Type=File&CurrentFolder=%2F HTTP/1.1" 404 353 "-" "Mozilla/5.0 (Windows NT 6.1; WOW64; rv:20.0) Gecko/20100101 Firefox/20.0"
188.143.232.103 - - [21/Nov/2013:10:54:18 +0000] "GET /FCK/editor/filemanager/connectors/php/connector.php?Command=GetFoldersAndFiles&Type=File&CurrentFolder=%2F HTTP/1.1" 404 337 "-" "Mozilla/5.0 (Windows NT 6.1; WOW64; rv:20.0) Gecko/20100101 Firefox/20.0"
188.143.232.103 - - [21/Nov/2013:10:54:18 +0000] "GET /fck/editor/filemanager/connectors/php/connector.php?Command=GetFoldersAndFiles&Type=File&CurrentFolder=%2F HTTP/1.1" 404 337 "-" "Mozilla/5.0 (Windows NT 6.1; WOW64; rv:20.0) Gecko/20100101 Firefox/20.0"
188.143.232.103 - - [21/Nov/2013:10:54:19 +0000] "GET /FCKeditor/editor/filemanager/browser/default/connectors/php/connector.php?Command=GetFoldersAndFiles&Type=File&CurrentFolder=%2F HTTP/1.1" 404 359 "-" "Mozilla/5.0 (Windows NT 6.1; WOW64; rv:20.0) Gecko/20100101 Firefox/20.0"
188.143.232.103 - - [21/Nov/2013:10:54:19 +0000] "GET /fckeditor/editor/filemanager/browser/default/connectors/php/connector.php?Command=GetFoldersAndFiles&Type=File&CurrentFolder=%2F HTTP/1.1" 404 359 "-" "Mozilla/5.0 (Windows NT 6.1; WOW64; rv:20.0) Gecko/20100101 Firefox/20.0"
188.143.232.103 - - [21/Nov/2013:10:54:19 +0000] "GET /FCKeditor/editor/filemanager/connectors/php/connector.php?Command=GetFoldersAndFiles&Type=File&CurrentFolder=%2F HTTP/1.1" 404 343 "-" "Mozilla/5.0 (Windows NT 6.1; WOW64; rv:20.0) Gecko/20100101 Firefox/20.0"
188.143.232.103 - - [21/Nov/2013:10:54:19 +0000] "GET /fckeditor/editor/filemanager/connectors/php/connector.php?Command=GetFoldersAndFiles&Type=File&CurrentFolder=%2F HTTP/1.1" 404 343 "-" "Mozilla/5.0 (Windows NT 6.1; WOW64; rv:20.0) Gecko/20100101 Firefox/20.0"
209.20.69.216 - - [21/Nov/2013:11:00:02 +0000] "GET /cron.php HTTP/1.0" 200 - "-" "Wget/1.12 (linux-gnu)"
123.125.71.105 - - [21/Nov/2013:11:39:14 +0000] "GET / HTTP/1.1" 200 8460 "-" "Mozilla/5.0 (compatible; Baiduspider/2.0; +http://www.baidu.com/search/spider.html)"
220.181.108.152 - - [21/Nov/2013:11:44:20 +0000] "GET / HTTP/1.1" 200 8460 "-" "Mozilla/5.0 (compatible; Baiduspider/2.0; +http://www.baidu.com/search/spider.html)"
202.46.62.29 - - [21/Nov/2013:11:55:24 +0000] "GET / HTTP/1.1" 200 8460 "-" "Mozilla/4.0 (compatible; MSIE 7.0; Windows NT 6.0)"
119.63.193.196 - - [21/Nov/2013:11:55:25 +0000] "GET / HTTP/1.1" 200 8460 "-" "Mozilla/4.0 (compatible; MSIE 7.0; Windows NT 6.0)"
209.20.69.216 - - [21/Nov/2013:12:00:02 +0000] "GET /cron.php HTTP/1.0" 200 - "-" "Wget/1.12 (linux-gnu)"
198.20.69.74 - - [21/Nov/2013:12:29:42 +0000] "GET / HTTP/1.1" 200 8452 "-" "-"
220.181.108.175 - - [21/Nov/2013:12:34:25 +0000] "GET / HTTP/1.1" 200 8460 "-" "Mozilla/5.0 (compatible; Baiduspider/2.0; +http://www.baidu.com/search/spider.html)"
80.72.36.202 - - [21/Nov/2013:12:36:58 +0000] "GET / HTTP/1.1" 200 8461 "http://clinical-security.info/" "Mozilla/5.0 (Windows NT 6.1; WOW64; rv:21.0) Gecko/20100101 Firefox/21.0"
80.72.36.202 - - [21/Nov/2013:12:37:05 +0000] "GET /?q=node/add HTTP/1.1" 403 6085 "http://clinical-security.info/" "Mozilla/5.0 (Windows NT 6.1; WOW64; rv:21.0) Gecko/20100101 Firefox/21.0"
80.72.36.202 - - [21/Nov/2013:12:37:10 +0000] "GET /?q=user/register HTTP/1.1" 403 5996 "http://clinical-security.info/?q=node/add" "Mozilla/5.0 (Windows NT 6.1; WOW64; rv:21.0) Gecko/20100101 Firefox/21.0"
123.125.71.86 - - [21/Nov/2013:12:40:26 +0000] "GET / HTTP/1.1" 200 8460 "-" "Mozilla/5.0 (compatible; Baiduspider/2.0; +http://www.baidu.com/search/spider.html)"
82.221.102.181 - - [21/Nov/2013:12:44:10 +0000] "GET /cgi-bin/php HTTP/1.0" 404 289 "-" "-"
209.20.69.216 - - [21/Nov/2013:13:00:02 +0000] "GET /cron.php HTTP/1.0" 200 - "-" "Wget/1.12 (linux-gnu)"
180.76.5.19 - - [21/Nov/2013:13:14:42 +0000] "GET / HTTP/1.1" 200 8464 "-" "Mozilla/5.0 (compatible; Baiduspider/2.0; +http://www.baidu.com/search/spider.html)"
220.181.108.160 - - [21/Nov/2013:13:31:15 +0000] "GET / HTTP/1.1" 200 8460 "-" "Mozilla/5.0 (compatible; Baiduspider/2.0; +http://www.baidu.com/search/spider.html)"
119.63.193.130 - - [21/Nov/2013:13:32:17 +0000] "GET / HTTP/1.1" 200 8465 "-" "Mozilla/4.0 (compatible; MSIE 7.0; Windows NT 6.0)"
202.46.54.111 - - [21/Nov/2013:13:32:26 +0000] "GET / HTTP/1.1" 200 8465 "-" "Mozilla/4.0 (compatible; MSIE 7.0; Windows NT 6.0)"
123.125.71.98 - - [21/Nov/2013:13:36:03 +0000] "GET / HTTP/1.1" 200 8460 "-" "Mozilla/5.0 (compatible; Baiduspider/2.0; +http://www.baidu.com/search/spider.html)"
199.21.99.100 - - [21/Nov/2013:13:44:46 +0000] "GET /robots.txt HTTP/1.1" 200 1521 "-" "Mozilla/5.0 (compatible; YandexBot/3.0; +http://yandex.com/bots)"
199.21.99.100 - - [21/Nov/2013:13:44:57 +0000] "GET /sites/default/files/images/Dalton.png HTTP/1.1" 304 - "-" "Mozilla/5.0 (compatible; YandexImages/3.0; +http://yandex.com/bots)"
209.20.69.216 - - [21/Nov/2013:14:00:02 +0000] "GET /cron.php HTTP/1.0" 200 - "-" "Wget/1.12 (linux-gnu)"
54.224.120.241 - - [21/Nov/2013:14:20:05 +0000] "GET /muieblackcat HTTP/1.1" 404 290 "-" "-"
54.224.120.241 - - [21/Nov/2013:14:20:06 +0000] "GET //MyAdmin/scripts/setup.php HTTP/1.1" 404 303 "-" "-"
54.224.120.241 - - [21/Nov/2013:14:20:12 +0000] "GET //admin/scripts/setup.php HTTP/1.1" 404 301 "-" "-"
54.224.120.241 - - [21/Nov/2013:14:20:12 +0000] "GET //db/scripts/setup.php HTTP/1.1" 404 298 "-" "-"
54.224.120.241 - - [21/Nov/2013:14:20:13 +0000] "GET //dbadmin/scripts/setup.php HTTP/1.1" 404 303 "-" "-"
54.224.120.241 - - [21/Nov/2013:14:20:13 +0000] "GET //myadmin/scripts/setup.php HTTP/1.1" 404 303 "-" "-"
54.224.120.241 - - [21/Nov/2013:14:20:13 +0000] "GET //mysql/scripts/setup.php HTTP/1.1" 404 301 "-" "-"
54.224.120.241 - - [21/Nov/2013:14:20:13 +0000] "GET //mysqladmin/scripts/setup.php HTTP/1.1" 404 306 "-" "-"
54.224.120.241 - - [21/Nov/2013:14:20:13 +0000] "GET //php-my-admin/scripts/setup.php HTTP/1.1" 404 308 "-" "-"
54.224.120.241 - - [21/Nov/2013:14:20:14 +0000] "GET //phpMyAdmin-2.5.5-pl1/index.php HTTP/1.1" 404 308 "-" "-"
54.224.120.241 - - [21/Nov/2013:14:20:14 +0000] "GET //phpMyAdmin-2.5.5/index.php HTTP/1.1" 404 304 "-" "-"
54.224.120.241 - - [21/Nov/2013:14:20:14 +0000] "GET //phpMyAdmin-2/scripts/setup.php HTTP/1.1" 404 308 "-" "-"
54.224.120.241 - - [21/Nov/2013:14:20:14 +0000] "GET //phpMyAdmin/scripts/setup.php HTTP/1.1" 404 306 "-" "-"
54.224.120.241 - - [21/Nov/2013:14:20:14 +0000] "GET //phpadmin/scripts/setup.php HTTP/1.1" 404 304 "-" "-"
54.224.120.241 - - [21/Nov/2013:14:20:14 +0000] "GET //phpmyadmin/scripts/setup.php HTTP/1.1" 404 306 "-" "-"
54.224.120.241 - - [21/Nov/2013:14:20:14 +0000] "GET //phpmyadmin1/scripts/setup.php HTTP/1.1" 404 307 "-" "-"
54.224.120.241 - - [21/Nov/2013:14:20:14 +0000] "GET //phpmyadmin2/scripts/setup.php HTTP/1.1" 404 307 "-" "-"
54.224.120.241 - - [21/Nov/2013:14:20:18 +0000] "GET //pma/scripts/setup.php HTTP/1.1" 404 299 "-" "-"
54.224.120.241 - - [21/Nov/2013:14:20:18 +0000] "GET //scripts/setup.php HTTP/1.1" 404 295 "-" "-"
54.224.120.241 - - [21/Nov/2013:14:20:18 +0000] "GET //typo3/phpmyadmin/scripts/setup.php HTTP/1.1" 404 312 "-" "-"
54.224.120.241 - - [21/Nov/2013:14:20:18 +0000] "GET //web/phpMyAdmin/scripts/setup.php HTTP/1.1" 404 310 "-" "-"
54.224.120.241 - - [21/Nov/2013:14:20:18 +0000] "GET //web/scripts/setup.php HTTP/1.1" 404 299 "-" "-"
54.224.120.241 - - [21/Nov/2013:14:20:18 +0000] "GET //websql/scripts/setup.php HTTP/1.1" 404 302 "-" "-"
54.224.120.241 - - [21/Nov/2013:14:20:19 +0000] "GET //xampp/phpmyadmin/scripts/setup.php HTTP/1.1" 404 312 "-" "-"
54.224.120.241 - - [21/Nov/2013:14:21:16 +0000] "GET /muieblackcat HTTP/1.1" 404 290 "-" "-"
54.224.120.241 - - [21/Nov/2013:14:21:17 +0000] "GET //MyAdmin/scripts/setup.php HTTP/1.1" 404 303 "-" "-"
54.224.120.241 - - [21/Nov/2013:14:21:17 +0000] "GET //admin/phpmyadmin/scripts/setup.php HTTP/1.1" 404 312 "-" "-"
54.224.120.241 - - [21/Nov/2013:14:21:17 +0000] "GET //admin/pma/scripts/setup.php HTTP/1.1" 404 305 "-" "-"
54.224.120.241 - - [21/Nov/2013:14:21:18 +0000] "GET //admin/scripts/setup.php HTTP/1.1" 404 301 "-" "-"
54.224.120.241 - - [21/Nov/2013:14:21:18 +0000] "GET //db/scripts/setup.php HTTP/1.1" 404 298 "-" "-"
54.224.120.241 - - [21/Nov/2013:14:21:18 +0000] "GET //dbadmin/scripts/setup.php HTTP/1.1" 404 303 "-" "-"
54.224.120.241 - - [21/Nov/2013:14:21:21 +0000] "GET //mysql/scripts/setup.php HTTP/1.1" 404 301 "-" "-"
54.224.120.241 - - [21/Nov/2013:14:21:21 +0000] "GET //mysqladmin/scripts/setup.php HTTP/1.1" 404 306 "-" "-"
54.224.120.241 - - [21/Nov/2013:14:21:21 +0000] "GET //php-my-admin/scripts/setup.php HTTP/1.1" 404 308 "-" "-"
54.224.120.241 - - [21/Nov/2013:14:21:21 +0000] "GET //phpMyAdmin-2.5.5-pl1/index.php HTTP/1.1" 404 308 "-" "-"
54.224.120.241 - - [21/Nov/2013:14:21:21 +0000] "GET //phpMyAdmin-2.5.5/index.php HTTP/1.1" 404 304 "-" "-"
54.224.120.241 - - [21/Nov/2013:14:21:21 +0000] "GET //phpMyAdmin-2/scripts/setup.php HTTP/1.1" 404 308 "-" "-"
54.224.120.241 - - [21/Nov/2013:14:21:25 +0000] "GET //phpMyAdmin/scripts/setup.php HTTP/1.1" 404 306 "-" "-"
54.224.120.241 - - [21/Nov/2013:14:21:25 +0000] "GET //phpadmin/scripts/setup.php HTTP/1.1" 404 304 "-" "-"
54.224.120.241 - - [21/Nov/2013:14:21:28 +0000] "GET //phpmyadmin1/scripts/setup.php HTTP/1.1" 404 307 "-" "-"
54.224.120.241 - - [21/Nov/2013:14:21:28 +0000] "GET //phpmyadmin2/scripts/setup.php HTTP/1.1" 404 307 "-" "-"
54.224.120.241 - - [21/Nov/2013:14:21:28 +0000] "GET //pma/scripts/setup.php HTTP/1.1" 404 299 "-" "-"
54.224.120.241 - - [21/Nov/2013:14:21:28 +0000] "GET //scripts/setup.php HTTP/1.1" 404 295 "-" "-"
54.224.120.241 - - [21/Nov/2013:14:21:28 +0000] "GET //typo3/phpmyadmin/scripts/setup.php HTTP/1.1" 404 312 "-" "-"
54.224.120.241 - - [21/Nov/2013:14:21:29 +0000] "GET //web/phpMyAdmin/scripts/setup.php HTTP/1.1" 404 310 "-" "-"
54.224.120.241 - - [21/Nov/2013:14:21:29 +0000] "GET //web/scripts/setup.php HTTP/1.1" 404 299 "-" "-"
54.224.120.241 - - [21/Nov/2013:14:21:29 +0000] "GET //websql/scripts/setup.php HTTP/1.1" 404 302 "-" "-"
54.224.120.241 - - [21/Nov/2013:14:21:29 +0000] "GET //xampp/phpmyadmin/scripts/setup.php HTTP/1.1" 404 312 "-" "-"
220.181.108.148 - - [21/Nov/2013:14:27:19 +0000] "GET / HTTP/1.1" 200 8460 "-" "Mozilla/5.0 (compatible; Baiduspider/2.0; +http://www.baidu.com/search/spider.html)"
220.181.108.95 - - [21/Nov/2013:14:32:38 +0000] "GET /?q=node/19 HTTP/1.1" 200 8080 "-" "Mozilla/5.0 (compatible; Baiduspider/2.0; +http://www.baidu.com/search/spider.html)"
123.125.71.95 - - [21/Nov/2013:14:33:03 +0000] "GET / HTTP/1.1" 200 8460 "-" "Mozilla/5.0 (compatible; Baiduspider/2.0; +http://www.baidu.com/search/spider.html)"
178.255.180.222 - - [21/Nov/2013:14:35:21 +0000] "GET /admin.php HTTP/1.0" 404 296 "-" "Opera/9.80 (Windows NT 6.1; U; ru) Presto/2.8.131 Version/11.10"
178.255.180.222 - - [21/Nov/2013:14:35:22 +0000] "GET /administrator/index.php HTTP/1.0" 404 310 "-" "Opera/9.80 (Windows NT 6.1; U; ru) Presto/2.8.131 Version/11.10"
178.255.180.222 - - [21/Nov/2013:14:35:22 +0000] "GET /wp-login.php HTTP/1.0" 404 299 "-" "Opera/9.80 (Windows NT 6.1; U; ru) Presto/2.8.131 Version/11.10"
209.20.69.216 - - [21/Nov/2013:15:00:02 +0000] "GET /cron.php HTTP/1.0" 200 - "-" "Wget/1.12 (linux-gnu)"
91.121.164.212 - - [21/Nov/2013:15:08:20 +0000] "GET /?q=user/register HTTP/1.1" 403 5996 "http://clinical-security.info/" "Mozilla/5.0 (Windows NT 6.1; WOW64; rv:21.0) Gecko/20100101 Firefox/21.0"
91.121.164.212 - - [21/Nov/2013:15:08:25 +0000] "GET /?q=node/add HTTP/1.1" 403 6085 "http://clinical-security.info/" "Mozilla/5.0 (Windows NT 6.1; WOW64; rv:21.0) Gecko/20100101 Firefox/21.0"
91.121.164.212 - - [21/Nov/2013:15:08:27 +0000] "GET /?q=user/register HTTP/1.1" 403 5996 "http://clinical-security.info/" "Mozilla/5.0 (Windows NT 6.1; WOW64; rv:21.0) Gecko/20100101 Firefox/21.0"
91.121.164.212 - - [21/Nov/2013:15:08:27 +0000] "GET /?q=node/add HTTP/1.1" 403 6085 "http://clinical-security.info/" "Mozilla/5.0 (Windows NT 6.1; WOW64; rv:21.0) Gecko/20100101 Firefox/21.0"
91.121.164.212 - - [21/Nov/2013:15:08:36 +0000] "GET /?q=user/register HTTP/1.1" 403 5996 "http://clinical-security.info/?q=node/add" "Mozilla/5.0 (Windows NT 6.1; WOW64; rv:21.0) Gecko/20100101 Firefox/21.0"
220.181.108.185 - - [21/Nov/2013:15:29:44 +0000] "GET / HTTP/1.1" 200 8460 "-" "Mozilla/5.0 (compatible; Baiduspider/2.0; +http://www.baidu.com/search/spider.html)"
123.125.71.111 - - [21/Nov/2013:15:34:10 +0000] "GET / HTTP/1.1" 200 8460 "-" "Mozilla/5.0 (compatible; Baiduspider/2.0; +http://www.baidu.com/search/spider.html)"
119.63.193.194 - - [21/Nov/2013:15:53:24 +0000] "GET / HTTP/1.1" 200 8460 "-" "Mozilla/4.0 (compatible; MSIE 7.0; Windows NT 6.0)"
202.46.63.91 - - [21/Nov/2013:15:54:41 +0000] "GET / HTTP/1.1" 200 8460 "-" "Mozilla/4.0 (compatible; MSIE 7.0; Windows NT 6.0)"
199.21.99.100 - - [21/Nov/2013:15:56:13 +0000] "GET / HTTP/1.1" 200 8460 "-" "Mozilla/5.0 (compatible; YandexBot/3.0; +http://yandex.com/bots)"
199.21.99.100 - - [21/Nov/2013:15:56:37 +0000] "GET / HTTP/1.1" 200 8460 "-" "Mozilla/5.0 (compatible; YandexBot/3.0; +http://yandex.com/bots)"
199.21.99.100 - - [21/Nov/2013:15:58:58 +0000] "GET /robots.txt HTTP/1.1" 200 1521 "-" "Mozilla/5.0 (compatible; YandexBot/3.0; +http://yandex.com/bots)"
199.21.99.100 - - [21/Nov/2013:15:58:59 +0000] "GET /robots.txt HTTP/1.1" 200 1521 "-" "Mozilla/5.0 (compatible; YandexBot/3.0; +http://yandex.com/bots)"
199.21.99.100 - - [21/Nov/2013:15:59:00 +0000] "GET /robots.txt HTTP/1.1" 200 1521 "-" "Mozilla/5.0 (compatible; YandexBot/3.0; +http://yandex.com/bots)"
199.21.99.100 - - [21/Nov/2013:15:59:10 +0000] "GET / HTTP/1.1" 200 8461 "-" "Mozilla/5.0 (compatible; YandexBot/3.0; +http://yandex.com/bots)"
199.21.99.100 - - [21/Nov/2013:15:59:10 +0000] "GET / HTTP/1.1" 200 8464 "-" "Mozilla/5.0 (compatible; YandexBot/3.0; +http://yandex.com/bots)"
199.21.99.100 - - [21/Nov/2013:15:59:09 +0000] "GET / HTTP/1.1" 200 8465 "-" "Mozilla/5.0 (compatible; YandexBot/3.0; +http://yandex.com/bots)"
199.21.99.100 - - [21/Nov/2013:15:59:30 +0000] "GET / HTTP/1.1" 200 8461 "-" "Mozilla/5.0 (compatible; YandexBot/3.0; +http://yandex.com/bots)"
199.21.99.100 - - [21/Nov/2013:15:59:40 +0000] "GET / HTTP/1.1" 200 8464 "-" "Mozilla/5.0 (compatible; YandexBot/3.0; +http://yandex.com/bots)"
199.21.99.100 - - [21/Nov/2013:15:59:41 +0000] "GET / HTTP/1.1" 200 8465 "-" "Mozilla/5.0 (compatible; YandexBot/3.0; +http://yandex.com/bots)"
209.20.69.216 - - [21/Nov/2013:16:00:02 +0000] "GET /cron.php HTTP/1.0" 200 - "-" "Wget/1.12 (linux-gnu)"
199.21.99.100 - - [21/Nov/2013:16:02:17 +0000] "GET /sites/default/files/images/Meehl_0.png HTTP/1.1" 304 - "-" "Mozilla/5.0 (compatible; YandexImages/3.0; +http://yandex.com/bots)"
192.99.3.226 - - [21/Nov/2013:16:05:16 +0000] "GET /?q=user/register HTTP/1.1" 403 5996 "http://clinical-security.com/" "Mozilla/5.0 (Windows NT 6.0) AppleWebKit/537.36 (KHTML, like Gecko) Chrome/27.0.1453.116 Safari/537.36"
192.99.3.226 - - [21/Nov/2013:16:05:21 +0000] "GET /?q=node/add HTTP/1.1" 403 6085 "http://clinical-security.com/" "Mozilla/5.0 (Windows NT 6.0) AppleWebKit/537.36 (KHTML, like Gecko) Chrome/27.0.1453.116 Safari/537.36"
192.99.3.226 - - [21/Nov/2013:16:05:25 +0000] "GET /?q=user/register HTTP/1.1" 403 5996 "http://clinical-security.com/?q=node/add" "Mozilla/5.0 (Windows NT 6.0) AppleWebKit/537.36 (KHTML, like Gecko) Chrome/27.0.1453.116 Safari/537.36"
63.141.227.74 - - [21/Nov/2013:16:11:47 +0000] "GET /w00tw00t.at.blackhats.romanian.anti-sec:) HTTP/1.1" 404 319 "-" "ZmEu"
63.141.227.74 - - [21/Nov/2013:16:11:48 +0000] "GET /phpMyAdmin/scripts/setup.php HTTP/1.1" 404 306 "-" "ZmEu"
63.141.227.74 - - [21/Nov/2013:16:11:48 +0000] "GET /phpmyadmin/scripts/setup.php HTTP/1.1" 404 306 "-" "ZmEu"
63.141.227.74 - - [21/Nov/2013:16:11:48 +0000] "GET /pma/scripts/setup.php HTTP/1.1" 404 299 "-" "ZmEu"
63.141.227.74 - - [21/Nov/2013:16:11:49 +0000] "GET /myadmin/scripts/setup.php HTTP/1.1" 404 303 "-" "ZmEu"
63.141.227.74 - - [21/Nov/2013:16:11:49 +0000] "GET /MyAdmin/scripts/setup.php HTTP/1.1" 404 303 "-" "ZmEu"
220.181.108.155 - - [21/Nov/2013:16:25:36 +0000] "GET / HTTP/1.1" 200 8460 "-" "Mozilla/5.0 (compatible; Baiduspider/2.0; +http://www.baidu.com/search/spider.html)"
77.97.229.111 - - [21/Nov/2013:16:29:59 +0000] "GET /?q=user/register HTTP/1.1" 403 5996 "http://clinical-security.info/" "Mozilla/5.0 (Windows NT 6.1; WOW64; rv:21.0) Gecko/20100101 Firefox/21.0"
176.31.57.2 - - [21/Nov/2013:16:30:03 +0000] "GET /?q=node/add HTTP/1.0" 403 6085 "http://clinical-security.info/" "Mozilla/5.0 (Windows NT 6.1; WOW64; rv:21.0) Gecko/20100101 Firefox/21.0"
176.31.57.2 - - [21/Nov/2013:16:30:05 +0000] "GET /?q=user/register HTTP/1.0" 403 5996 "http://clinical-security.info/?q=node/add" "Mozilla/5.0 (Windows NT 6.1; WOW64; rv:21.0) Gecko/20100101 Firefox/21.0"
209.20.69.216 - - [21/Nov/2013:17:00:02 +0000] "GET /cron.php HTTP/1.0" 200 - "-" "Wget/1.12 (linux-gnu)"
208.109.209.94 - - [21/Nov/2013:17:05:08 +0000] "GET /w00tw00t.at.blackhats.romanian.anti-sec:) HTTP/1.1" 404 319 "-" "ZmEu"
208.109.209.94 - - [21/Nov/2013:17:05:08 +0000] "GET /phpMyAdmin/scripts/setup.php HTTP/1.1" 404 306 "-" "ZmEu"
208.109.209.94 - - [21/Nov/2013:17:05:08 +0000] "GET /phpmyadmin/scripts/setup.php HTTP/1.1" 404 306 "-" "ZmEu"
208.109.209.94 - - [21/Nov/2013:17:05:08 +0000] "GET /pma/scripts/setup.php HTTP/1.1" 404 299 "-" "ZmEu"
208.109.209.94 - - [21/Nov/2013:17:05:08 +0000] "GET /myadmin/scripts/setup.php HTTP/1.1" 404 303 "-" "ZmEu"
208.109.209.94 - - [21/Nov/2013:17:05:09 +0000] "GET /MyAdmin/scripts/setup.php HTTP/1.1" 404 303 "-" "ZmEu"
208.109.209.94 - - [21/Nov/2013:17:05:09 +0000] "GET  HTTP/1.1" 400 306 "-" "-"
220.181.108.167 - - [21/Nov/2013:17:42:45 +0000] "GET / HTTP/1.1" 200 8460 "-" "Mozilla/5.0 (compatible; Baiduspider/2.0; +http://www.baidu.com/search/spider.html)"
180.76.5.167 - - [21/Nov/2013:17:53:32 +0000] "GET / HTTP/1.1" 200 8460 "-" "Mozilla/5.0 (compatible; Baiduspider/2.0; +http://www.baidu.com/search/spider.html)"
209.20.69.216 - - [21/Nov/2013:18:00:02 +0000] "GET /cron.php HTTP/1.0" 200 - "-" "Wget/1.12 (linux-gnu)"
157.55.34.180 - - [21/Nov/2013:18:06:02 +0000] "GET /robots.txt HTTP/1.1" 200 1521 "-" "Mozilla/5.0 (compatible; bingbot/2.0; +http://www.bing.com/bingbot.htm)"
157.55.34.180 - - [21/Nov/2013:18:06:44 +0000] "GET / HTTP/1.1" 200 8460 "-" "Mozilla/5.0 (compatible; bingbot/2.0; +http://www.bing.com/bingbot.htm)"
220.181.108.147 - - [21/Nov/2013:18:32:44 +0000] "GET / HTTP/1.1" 200 8460 "-" "Mozilla/5.0 (compatible; Baiduspider/2.0; +http://www.baidu.com/search/spider.html)"
157.55.34.180 - - [21/Nov/2013:18:52:43 +0000] "GET / HTTP/1.1" 200 8460 "-" "Mozilla/5.0 (compatible; bingbot/2.0; +http://www.bing.com/bingbot.htm)"
192.99.3.226 - - [21/Nov/2013:18:53:05 +0000] "GET /?q=user/register HTTP/1.1" 403 5996 "http://clinical-security.info/" "Mozilla/5.0 (Windows NT 6.1; WOW64; rv:21.0) Gecko/20100101 Firefox/21.0"
192.99.3.226 - - [21/Nov/2013:18:53:06 +0000] "GET /?q=node/add HTTP/1.1" 403 6085 "http://clinical-security.info/" "Mozilla/5.0 (Windows NT 6.1; WOW64; rv:21.0) Gecko/20100101 Firefox/21.0"
192.99.3.226 - - [21/Nov/2013:18:53:08 +0000] "GET /?q=user/register HTTP/1.1" 403 5996 "http://clinical-security.info/?q=node/add" "Mozilla/5.0 (Windows NT 6.1; WOW64; rv:21.0) Gecko/20100101 Firefox/21.0"
209.20.69.216 - - [21/Nov/2013:19:00:01 +0000] "GET /cron.php HTTP/1.0" 200 - "-" "Wget/1.12 (linux-gnu)"
200.84.36.134 - - [21/Nov/2013:19:07:13 +0000] "GET / HTTP/1.0" 200 8461 "http://CLINICAL-SECURITY.INFO/" "Mozilla/4.0 (compatible; MSIE 6.0; Windows NT 5.1; SV1)"
80.72.36.202 - - [21/Nov/2013:19:09:41 +0000] "GET / HTTP/1.1" 200 8461 "http://clinical-security.info/" "Mozilla/5.0 (Windows NT 6.1; WOW64; rv:21.0) Gecko/20100101 Firefox/21.0"
80.72.36.202 - - [21/Nov/2013:19:09:49 +0000] "GET /?q=node/add HTTP/1.1" 403 6085 "http://clinical-security.info/" "Mozilla/5.0 (Windows NT 6.1; WOW64; rv:21.0) Gecko/20100101 Firefox/21.0"
80.72.36.202 - - [21/Nov/2013:19:09:54 +0000] "GET /?q=user/register HTTP/1.1" 403 5996 "http://clinical-security.info/?q=node/add" "Mozilla/5.0 (Windows NT 6.1; WOW64; rv:21.0) Gecko/20100101 Firefox/21.0"
80.72.36.202 - - [21/Nov/2013:19:18:30 +0000] "GET / HTTP/1.1" 200 8461 "http://clinical-security.info/" "Mozilla/5.0 (Windows NT 6.1; WOW64; rv:21.0) Gecko/20100101 Firefox/21.0"
80.72.36.202 - - [21/Nov/2013:19:18:33 +0000] "GET /?q=node/add HTTP/1.1" 403 6085 "http://clinical-security.info/" "Mozilla/5.0 (Windows NT 6.1; WOW64; rv:21.0) Gecko/20100101 Firefox/21.0"
80.72.36.202 - - [21/Nov/2013:19:18:39 +0000] "GET /?q=user/register HTTP/1.1" 403 5996 "http://clinical-security.info/?q=node/add" "Mozilla/5.0 (Windows NT 6.1; WOW64; rv:21.0) Gecko/20100101 Firefox/21.0"
199.21.99.100 - - [21/Nov/2013:19:26:10 +0000] "GET /sites/default/files/images/Daly.png HTTP/1.1" 304 - "-" "Mozilla/5.0 (compatible; YandexImages/3.0; +http://yandex.com/bots)"
220.181.108.154 - - [21/Nov/2013:19:36:37 +0000] "GET / HTTP/1.1" 200 8460 "-" "Mozilla/5.0 (compatible; Baiduspider/2.0; +http://www.baidu.com/search/spider.html)"
66.249.73.64 - - [21/Nov/2013:19:38:17 +0000] "GET /robots.txt HTTP/1.1" 200 1521 "-" "Mozilla/5.0 (compatible; Googlebot/2.1; +http://www.google.com/bot.html)"
66.249.73.64 - - [21/Nov/2013:19:38:18 +0000] "GET / HTTP/1.1" 200 8461 "-" "Mozilla/5.0 (compatible; Googlebot/2.1; +http://www.google.com/bot.html)"
66.249.73.64 - - [21/Nov/2013:19:41:30 +0000] "GET /?q=storm/task_tickets_js/ HTTP/1.1" 403 5996 "-" "Mozilla/5.0 (compatible; Googlebot/2.1; +http://www.google.com/bot.html)"
66.249.73.64 - - [21/Nov/2013:19:42:42 +0000] "GET /?q=storm/project_tasks_js/ HTTP/1.1" 403 5996 "-" "Mozilla/5.0 (compatible; Googlebot/2.1; +http://www.google.com/bot.html)"
66.249.73.64 - - [21/Nov/2013:19:43:45 +0000] "GET /?q=storm/project_invoices_js/ HTTP/1.1" 403 5996 "-" "Mozilla/5.0 (compatible; Googlebot/2.1; +http://www.google.com/bot.html)"
66.249.73.64 - - [21/Nov/2013:19:44:50 +0000] "GET /?q=storm/project_assignments_js/ HTTP/1.1" 403 5996 "-" "Mozilla/5.0 (compatible; Googlebot/2.1; +http://www.google.com/bot.html)"
66.249.73.64 - - [21/Nov/2013:19:45:57 +0000] "GET /?q=storm/organization_people_js/ HTTP/1.1" 403 5996 "-" "Mozilla/5.0 (compatible; Googlebot/2.1; +http://www.google.com/bot.html)"
66.249.73.64 - - [21/Nov/2013:19:47:15 +0000] "GET /?q=storm/organization_projects_js/ HTTP/1.1" 403 5996 "-" "Mozilla/5.0 (compatible; Googlebot/2.1; +http://www.google.com/bot.html)"
202.46.61.30 - - [21/Nov/2013:19:54:12 +0000] "GET / HTTP/1.1" 200 8460 "-" "Mozilla/4.0 (compatible; MSIE 7.0; Windows NT 6.0)"
119.63.193.195 - - [21/Nov/2013:19:55:11 +0000] "GET / HTTP/1.1" 200 8460 "-" "Mozilla/4.0 (compatible; MSIE 7.0; Windows NT 6.0)"
209.20.69.216 - - [21/Nov/2013:20:00:02 +0000] "GET /cron.php HTTP/1.0" 200 - "-" "Wget/1.12 (linux-gnu)"
174.140.166.140 - - [21/Nov/2013:20:17:03 +0000] "GET /?q=user/register HTTP/1.0" 403 5996 "http://clinical-security.info/" "Mozilla/5.0 (Windows NT 6.1; WOW64; rv:21.0) Gecko/20100101 Firefox/21.0"
174.140.166.140 - - [21/Nov/2013:20:17:16 +0000] "GET /?q=node/add HTTP/1.0" 403 6085 "http://clinical-security.info/" "Mozilla/5.0 (Windows NT 6.1; WOW64; rv:21.0) Gecko/20100101 Firefox/21.0"
174.140.166.140 - - [21/Nov/2013:20:17:22 +0000] "GET /?q=user/register HTTP/1.0" 403 5996 "http://clinical-security.info/?q=node/add" "Mozilla/5.0 (Windows NT 6.1; WOW64; rv:21.0) Gecko/20100101 Firefox/21.0"
123.125.71.114 - - [21/Nov/2013:20:27:20 +0000] "GET / HTTP/1.1" 200 8460 "-" "Mozilla/5.0 (compatible; Baiduspider/2.0; +http://www.baidu.com/search/spider.html)"
220.181.108.157 - - [21/Nov/2013:20:31:54 +0000] "GET / HTTP/1.1" 200 8460 "-" "Mozilla/5.0 (compatible; Baiduspider/2.0; +http://www.baidu.com/search/spider.html)"
157.55.33.15 - - [21/Nov/2013:20:36:53 +0000] "GET /robots.txt HTTP/1.1" 200 1521 "-" "Mozilla/5.0 (compatible; bingbot/2.0; +http://www.bing.com/bingbot.htm)"
80.72.36.202 - - [21/Nov/2013:20:58:29 +0000] "GET / HTTP/1.1" 200 8461 "http://clinical-security.info/" "Mozilla/5.0 (Windows NT 6.1; WOW64; rv:21.0) Gecko/20100101 Firefox/21.0"
80.72.36.202 - - [21/Nov/2013:20:58:38 +0000] "GET /?q=node/add HTTP/1.1" 403 6085 "http://clinical-security.info/" "Mozilla/5.0 (Windows NT 6.1; WOW64; rv:21.0) Gecko/20100101 Firefox/21.0"
80.72.36.202 - - [21/Nov/2013:20:58:47 +0000] "GET /?q=user/register HTTP/1.1" 403 5996 "http://clinical-security.info/?q=node/add" "Mozilla/5.0 (Windows NT 6.1; WOW64; rv:21.0) Gecko/20100101 Firefox/21.0"
209.20.69.216 - - [21/Nov/2013:21:00:02 +0000] "GET /cron.php HTTP/1.0" 200 - "-" "Wget/1.12 (linux-gnu)"
76.164.217.211 - - [21/Nov/2013:21:26:00 +0000] "GET /?q=node/23 HTTP/1.0" 200 9061 "http://clinical-security.com/?q=node/23" "Mozilla/5.0 (Windows NT 6.2; WOW64) AppleWebKit/537.11 (KHTML, like Gecko) Chrome/23.0.1271.95 Safari/537.11"
76.164.217.211 - - [21/Nov/2013:21:27:03 +0000] "GET /?q=node/25 HTTP/1.0" 200 8019 "http://clinical-security.com/?q=node/25" "Mozilla/5.0 (Windows NT 6.2; WOW64) AppleWebKit/537.11 (KHTML, like Gecko) Chrome/23.0.1271.95 Safari/537.11"
119.63.193.195 - - [21/Nov/2013:21:28:57 +0000] "GET / HTTP/1.1" 200 8465 "-" "Mozilla/4.0 (compatible; MSIE 7.0; Windows NT 6.0)"
123.125.71.102 - - [21/Nov/2013:21:29:12 +0000] "GET / HTTP/1.1" 200 8460 "-" "Mozilla/5.0 (compatible; Baiduspider/2.0; +http://www.baidu.com/search/spider.html)"
220.181.108.179 - - [21/Nov/2013:21:29:54 +0000] "GET / HTTP/1.1" 200 8460 "-" "Mozilla/5.0 (compatible; Baiduspider/2.0; +http://www.baidu.com/search/spider.html)"
202.46.55.35 - - [21/Nov/2013:21:29:58 +0000] "GET / HTTP/1.1" 200 8465 "-" "Mozilla/4.0 (compatible; MSIE 7.0; Windows NT 6.0)"
23.227.105.186 - - [21/Nov/2013:21:35:10 +0000] "GET /?q=user/register HTTP/1.0" 403 5996 "http://clinical-security.info/" "Mozilla/5.0 (Windows NT 6.1; WOW64; rv:21.0) Gecko/20100101 Firefox/21.0"
23.227.105.186 - - [21/Nov/2013:21:35:19 +0000] "GET /?q=node/add HTTP/1.0" 403 6085 "http://clinical-security.info/" "Mozilla/5.0 (Windows NT 6.1; WOW64; rv:21.0) Gecko/20100101 Firefox/21.0"
23.227.105.186 - - [21/Nov/2013:21:35:24 +0000] "GET /?q=user/register HTTP/1.0" 403 5996 "http://clinical-security.info/?q=node/add" "Mozilla/5.0 (Windows NT 6.1; WOW64; rv:21.0) Gecko/20100101 Firefox/21.0"
209.20.69.216 - - [21/Nov/2013:22:00:02 +0000] "GET /cron.php HTTP/1.0" 200 - "-" "Wget/1.12 (linux-gnu)"
157.55.33.15 - - [21/Nov/2013:22:11:07 +0000] "GET / HTTP/1.1" 200 8465 "-" "Mozilla/5.0 (compatible; bingbot/2.0; +http://www.bing.com/bingbot.htm)"
220.181.108.153 - - [21/Nov/2013:22:29:15 +0000] "GET / HTTP/1.1" 200 8460 "-" "Mozilla/5.0 (compatible; Baiduspider/2.0; +http://www.baidu.com/search/spider.html)"
123.125.71.88 - - [21/Nov/2013:22:30:56 +0000] "GET / HTTP/1.1" 200 8460 "-" "Mozilla/5.0 (compatible; Baiduspider/2.0; +http://www.baidu.com/search/spider.html)"
66.249.73.146 - - [21/Nov/2013:22:31:12 +0000] "GET /?q=node/23 HTTP/1.1" 200 9061 "-" "Mozilla/5.0 (iPhone; CPU iPhone OS 6_0 like Mac OS X) AppleWebKit/536.26 (KHTML, like Gecko) Version/6.0 Mobile/10A5376e Safari/8536.25 (compatible; Googlebot-Mobile/2.1; +http://www.google.com/bot.html)"
199.21.99.100 - - [21/Nov/2013:22:33:40 +0000] "GET /sites/default/files/images/Hoaglund.png HTTP/1.1" 304 - "-" "Mozilla/5.0 (compatible; YandexImages/3.0; +http://yandex.com/bots)"
80.72.36.202 - - [21/Nov/2013:22:39:09 +0000] "GET / HTTP/1.1" 200 8461 "http://clinical-security.info/" "Mozilla/5.0 (Windows NT 6.1; WOW64; rv:21.0) Gecko/20100101 Firefox/21.0"
80.72.36.202 - - [21/Nov/2013:22:39:14 +0000] "GET /?q=node/add HTTP/1.1" 403 6085 "http://clinical-security.info/" "Mozilla/5.0 (Windows NT 6.1; WOW64; rv:21.0) Gecko/20100101 Firefox/21.0"
80.72.36.202 - - [21/Nov/2013:22:39:19 +0000] "GET /?q=user/register HTTP/1.1" 403 5996 "http://clinical-security.info/?q=node/add" "Mozilla/5.0 (Windows NT 6.1; WOW64; rv:21.0) Gecko/20100101 Firefox/21.0"
66.249.73.232 - - [21/Nov/2013:22:54:16 +0000] "GET /robots.txt HTTP/1.1" 200 1521 "-" "Mozilla/5.0 (compatible; Googlebot/2.1; +http://www.google.com/bot.html)"
66.249.73.232 - - [21/Nov/2013:22:54:16 +0000] "GET / HTTP/1.1" 200 8464 "-" "SAMSUNG-SGH-E250/1.0 Profile/MIDP-2.0 Configuration/CLDC-1.1 UP.Browser/6.2.3.3.c.1.101 (GUI) MMP/2.0 (compatible; Googlebot-Mobile/2.1; +http://www.google.com/bot.html)"
209.20.69.216 - - [21/Nov/2013:23:00:02 +0000] "GET /cron.php HTTP/1.0" 200 - "-" "Wget/1.12 (linux-gnu)"
83.22.176.198 - - [21/Nov/2013:23:23:25 +0000] "GET /?q=user/register HTTP/1.1" 403 5996 "http://clinical-security.com/" "Mozilla/5.0 (Windows NT 6.0) AppleWebKit/537.36 (KHTML, like Gecko) Chrome/27.0.1453.116 Safari/537.36"
5.39.15.222 - - [21/Nov/2013:23:23:33 +0000] "GET /?q=node/add HTTP/1.0" 403 6085 "http://clinical-security.com/" "Mozilla/5.0 (Windows NT 6.0) AppleWebKit/537.36 (KHTML, like Gecko) Chrome/27.0.1453.116 Safari/537.36"
5.39.15.222 - - [21/Nov/2013:23:23:37 +0000] "GET /?q=user/register HTTP/1.0" 403 5996 "http://clinical-security.com/?q=node/add" "Mozilla/5.0 (Windows NT 6.0) AppleWebKit/537.36 (KHTML, like Gecko) Chrome/27.0.1453.116 Safari/537.36"
123.125.71.78 - - [21/Nov/2013:23:25:39 +0000] "GET / HTTP/1.1" 200 8460 "-" "Mozilla/5.0 (compatible; Baiduspider/2.0; +http://www.baidu.com/search/spider.html)"
95.211.216.72 - - [21/Nov/2013:23:52:28 +0000] "GET / HTTP/1.1" 200 8460 "-" "Mozilla/5.0"
202.46.52.28 - - [21/Nov/2013:23:54:54 +0000] "GET / HTTP/1.1" 200 8460 "-" "Mozilla/4.0 (compatible; MSIE 7.0; Windows NT 6.0)"
119.63.193.131 - - [21/Nov/2013:23:55:54 +0000] "GET / HTTP/1.1" 200 8460 "-" "Mozilla/4.0 (compatible; MSIE 7.0; Windows NT 6.0)"
209.20.69.216 - - [22/Nov/2013:00:00:02 +0000] "GET /cron.php HTTP/1.0" 200 - "-" "Wget/1.12 (linux-gnu)"
157.55.34.24 - - [22/Nov/2013:00:00:50 +0000] "GET /robots.txt HTTP/1.1" 200 1521 "-" "Mozilla/5.0 (compatible; bingbot/2.0; +http://www.bing.com/bingbot.htm)"
157.55.34.24 - - [22/Nov/2013:00:02:51 +0000] "GET /?q=aggregator/sources/1 HTTP/1.1" 200 7687 "-" "Mozilla/5.0 (compatible; bingbot/2.0; +http://www.bing.com/bingbot.htm)"
