172.248.123.225 - - [25/Nov/2013:12:44:32 +0000] "GET / HTTP/1.1" 200 8461 "-" "-"
209.20.69.216 - - [25/Nov/2013:13:00:01 +0000] "GET /cron.php HTTP/1.0" 200 - "-" "Wget/1.12 (linux-gnu)"
123.125.71.69 - - [25/Nov/2013:13:31:38 +0000] "GET / HTTP/1.1" 200 8460 "-" "Mozilla/5.0 (compatible; Baiduspider/2.0; +http://www.baidu.com/search/spider.html)"
220.181.108.166 - - [25/Nov/2013:13:33:50 +0000] "GET / HTTP/1.1" 200 8460 "-" "Mozilla/5.0 (compatible; Baiduspider/2.0; +http://www.baidu.com/search/spider.html)"
119.63.193.194 - - [25/Nov/2013:13:35:49 +0000] "GET / HTTP/1.1" 200 8464 "-" "Mozilla/4.0 (compatible; MSIE 7.0; Windows NT 6.0)"
202.46.63.120 - - [25/Nov/2013:13:36:28 +0000] "GET / HTTP/1.1" 200 8464 "-" "Mozilla/4.0 (compatible; MSIE 7.0; Windows NT 6.0)"
209.20.69.216 - - [25/Nov/2013:14:00:01 +0000] "GET /cron.php HTTP/1.0" 200 - "-" "Wget/1.12 (linux-gnu)"
87.104.38.102 - - [25/Nov/2013:14:32:55 +0000] "GET /HNAP1/ HTTP/1.1" 404 284 "http://209.20.69.216/" "Mozilla/4.0 (compatible; Opera/3.0; Windows 4.10) 3.51 [en]"
87.104.38.102 - - [25/Nov/2013:14:32:51 +0000] "\x80w\x01\x03\x01" 200 8439 "-" "-"
220.181.108.183 - - [25/Nov/2013:14:34:10 +0000] "GET / HTTP/1.1" 200 8460 "-" "Mozilla/5.0 (compatible; Baiduspider/2.0; +http://www.baidu.com/search/spider.html)"
209.20.69.216 - - [25/Nov/2013:15:00:02 +0000] "GET /cron.php HTTP/1.0" 200 - "-" "Wget/1.12 (linux-gnu)"
220.181.108.163 - - [25/Nov/2013:15:31:22 +0000] "GET / HTTP/1.1" 200 8460 "-" "Mozilla/5.0 (compatible; Baiduspider/2.0; +http://www.baidu.com/search/spider.html)"
64.202.161.44 - - [25/Nov/2013:15:47:45 +0000] "GET / HTTP/1.1" 200 8460 "-" "Mozilla/5.0 (Windows; U; Windows NT 5.1; en-US; rv:1.9.1.8) Gecko/20100202 Firefox/3.5.8 ( .NET CLR 3.5.30729)"
64.202.161.44 - - [25/Nov/2013:15:47:45 +0000] "GET / HTTP/1.1" 200 8461 "-" "Mozilla/5.0 (Windows; U; Windows NT 5.1; en-US; rv:1.9.1.8) Gecko/20100202 Firefox/3.5.8 ( .NET CLR 3.5.30729)"
64.202.161.46 - - [25/Nov/2013:15:47:59 +0000] "GET / HTTP/1.1" 200 8461 "-" "Mozilla/5.0 (Windows; U; Windows NT 5.1; en-US; rv:1.9.1.8) Gecko/20100202 Firefox/3.5.8 ( .NET CLR 3.5.30729)"
64.202.161.46 - - [25/Nov/2013:15:47:59 +0000] "GET / HTTP/1.1" 200 8460 "-" "Mozilla/5.0 (Windows; U; Windows NT 5.1; en-US; rv:1.9.1.8) Gecko/20100202 Firefox/3.5.8 ( .NET CLR 3.5.30729)"
119.63.193.194 - - [25/Nov/2013:15:53:44 +0000] "GET / HTTP/1.1" 200 8460 "-" "Mozilla/4.0 (compatible; MSIE 7.0; Windows NT 6.0)"
202.46.62.206 - - [25/Nov/2013:15:55:24 +0000] "GET / HTTP/1.1" 200 8460 "-" "Mozilla/4.0 (compatible; MSIE 7.0; Windows NT 6.0)"
209.20.69.216 - - [25/Nov/2013:16:00:02 +0000] "GET /cron.php HTTP/1.0" 200 - "-" "Wget/1.12 (linux-gnu)"
180.76.5.26 - - [25/Nov/2013:16:05:56 +0000] "GET / HTTP/1.1" 200 8460 "-" "Mozilla/5.0 (compatible; Baiduspider/2.0; +http://www.baidu.com/search/spider.html)"
65.55.213.70 - - [25/Nov/2013:16:13:41 +0000] "GET /robots.txt HTTP/1.1" 200 1521 "-" "msnbot/2.0b (+http://search.msn.com/msnbot.htm)"
65.55.213.70 - - [25/Nov/2013:16:13:42 +0000] "GET /?q=blog/4/feed HTTP/1.1" 404 5342 "-" "msnbot/2.0b (+http://search.msn.com/msnbot.htm)"
219.254.32.118 - - [25/Nov/2013:16:23:03 +0000] "GET /muieblackcat HTTP/1.1" 404 290 "-" "-"
219.254.32.118 - - [25/Nov/2013:16:23:03 +0000] "GET //MyAdmin/scripts/setup.php HTTP/1.1" 404 303 "-" "-"
219.254.32.118 - - [25/Nov/2013:16:23:04 +0000] "GET //admin/phpmyadmin/scripts/setup.php HTTP/1.1" 404 312 "-" "-"
219.254.32.118 - - [25/Nov/2013:16:23:04 +0000] "GET //admin/pma/scripts/setup.php HTTP/1.1" 404 305 "-" "-"
219.254.32.118 - - [25/Nov/2013:16:23:05 +0000] "GET //admin/scripts/setup.php HTTP/1.1" 404 301 "-" "-"
219.254.32.118 - - [25/Nov/2013:16:23:05 +0000] "GET //db/scripts/setup.php HTTP/1.1" 404 298 "-" "-"
219.254.32.118 - - [25/Nov/2013:16:23:06 +0000] "GET //dbadmin/scripts/setup.php HTTP/1.1" 404 303 "-" "-"
219.254.32.118 - - [25/Nov/2013:16:23:06 +0000] "GET //myadmin/scripts/setup.php HTTP/1.1" 404 303 "-" "-"
219.254.32.118 - - [25/Nov/2013:16:23:07 +0000] "GET //mysql/scripts/setup.php HTTP/1.1" 404 301 "-" "-"
219.254.32.118 - - [25/Nov/2013:16:23:07 +0000] "GET //mysqladmin/scripts/setup.php HTTP/1.1" 404 306 "-" "-"
219.254.32.118 - - [25/Nov/2013:16:23:08 +0000] "GET //php-my-admin/scripts/setup.php HTTP/1.1" 404 308 "-" "-"
219.254.32.118 - - [25/Nov/2013:16:23:08 +0000] "GET //phpMyAdmin-2.5.5-pl1/index.php HTTP/1.1" 404 308 "-" "-"
219.254.32.118 - - [25/Nov/2013:16:23:09 +0000] "GET //phpMyAdmin-2.5.5/index.php HTTP/1.1" 404 304 "-" "-"
219.254.32.118 - - [25/Nov/2013:16:23:09 +0000] "GET //phpMyAdmin-2/scripts/setup.php HTTP/1.1" 404 308 "-" "-"
219.254.32.118 - - [25/Nov/2013:16:23:09 +0000] "GET //phpMyAdmin/scripts/setup.php HTTP/1.1" 404 306 "-" "-"
219.254.32.118 - - [25/Nov/2013:16:23:10 +0000] "GET //phpadmin/scripts/setup.php HTTP/1.1" 404 304 "-" "-"
219.254.32.118 - - [25/Nov/2013:16:23:10 +0000] "GET //phpmyadmin/scripts/setup.php HTTP/1.1" 404 306 "-" "-"
219.254.32.118 - - [25/Nov/2013:16:23:11 +0000] "GET //phpmyadmin1/scripts/setup.php HTTP/1.1" 404 307 "-" "-"
219.254.32.118 - - [25/Nov/2013:16:23:11 +0000] "GET //phpmyadmin2/scripts/setup.php HTTP/1.1" 404 307 "-" "-"
219.254.32.118 - - [25/Nov/2013:16:23:11 +0000] "GET //pma/scripts/setup.php HTTP/1.1" 404 299 "-" "-"
219.254.32.118 - - [25/Nov/2013:16:23:12 +0000] "GET //scripts/setup.php HTTP/1.1" 404 295 "-" "-"
219.254.32.118 - - [25/Nov/2013:16:23:12 +0000] "GET //typo3/phpmyadmin/scripts/setup.php HTTP/1.1" 404 312 "-" "-"
219.254.32.118 - - [25/Nov/2013:16:23:13 +0000] "GET //web/phpMyAdmin/scripts/setup.php HTTP/1.1" 404 310 "-" "-"
219.254.32.118 - - [25/Nov/2013:16:23:13 +0000] "GET //web/scripts/setup.php HTTP/1.1" 404 299 "-" "-"
219.254.32.118 - - [25/Nov/2013:16:23:14 +0000] "GET //websql/scripts/setup.php HTTP/1.1" 404 302 "-" "-"
219.254.32.118 - - [25/Nov/2013:16:23:14 +0000] "GET //xampp/phpmyadmin/scripts/setup.php HTTP/1.1" 404 312 "-" "-"
219.254.32.118 - - [25/Nov/2013:16:24:26 +0000] "GET /muieblackcat HTTP/1.1" 404 290 "-" "-"
219.254.32.118 - - [25/Nov/2013:16:24:26 +0000] "GET //MyAdmin/scripts/setup.php HTTP/1.1" 404 303 "-" "-"
219.254.32.118 - - [25/Nov/2013:16:24:27 +0000] "GET //admin/phpmyadmin/scripts/setup.php HTTP/1.1" 404 312 "-" "-"
219.254.32.118 - - [25/Nov/2013:16:24:27 +0000] "GET //admin/pma/scripts/setup.php HTTP/1.1" 404 305 "-" "-"
219.254.32.118 - - [25/Nov/2013:16:24:27 +0000] "GET //admin/scripts/setup.php HTTP/1.1" 404 301 "-" "-"
219.254.32.118 - - [25/Nov/2013:16:24:28 +0000] "GET //db/scripts/setup.php HTTP/1.1" 404 298 "-" "-"
219.254.32.118 - - [25/Nov/2013:16:24:28 +0000] "GET //dbadmin/scripts/setup.php HTTP/1.1" 404 303 "-" "-"
219.254.32.118 - - [25/Nov/2013:16:24:29 +0000] "GET //myadmin/scripts/setup.php HTTP/1.1" 404 303 "-" "-"
219.254.32.118 - - [25/Nov/2013:16:24:29 +0000] "GET //mysql/scripts/setup.php HTTP/1.1" 404 301 "-" "-"
219.254.32.118 - - [25/Nov/2013:16:24:29 +0000] "GET //mysqladmin/scripts/setup.php HTTP/1.1" 404 306 "-" "-"
219.254.32.118 - - [25/Nov/2013:16:24:30 +0000] "GET //php-my-admin/scripts/setup.php HTTP/1.1" 404 308 "-" "-"
219.254.32.118 - - [25/Nov/2013:16:24:30 +0000] "GET //phpMyAdmin-2.5.5-pl1/index.php HTTP/1.1" 404 308 "-" "-"
219.254.32.118 - - [25/Nov/2013:16:24:31 +0000] "GET //phpMyAdmin-2.5.5/index.php HTTP/1.1" 404 304 "-" "-"
219.254.32.118 - - [25/Nov/2013:16:24:31 +0000] "GET //phpMyAdmin-2/scripts/setup.php HTTP/1.1" 404 308 "-" "-"
219.254.32.118 - - [25/Nov/2013:16:24:32 +0000] "GET //phpMyAdmin/scripts/setup.php HTTP/1.1" 404 306 "-" "-"
219.254.32.118 - - [25/Nov/2013:16:24:32 +0000] "GET //phpadmin/scripts/setup.php HTTP/1.1" 404 304 "-" "-"
219.254.32.118 - - [25/Nov/2013:16:24:32 +0000] "GET //phpmyadmin/scripts/setup.php HTTP/1.1" 404 306 "-" "-"
219.254.32.118 - - [25/Nov/2013:16:24:33 +0000] "GET //phpmyadmin1/scripts/setup.php HTTP/1.1" 404 307 "-" "-"
219.254.32.118 - - [25/Nov/2013:16:24:33 +0000] "GET //phpmyadmin2/scripts/setup.php HTTP/1.1" 404 307 "-" "-"
219.254.32.118 - - [25/Nov/2013:16:24:34 +0000] "GET //pma/scripts/setup.php HTTP/1.1" 404 299 "-" "-"
219.254.32.118 - - [25/Nov/2013:16:24:34 +0000] "GET //scripts/setup.php HTTP/1.1" 404 295 "-" "-"
219.254.32.118 - - [25/Nov/2013:16:24:34 +0000] "GET //typo3/phpmyadmin/scripts/setup.php HTTP/1.1" 404 312 "-" "-"
219.254.32.118 - - [25/Nov/2013:16:24:35 +0000] "GET //web/phpMyAdmin/scripts/setup.php HTTP/1.1" 404 310 "-" "-"
219.254.32.118 - - [25/Nov/2013:16:24:35 +0000] "GET //web/scripts/setup.php HTTP/1.1" 404 299 "-" "-"
219.254.32.118 - - [25/Nov/2013:16:24:36 +0000] "GET //websql/scripts/setup.php HTTP/1.1" 404 302 "-" "-"
219.254.32.118 - - [25/Nov/2013:16:24:36 +0000] "GET //xampp/phpmyadmin/scripts/setup.php HTTP/1.1" 404 312 "-" "-"
65.55.213.70 - - [25/Nov/2013:16:25:04 +0000] "GET /?q=blog/feed HTTP/1.1" 200 2250 "-" "msnbot/2.0b (+http://search.msn.com/msnbot.htm)"
199.195.140.180 - - [25/Nov/2013:16:28:35 +0000] "GET /?q=user/register HTTP/1.0" 403 5996 "http://clinical-security.info/" "Mozilla/5.0 (Windows NT 6.2; WOW64) AppleWebKit/537.36 (KHTML, like Gecko) Chrome/27.0.1453.116 Safari/537.36"
199.195.140.180 - - [25/Nov/2013:16:28:40 +0000] "GET /?q=node/add HTTP/1.0" 403 6085 "http://clinical-security.info/" "Mozilla/5.0 (Windows NT 6.2; WOW64) AppleWebKit/537.36 (KHTML, like Gecko) Chrome/27.0.1453.116 Safari/537.36"
199.195.140.180 - - [25/Nov/2013:16:28:40 +0000] "GET /?q=user/register HTTP/1.0" 403 5996 "http://clinical-security.info/?q=node/add" "Mozilla/5.0 (Windows NT 6.2; WOW64) AppleWebKit/537.36 (KHTML, like Gecko) Chrome/27.0.1453.116 Safari/537.36"
220.181.108.165 - - [25/Nov/2013:16:30:19 +0000] "GET / HTTP/1.1" 200 8460 "-" "Mozilla/5.0 (compatible; Baiduspider/2.0; +http://www.baidu.com/search/spider.html)"
213.137.237.244 - - [25/Nov/2013:16:35:36 +0000] "GET / HTTP/1.0" 200 8461 "http://clinical-security.info/" "Mozilla/5.0 (Windows NT 6.0; rv:17.0) Gecko/17.0 Firefox/17.0"
213.137.237.244 - - [25/Nov/2013:16:35:39 +0000] "GET /?q=user/register HTTP/1.0" 403 5996 "http://clinical-security.info/?q=user/register" "Mozilla/5.0 (Windows NT 6.0; rv:17.0) Gecko/17.0 Firefox/17.0"
213.137.237.244 - - [25/Nov/2013:16:35:43 +0000] "GET / HTTP/1.0" 200 8461 "http://clinical-security.info/?q=user/register" "Mozilla/5.0 (Windows NT 6.0; rv:17.0) Gecko/17.0 Firefox/17.0"
123.125.71.108 - - [25/Nov/2013:16:39:36 +0000] "GET / HTTP/1.1" 200 8460 "-" "Mozilla/5.0 (compatible; Baiduspider/2.0; +http://www.baidu.com/search/spider.html)"
205.237.88.154 - - [25/Nov/2013:16:44:35 +0000] "GET / HTTP/1.0" 200 8460 "-" "=Mozilla/5.0 (Windows; U; Windows NT 6.1; en-US) AppleWebKit/534.16 (KHTML, like Gecko) Chrome/10.0.648.204 Safari/534.16"
209.20.69.216 - - [25/Nov/2013:17:00:02 +0000] "GET /cron.php HTTP/1.0" 200 - "-" "Wget/1.12 (linux-gnu)"
185.4.227.194 - - [25/Nov/2013:17:28:43 +0000] "GET http://24x7-allrequestsallowed.com/?PHPSESSID=1rmsjtj500143SRZJTV_AKZZUA HTTP/1.1" 200 8466 "-" "-"
202.46.62.201 - - [25/Nov/2013:17:29:40 +0000] "GET / HTTP/1.1" 200 8465 "-" "Mozilla/4.0 (compatible; MSIE 7.0; Windows NT 6.0)"
119.63.193.196 - - [25/Nov/2013:17:30:24 +0000] "GET / HTTP/1.1" 200 8465 "-" "Mozilla/4.0 (compatible; MSIE 7.0; Windows NT 6.0)"
46.246.20.208 - - [25/Nov/2013:17:40:06 +0000] "GET / HTTP/1.1" 200 8461 "http://clinical-security.info/" "Mozilla/5.0 (Windows NT 6.2; WOW64) AppleWebKit/537.36 (KHTML, like Gecko) Chrome/27.0.1453.116 Safari/537.36"
46.246.20.208 - - [25/Nov/2013:17:40:13 +0000] "GET /?q=node/add HTTP/1.1" 403 6085 "http://clinical-security.info/" "Mozilla/5.0 (Windows NT 6.2; WOW64) AppleWebKit/537.36 (KHTML, like Gecko) Chrome/27.0.1453.116 Safari/537.36"
46.246.20.208 - - [25/Nov/2013:17:40:16 +0000] "GET /?q=user/register HTTP/1.1" 403 5996 "http://clinical-security.info/?q=node/add" "Mozilla/5.0 (Windows NT 6.2; WOW64) AppleWebKit/537.36 (KHTML, like Gecko) Chrome/27.0.1453.116 Safari/537.36"
220.181.108.150 - - [25/Nov/2013:17:44:17 +0000] "GET / HTTP/1.1" 200 8460 "-" "Mozilla/5.0 (compatible; Baiduspider/2.0; +http://www.baidu.com/search/spider.html)"
123.125.71.100 - - [25/Nov/2013:17:45:11 +0000] "GET / HTTP/1.1" 200 8460 "-" "Mozilla/5.0 (compatible; Baiduspider/2.0; +http://www.baidu.com/search/spider.html)"
209.20.69.216 - - [25/Nov/2013:18:00:02 +0000] "GET /cron.php HTTP/1.0" 200 - "-" "Wget/1.12 (linux-gnu)"
142.4.213.170 - - [25/Nov/2013:18:23:13 +0000] "GET /?q=node/30 HTTP/1.0" 200 8217 "http://clinical-security.com/?q=node/30" "Mozilla/5.0 (Macintosh; Intel Mac OS X 10_6_8) AppleWebKit/534.57.2 (KHTML, like Gecko) Version/5.1.7 Safari/534.57.2"
142.4.213.170 - - [25/Nov/2013:18:23:25 +0000] "GET /?q=user/register HTTP/1.0" 403 5996 "http://clinical-security.com/?q=user/register" "Mozilla/5.0 (Macintosh; Intel Mac OS X 10_6_8) AppleWebKit/534.57.2 (KHTML, like Gecko) Version/5.1.7 Safari/534.57.2"
142.4.213.170 - - [25/Nov/2013:18:23:30 +0000] "GET / HTTP/1.0" 200 8460 "http://clinical-security.com/?q=user/register" "Mozilla/5.0 (Macintosh; Intel Mac OS X 10_6_8) AppleWebKit/534.57.2 (KHTML, like Gecko) Version/5.1.7 Safari/534.57.2"
199.21.99.100 - - [25/Nov/2013:18:40:48 +0000] "GET /robots.txt HTTP/1.1" 200 1521 "-" "Mozilla/5.0 (compatible; YandexBot/3.0; +http://yandex.com/bots)"
199.21.99.100 - - [25/Nov/2013:18:40:48 +0000] "GET /robots.txt HTTP/1.1" 200 1521 "-" "Mozilla/5.0 (compatible; YandexBot/3.0; +http://yandex.com/bots)"
199.21.99.100 - - [25/Nov/2013:18:40:50 +0000] "GET /robots.txt HTTP/1.1" 200 1521 "-" "Mozilla/5.0 (compatible; YandexBot/3.0; +http://yandex.com/bots)"
199.21.99.100 - - [25/Nov/2013:18:40:50 +0000] "GET /robots.txt HTTP/1.1" 200 1521 "-" "Mozilla/5.0 (compatible; YandexBot/3.0; +http://yandex.com/bots)"
176.31.90.95 - - [25/Nov/2013:18:40:47 +0000] "GET /?q=user HTTP/1.0" 200 8287 "http://clinical-security.com/" "Mozilla/5.0 (Windows NT 6.1) AppleWebKit/537.36 (KHTML, like Gecko) Chrome/28.0.1500.72 Safari/537.36"
199.21.99.100 - - [25/Nov/2013:18:40:59 +0000] "GET / HTTP/1.1" 200 8460 "-" "Mozilla/5.0 (compatible; YandexBot/3.0; +http://yandex.com/bots)"
176.31.90.95 - - [25/Nov/2013:18:40:58 +0000] "GET /?q=node/add HTTP/1.0" 403 6085 "http://clinical-security.com/" "Mozilla/5.0 (Windows NT 6.1) AppleWebKit/537.36 (KHTML, like Gecko) Chrome/28.0.1500.72 Safari/537.36"
199.21.99.100 - - [25/Nov/2013:18:40:59 +0000] "GET / HTTP/1.1" 200 8464 "-" "Mozilla/5.0 (compatible; YandexBot/3.0; +http://yandex.com/bots)"
176.31.90.95 - - [25/Nov/2013:18:41:01 +0000] "GET /?q=user/register HTTP/1.0" 403 5996 "http://clinical-security.com/?q=node/add" "Mozilla/5.0 (Windows NT 6.1) AppleWebKit/537.36 (KHTML, like Gecko) Chrome/28.0.1500.72 Safari/537.36"
199.21.99.100 - - [25/Nov/2013:18:41:01 +0000] "GET / HTTP/1.1" 200 8461 "-" "Mozilla/5.0 (compatible; YandexBot/3.0; +http://yandex.com/bots)"
199.21.99.100 - - [25/Nov/2013:18:41:00 +0000] "GET / HTTP/1.1" 200 8465 "-" "Mozilla/5.0 (compatible; YandexBot/3.0; +http://yandex.com/bots)"
199.21.99.100 - - [25/Nov/2013:18:41:13 +0000] "GET / HTTP/1.1" 200 8464 "-" "Mozilla/5.0 (compatible; YandexBot/3.0; +http://yandex.com/bots)"
199.21.99.100 - - [25/Nov/2013:18:41:14 +0000] "GET / HTTP/1.1" 200 8461 "-" "Mozilla/5.0 (compatible; YandexBot/3.0; +http://yandex.com/bots)"
199.21.99.100 - - [25/Nov/2013:18:41:14 +0000] "GET / HTTP/1.1" 200 8465 "-" "Mozilla/5.0 (compatible; YandexBot/3.0; +http://yandex.com/bots)"
199.21.99.100 - - [25/Nov/2013:18:41:13 +0000] "GET / HTTP/1.1" 200 8460 "-" "Mozilla/5.0 (compatible; YandexBot/3.0; +http://yandex.com/bots)"
220.181.108.165 - - [25/Nov/2013:18:49:43 +0000] "GET / HTTP/1.1" 200 8460 "-" "Mozilla/5.0 (compatible; Baiduspider/2.0; +http://www.baidu.com/search/spider.html)"
123.125.71.87 - - [25/Nov/2013:18:55:38 +0000] "GET / HTTP/1.1" 200 8460 "-" "Mozilla/5.0 (compatible; Baiduspider/2.0; +http://www.baidu.com/search/spider.html)"
209.20.69.216 - - [25/Nov/2013:19:00:01 +0000] "GET /cron.php HTTP/1.0" 200 - "-" "Wget/1.12 (linux-gnu)"
220.181.108.176 - - [25/Nov/2013:19:42:29 +0000] "GET / HTTP/1.1" 200 8460 "-" "Mozilla/5.0 (compatible; Baiduspider/2.0; +http://www.baidu.com/search/spider.html)"
123.125.71.108 - - [25/Nov/2013:19:48:17 +0000] "GET / HTTP/1.1" 200 8460 "-" "Mozilla/5.0 (compatible; Baiduspider/2.0; +http://www.baidu.com/search/spider.html)"
202.46.58.33 - - [25/Nov/2013:19:55:47 +0000] "GET / HTTP/1.1" 200 8460 "-" "Mozilla/4.0 (compatible; MSIE 7.0; Windows NT 6.0)"
119.63.193.131 - - [25/Nov/2013:19:56:58 +0000] "GET / HTTP/1.1" 200 8460 "-" "Mozilla/4.0 (compatible; MSIE 7.0; Windows NT 6.0)"
79.133.216.99 - - [25/Nov/2013:19:58:38 +0000] "GET / HTTP/1.1" 200 8461 "http://clinical-security.info/" "Mozilla/5.0 (Windows NT 6.2; WOW64) AppleWebKit/537.36 (KHTML, like Gecko) Chrome/27.0.1453.116 Safari/537.36"
79.133.216.99 - - [25/Nov/2013:19:58:43 +0000] "GET /?q=node/add HTTP/1.1" 403 6085 "http://clinical-security.info/" "Mozilla/5.0 (Windows NT 6.2; WOW64) AppleWebKit/537.36 (KHTML, like Gecko) Chrome/27.0.1453.116 Safari/537.36"
79.133.216.99 - - [25/Nov/2013:19:58:48 +0000] "GET /?q=user/register HTTP/1.1" 403 5996 "http://clinical-security.info/?q=node/add" "Mozilla/5.0 (Windows NT 6.2; WOW64) AppleWebKit/537.36 (KHTML, like Gecko) Chrome/27.0.1453.116 Safari/537.36"
209.20.69.216 - - [25/Nov/2013:20:00:02 +0000] "GET /cron.php HTTP/1.0" 200 - "-" "Wget/1.12 (linux-gnu)"
198.147.21.78 - - [25/Nov/2013:20:01:40 +0000] "GET /?q=user/register HTTP/1.0" 403 5996 "http://clinical-security.info/" "Mozilla/5.0 (Windows NT 6.2; WOW64) AppleWebKit/537.36 (KHTML, like Gecko) Chrome/27.0.1453.116 Safari/537.36"
198.147.21.78 - - [25/Nov/2013:20:01:48 +0000] "GET /?q=node/add HTTP/1.0" 403 6085 "http://clinical-security.info/" "Mozilla/5.0 (Windows NT 6.2; WOW64) AppleWebKit/537.36 (KHTML, like Gecko) Chrome/27.0.1453.116 Safari/537.36"
198.147.21.78 - - [25/Nov/2013:20:01:50 +0000] "GET /?q=user/register HTTP/1.0" 403 5996 "http://clinical-security.info/?q=node/add" "Mozilla/5.0 (Windows NT 6.2; WOW64) AppleWebKit/537.36 (KHTML, like Gecko) Chrome/27.0.1453.116 Safari/537.36"
68.103.167.178 - - [25/Nov/2013:20:41:44 +0000] "GET /HNAP1/ HTTP/1.1" 404 284 "http://209.20.69.216/" "Mozilla/4.0 (compatible; MSIE 4.01; Mac_PowerPC)"
220.181.108.186 - - [25/Nov/2013:20:41:38 +0000] "GET / HTTP/1.1" 200 8460 "-" "Mozilla/5.0 (compatible; Baiduspider/2.0; +http://www.baidu.com/search/spider.html)"
68.103.167.178 - - [25/Nov/2013:20:41:40 +0000] "\x80w\x01\x03\x01" 200 8439 "-" "-"
123.125.71.115 - - [25/Nov/2013:20:42:34 +0000] "GET / HTTP/1.1" 200 8460 "-" "Mozilla/5.0 (compatible; Baiduspider/2.0; +http://www.baidu.com/search/spider.html)"
209.20.69.216 - - [25/Nov/2013:21:00:02 +0000] "GET /cron.php HTTP/1.0" 200 - "-" "Wget/1.12 (linux-gnu)"
80.72.35.89 - - [25/Nov/2013:21:02:26 +0000] "GET / HTTP/1.1" 200 8461 "http://clinical-security.info/" "Mozilla/5.0 (Windows NT 6.2; WOW64) AppleWebKit/537.36 (KHTML, like Gecko) Chrome/27.0.1453.116 Safari/537.36"
80.72.35.89 - - [25/Nov/2013:21:02:30 +0000] "GET /?q=node/add HTTP/1.1" 403 6085 "http://clinical-security.info/" "Mozilla/5.0 (Windows NT 6.2; WOW64) AppleWebKit/537.36 (KHTML, like Gecko) Chrome/27.0.1453.116 Safari/537.36"
80.72.35.89 - - [25/Nov/2013:21:02:31 +0000] "GET /?q=user/register HTTP/1.1" 403 5996 "http://clinical-security.info/?q=node/add" "Mozilla/5.0 (Windows NT 6.2; WOW64) AppleWebKit/537.36 (KHTML, like Gecko) Chrome/27.0.1453.116 Safari/537.36"
66.249.73.146 - - [25/Nov/2013:21:24:21 +0000] "GET /robots.txt HTTP/1.1" 200 1521 "-" "Mozilla/5.0 (compatible; Googlebot/2.1; +http://www.google.com/bot.html)"
66.249.73.146 - - [25/Nov/2013:21:24:21 +0000] "GET /?q=node/25 HTTP/1.1" 200 8019 "-" "Mozilla/5.0 (iPhone; CPU iPhone OS 6_0 like Mac OS X) AppleWebKit/536.26 (KHTML, like Gecko) Version/6.0 Mobile/10A5376e Safari/8536.25 (compatible; Googlebot-Mobile/2.1; +http://www.google.com/bot.html)"
202.46.53.31 - - [25/Nov/2013:21:26:41 +0000] "GET / HTTP/1.1" 200 8465 "-" "Mozilla/4.0 (compatible; MSIE 7.0; Windows NT 6.0)"
119.63.193.196 - - [25/Nov/2013:21:27:07 +0000] "GET / HTTP/1.1" 200 8465 "-" "Mozilla/4.0 (compatible; MSIE 7.0; Windows NT 6.0)"
123.125.71.74 - - [25/Nov/2013:21:31:33 +0000] "GET / HTTP/1.1" 200 8460 "-" "Mozilla/5.0 (compatible; Baiduspider/2.0; +http://www.baidu.com/search/spider.html)"
220.181.108.182 - - [25/Nov/2013:21:32:40 +0000] "GET / HTTP/1.1" 200 8460 "-" "Mozilla/5.0 (compatible; Baiduspider/2.0; +http://www.baidu.com/search/spider.html)"
217.199.168.23 - - [25/Nov/2013:21:55:28 +0000] "POST //%63%67%69%2D%62%69%6E/%70%68%70/%70%68%70%35/%63%67%69/%70%68%70%2D%63%67%69/%70%68%70%2D%63%67%69%2D%62%69%6E?%2D%64+%61%6C%6C%6F%77%5F%75%72%6C%5F%69%6E%63%6C%75%64%65%3D%6F%6E+%2D%64+%73%61%66%65%5F%6D%6F%64%65%3D%6F%66%66+%2D%64+%73%75%68%6F%73%69%6E%2E%73%69%6D%75%6C%61%74%69%6F%6E%3D%6F%6E+%2D%64+%64%69%73%61%62%6C%65%5F%66%75%6E%63%74%69%6F%6E%73%3D%22%22+%2D%64+%6F%70%65%6E%5F%62%61%73%65%64%69%72%3D%6E%6F%6E%65+%2D%64+%61%75%74%6F%5F%70%72%65%70%65%6E%64%5F%66%69%6C%65%3D%70%68%70%3A%2F%2F%69%6E%70%75%74+%2D%64+%63%67%69%2E%66%6F%72%63%65%5F%72%65%64%69%72%65%63%74%3D%30+%2D%64+%63%67%69%2E%72%65%64%69%72%65%63%74%5F%73%74%61%74%75%73%5F%65%6E%76%3D%30+%2D%64+%61%75%74%6F%5F%70%72%65%70%65%6E%64%5F%66%69%6C%65%3D%70%68%70%3A%2F%2F%69%6E%70%75%74+%2D%6E HTTP/1.1" 404 307 "-" "-"
209.20.69.216 - - [25/Nov/2013:22:00:02 +0000] "GET /cron.php HTTP/1.0" 200 - "-" "Wget/1.12 (linux-gnu)"
157.55.32.57 - - [25/Nov/2013:22:00:54 +0000] "GET /robots.txt HTTP/1.1" 200 1521 "-" "Mozilla/5.0 (compatible; bingbot/2.0; +http://www.bing.com/bingbot.htm)"
157.55.32.57 - - [25/Nov/2013:22:16:36 +0000] "GET / HTTP/1.1" 200 8460 "-" "Mozilla/5.0 (compatible; bingbot/2.0; +http://www.bing.com/bingbot.htm)"
220.181.108.162 - - [25/Nov/2013:22:31:00 +0000] "GET / HTTP/1.1" 200 8460 "-" "Mozilla/5.0 (compatible; Baiduspider/2.0; +http://www.baidu.com/search/spider.html)"
123.125.71.78 - - [25/Nov/2013:22:32:10 +0000] "GET / HTTP/1.1" 200 8460 "-" "Mozilla/5.0 (compatible; Baiduspider/2.0; +http://www.baidu.com/search/spider.html)"
209.20.69.216 - - [25/Nov/2013:23:00:02 +0000] "GET /cron.php HTTP/1.0" 200 - "-" "Wget/1.12 (linux-gnu)"
157.55.33.45 - - [25/Nov/2013:23:01:36 +0000] "GET /robots.txt HTTP/1.1" 200 1521 "-" "Mozilla/5.0 (compatible; bingbot/2.0; +http://www.bing.com/bingbot.htm)"
157.55.33.45 - - [25/Nov/2013:23:14:56 +0000] "GET / HTTP/1.1" 200 8465 "-" "Mozilla/5.0 (compatible; bingbot/2.0; +http://www.bing.com/bingbot.htm)"
123.125.71.85 - - [25/Nov/2013:23:27:22 +0000] "GET / HTTP/1.1" 200 8460 "-" "Mozilla/5.0 (compatible; Baiduspider/2.0; +http://www.baidu.com/search/spider.html)"
220.181.108.169 - - [25/Nov/2013:23:28:07 +0000] "GET / HTTP/1.1" 200 8460 "-" "Mozilla/5.0 (compatible; Baiduspider/2.0; +http://www.baidu.com/search/spider.html)"
208.115.113.91 - - [25/Nov/2013:23:49:17 +0000] "GET /robots.txt HTTP/1.1" 200 1521 "-" "Mozilla/5.0 (compatible; Ezooms/1.0; ezooms.bot@gmail.com)"
202.46.57.81 - - [25/Nov/2013:23:54:31 +0000] "GET / HTTP/1.1" 200 8460 "-" "Mozilla/4.0 (compatible; MSIE 7.0; Windows NT 6.0)"
119.63.193.132 - - [25/Nov/2013:23:55:54 +0000] "GET / HTTP/1.1" 200 8460 "-" "Mozilla/4.0 (compatible; MSIE 7.0; Windows NT 6.0)"
209.20.69.216 - - [26/Nov/2013:00:00:01 +0000] "GET /cron.php HTTP/1.0" 200 - "-" "Wget/1.12 (linux-gnu)"
176.31.117.172 - - [26/Nov/2013:00:19:15 +0000] "GET / HTTP/1.0" 200 8461 "http://clinical-security.info/" "Mozilla/5.0 (Windows; U; Windows NT 5.1; en-US) AppleWebKit/534.16 (KHTML, like Gecko) Chrome/10.0.648.204 Safari/534.16"
176.31.117.172 - - [26/Nov/2013:00:19:18 +0000] "GET /?q=node/25 HTTP/1.0" 200 8019 "http://clinical-security.com/?q=node/25" "Mozilla/5.0 (Windows; U; Windows NT 5.1; en-US) AppleWebKit/534.16 (KHTML, like Gecko) Chrome/10.0.648.204 Safari/534.16"
80.72.35.87 - - [26/Nov/2013:00:20:58 +0000] "GET /?q=/user/register/user/register HTTP/1.1" 403 5996 "http://clinical-security.com/" "Mozilla/5.0 (Windows NT 6.1; rv:17.0) Gecko/20100101 Firefox/17.0"
80.72.35.87 - - [26/Nov/2013:00:20:59 +0000] "GET /?q=node/add HTTP/1.1" 403 6085 "http://clinical-security.com/" "Mozilla/5.0 (Windows NT 6.1; rv:17.0) Gecko/20100101 Firefox/17.0"
80.72.35.87 - - [26/Nov/2013:00:21:02 +0000] "GET /?q=user/register HTTP/1.1" 403 5996 "http://clinical-security.com/?q=node/add" "Mozilla/5.0 (Windows NT 6.1; rv:17.0) Gecko/20100101 Firefox/17.0"
80.72.35.87 - - [26/Nov/2013:00:27:32 +0000] "GET /?q=user/register HTTP/1.1" 403 5996 "http://clinical-security.info/" "Mozilla/5.0 (Windows NT 6.2; WOW64) AppleWebKit/537.36 (KHTML, like Gecko) Chrome/28.0.1500.71 Safari/537.36"
80.72.35.87 - - [26/Nov/2013:00:27:34 +0000] "GET /?q=node/add HTTP/1.1" 403 6085 "http://clinical-security.info/" "Mozilla/5.0 (Windows NT 6.2; WOW64) AppleWebKit/537.36 (KHTML, like Gecko) Chrome/28.0.1500.71 Safari/537.36"
80.72.35.87 - - [26/Nov/2013:00:27:36 +0000] "GET /?q=user/register HTTP/1.1" 403 5996 "http://clinical-security.info/?q=node/add" "Mozilla/5.0 (Windows NT 6.2; WOW64) AppleWebKit/537.36 (KHTML, like Gecko) Chrome/28.0.1500.71 Safari/537.36"
123.125.71.112 - - [26/Nov/2013:00:28:06 +0000] "GET / HTTP/1.1" 200 8460 "-" "Mozilla/5.0 (compatible; Baiduspider/2.0; +http://www.baidu.com/search/spider.html)"
31.192.108.101 - - [26/Nov/2013:00:28:41 +0000] "GET /?q=user/register HTTP/1.1" 403 5996 "http://clinical-security.info/" "Mozilla/5.0 (Windows NT 6.2; WOW64) AppleWebKit/537.36 (KHTML, like Gecko) Chrome/28.0.1500.71 Safari/537.36"
31.192.108.101 - - [26/Nov/2013:00:28:45 +0000] "GET /?q=node/add HTTP/1.1" 403 6085 "http://clinical-security.info/" "Mozilla/5.0 (Windows NT 6.2; WOW64) AppleWebKit/537.36 (KHTML, like Gecko) Chrome/28.0.1500.71 Safari/537.36"
31.192.108.101 - - [26/Nov/2013:00:28:46 +0000] "GET /?q=user/register HTTP/1.1" 403 5996 "http://clinical-security.info/?q=node/add" "Mozilla/5.0 (Windows NT 6.2; WOW64) AppleWebKit/537.36 (KHTML, like Gecko) Chrome/28.0.1500.71 Safari/537.36"
220.181.108.174 - - [26/Nov/2013:00:28:54 +0000] "GET / HTTP/1.1" 200 8460 "-" "Mozilla/5.0 (compatible; Baiduspider/2.0; +http://www.baidu.com/search/spider.html)"
157.55.33.45 - - [26/Nov/2013:00:38:51 +0000] "GET /robots.txt HTTP/1.1" 200 1521 "-" "Mozilla/5.0 (compatible; bingbot/2.0; +http://www.bing.com/bingbot.htm)"
157.55.33.45 - - [26/Nov/2013:00:42:40 +0000] "GET / HTTP/1.1" 200 8461 "-" "Mozilla/5.0 (compatible; bingbot/2.0; +http://www.bing.com/bingbot.htm)"
176.31.117.172 - - [26/Nov/2013:00:56:13 +0000] "GET / HTTP/1.0" 200 8460 "http://clinical-security.com/" "Mozilla/4.0 (compatible; MSIE 8.0; Windows NT 5.1; Trident/4.0)"
176.31.117.172 - - [26/Nov/2013:00:56:19 +0000] "GET /?q=node/25 HTTP/1.0" 200 8019 "http://clinical-security.com/?q=node/25" "Mozilla/4.0 (compatible; MSIE 8.0; Windows NT 5.1; Trident/4.0)"
209.20.69.216 - - [26/Nov/2013:01:00:02 +0000] "GET /cron.php HTTP/1.0" 200 - "-" "Wget/1.12 (linux-gnu)"
220.181.108.179 - - [26/Nov/2013:01:28:37 +0000] "GET / HTTP/1.1" 200 8460 "-" "Mozilla/5.0 (compatible; Baiduspider/2.0; +http://www.baidu.com/search/spider.html)"
208.115.113.91 - - [26/Nov/2013:01:29:45 +0000] "GET /?q=contact HTTP/1.1" 200 8673 "-" "Mozilla/5.0 (compatible; Ezooms/1.0; ezooms.bot@gmail.com)"
202.46.62.90 - - [26/Nov/2013:01:29:44 +0000] "GET / HTTP/1.1" 200 8465 "-" "Mozilla/4.0 (compatible; MSIE 7.0; Windows NT 6.0)"
119.63.193.195 - - [26/Nov/2013:01:30:05 +0000] "GET / HTTP/1.1" 200 8465 "-" "Mozilla/4.0 (compatible; MSIE 7.0; Windows NT 6.0)"
123.125.71.107 - - [26/Nov/2013:01:31:22 +0000] "GET / HTTP/1.1" 200 8460 "-" "Mozilla/5.0 (compatible; Baiduspider/2.0; +http://www.baidu.com/search/spider.html)"
209.20.69.216 - - [26/Nov/2013:02:00:02 +0000] "GET /cron.php HTTP/1.0" 200 - "-" "Wget/1.12 (linux-gnu)"
123.151.149.222 - - [26/Nov/2013:02:06:09 +0000] "GET http://www.baidu.com/ HTTP/1.1" 200 8452 "-" "-"
109.169.70.34 - - [26/Nov/2013:02:29:42 +0000] "GET /?q=user/register HTTP/1.1" 403 5996 "http://clinical-security.info/" "Mozilla/5.0 (Windows NT 6.2; WOW64) AppleWebKit/537.36 (KHTML, like Gecko) Chrome/27.0.1453.116 Safari/537.36"
23.19.154.157 - - [26/Nov/2013:02:29:51 +0000] "GET /?q=node/add HTTP/1.1" 403 6085 "-" "Mozilla/5.0 (Windows NT 6.2; WOW64) AppleWebKit/537.36 (KHTML, like Gecko) Chrome/27.0.1453.116 Safari/537.36"
23.19.154.157 - - [26/Nov/2013:02:29:53 +0000] "GET /?q=user/register HTTP/1.1" 403 5996 "-" "Mozilla/5.0 (Windows NT 6.2; WOW64) AppleWebKit/537.36 (KHTML, like Gecko) Chrome/27.0.1453.116 Safari/537.36"
23.19.154.157 - - [26/Nov/2013:02:30:00 +0000] "GET /?q=node/add HTTP/1.1" 403 6085 "-" "Mozilla/5.0 (Windows NT 6.2; WOW64) AppleWebKit/537.36 (KHTML, like Gecko) Chrome/27.0.1453.116 Safari/537.36"
23.19.154.157 - - [26/Nov/2013:02:30:05 +0000] "GET /?q=user/register HTTP/1.1" 403 5996 "-" "Mozilla/5.0 (Windows NT 6.2; WOW64) AppleWebKit/537.36 (KHTML, like Gecko) Chrome/27.0.1453.116 Safari/537.36"
123.125.71.97 - - [26/Nov/2013:02:34:09 +0000] "GET / HTTP/1.1" 200 8460 "-" "Mozilla/5.0 (compatible; Baiduspider/2.0; +http://www.baidu.com/search/spider.html)"
220.181.108.151 - - [26/Nov/2013:02:37:21 +0000] "GET / HTTP/1.1" 200 8460 "-" "Mozilla/5.0 (compatible; Baiduspider/2.0; +http://www.baidu.com/search/spider.html)"
178.19.111.178 - - [26/Nov/2013:02:56:40 +0000] "GET http://91.188.124.233/index.html HTTP/1.1" 404 289 "-" "-"
209.20.69.216 - - [26/Nov/2013:03:00:02 +0000] "GET /cron.php HTTP/1.0" 200 - "-" "Wget/1.12 (linux-gnu)"
220.181.108.187 - - [26/Nov/2013:03:42:07 +0000] "GET / HTTP/1.1" 200 8460 "-" "Mozilla/5.0 (compatible; Baiduspider/2.0; +http://www.baidu.com/search/spider.html)"
123.125.71.84 - - [26/Nov/2013:03:46:57 +0000] "GET / HTTP/1.1" 200 8460 "-" "Mozilla/5.0 (compatible; Baiduspider/2.0; +http://www.baidu.com/search/spider.html)"
119.63.193.195 - - [26/Nov/2013:03:54:28 +0000] "GET / HTTP/1.1" 200 8460 "-" "Mozilla/4.0 (compatible; MSIE 7.0; Windows NT 6.0)"
202.46.61.20 - - [26/Nov/2013:03:56:33 +0000] "GET / HTTP/1.1" 200 8460 "-" "Mozilla/4.0 (compatible; MSIE 7.0; Windows NT 6.0)"
209.20.69.216 - - [26/Nov/2013:04:00:02 +0000] "GET /cron.php HTTP/1.0" 200 - "-" "Wget/1.12 (linux-gnu)"
180.76.5.48 - - [26/Nov/2013:04:03:57 +0000] "GET / HTTP/1.1" 200 8465 "-" "Mozilla/5.0 (compatible; Baiduspider/2.0; +http://www.baidu.com/search/spider.html)"
220.181.108.174 - - [26/Nov/2013:04:31:50 +0000] "GET / HTTP/1.1" 200 8460 "-" "Mozilla/5.0 (compatible; Baiduspider/2.0; +http://www.baidu.com/search/spider.html)"
123.125.71.80 - - [26/Nov/2013:04:38:38 +0000] "GET / HTTP/1.1" 200 8460 "-" "Mozilla/5.0 (compatible; Baiduspider/2.0; +http://www.baidu.com/search/spider.html)"
209.20.69.216 - - [26/Nov/2013:05:00:02 +0000] "GET /cron.php HTTP/1.0" 200 - "-" "Wget/1.12 (linux-gnu)"
79.133.216.99 - - [26/Nov/2013:05:19:14 +0000] "GET / HTTP/1.1" 200 8461 "http://clinical-security.info/" "Mozilla/5.0 (Windows NT 6.2; WOW64) AppleWebKit/537.36 (KHTML, like Gecko) Chrome/28.0.1500.71 Safari/537.36"
79.133.216.99 - - [26/Nov/2013:05:19:23 +0000] "GET /?q=node/add HTTP/1.1" 403 6085 "http://clinical-security.info/" "Mozilla/5.0 (Windows NT 6.2; WOW64) AppleWebKit/537.36 (KHTML, like Gecko) Chrome/28.0.1500.71 Safari/537.36"
79.133.216.99 - - [26/Nov/2013:05:19:32 +0000] "GET /?q=user/register HTTP/1.1" 403 5996 "http://clinical-security.info/?q=node/add" "Mozilla/5.0 (Windows NT 6.2; WOW64) AppleWebKit/537.36 (KHTML, like Gecko) Chrome/28.0.1500.71 Safari/537.36"
220.181.108.166 - - [26/Nov/2013:05:32:25 +0000] "GET / HTTP/1.1" 200 8460 "-" "Mozilla/5.0 (compatible; Baiduspider/2.0; +http://www.baidu.com/search/spider.html)"
123.125.71.74 - - [26/Nov/2013:05:39:54 +0000] "GET / HTTP/1.1" 200 8460 "-" "Mozilla/5.0 (compatible; Baiduspider/2.0; +http://www.baidu.com/search/spider.html)"
37.139.52.23 - - [26/Nov/2013:05:42:31 +0000] "GET /?q=aggregator/rss HTTP/1.1" 200 280 "http://pspstrana.ru/" "Mozilla/4.0 (compatible; MSIE 6.0; Windows NT 5.1) Opera 7.54 [en]"
37.139.52.23 - - [26/Nov/2013:05:42:36 +0000] "GET /?q=aggregator/rss HTTP/1.1" 200 280 "http://pspstrana.ru/" "Mozilla/4.0 (compatible; MSIE 6.0; Windows NT 5.1) Opera 7.54 [en]"
37.139.52.23 - - [26/Nov/2013:05:42:35 +0000] "GET /?q=aggregator/rss HTTP/1.1" 200 280 "http://pspstrana.ru/" "Mozilla/4.0 (compatible; MSIE 6.0; Windows NT 5.1) Opera 7.54 [en]"
79.133.200.55 - - [26/Nov/2013:05:54:42 +0000] "GET / HTTP/1.1" 200 8461 "http://clinical-security.info/" "Mozilla/5.0 (Windows NT 6.2; WOW64) AppleWebKit/537.36 (KHTML, like Gecko) Chrome/28.0.1500.71 Safari/537.36"
79.133.200.55 - - [26/Nov/2013:05:54:49 +0000] "GET /?q=node/add HTTP/1.1" 403 6085 "http://clinical-security.info/" "Mozilla/5.0 (Windows NT 6.2; WOW64) AppleWebKit/537.36 (KHTML, like Gecko) Chrome/28.0.1500.71 Safari/537.36"
79.133.200.55 - - [26/Nov/2013:05:54:51 +0000] "GET /?q=user/register HTTP/1.1" 403 5996 "http://clinical-security.info/?q=node/add" "Mozilla/5.0 (Windows NT 6.2; WOW64) AppleWebKit/537.36 (KHTML, like Gecko) Chrome/28.0.1500.71 Safari/537.36"
209.20.69.216 - - [26/Nov/2013:06:00:02 +0000] "GET /cron.php HTTP/1.0" 200 - "-" "Wget/1.12 (linux-gnu)"
220.181.108.172 - - [26/Nov/2013:06:36:02 +0000] "GET / HTTP/1.1" 200 8460 "-" "Mozilla/5.0 (compatible; Baiduspider/2.0; +http://www.baidu.com/search/spider.html)"
123.125.71.112 - - [26/Nov/2013:06:41:01 +0000] "GET / HTTP/1.1" 200 8460 "-" "Mozilla/5.0 (compatible; Baiduspider/2.0; +http://www.baidu.com/search/spider.html)"
209.20.69.216 - - [26/Nov/2013:07:00:02 +0000] "GET /cron.php HTTP/1.0" 200 - "-" "Wget/1.12 (linux-gnu)"
157.56.93.72 - - [26/Nov/2013:07:29:17 +0000] "GET /robots.txt HTTP/1.1" 200 1521 "-" "Mozilla/5.0 (compatible; bingbot/2.0; +http://www.bing.com/bingbot.htm)"
157.56.93.72 - - [26/Nov/2013:07:29:43 +0000] "GET /?q=node/23 HTTP/1.1" 200 9061 "-" "Mozilla/5.0 (compatible; bingbot/2.0; +http://www.bing.com/bingbot.htm)"
157.56.93.72 - - [26/Nov/2013:07:29:56 +0000] "GET /?q=node/24 HTTP/1.1" 200 7729 "-" "Mozilla/5.0 (compatible; bingbot/2.0; +http://www.bing.com/bingbot.htm)"
123.125.71.109 - - [26/Nov/2013:07:31:22 +0000] "GET / HTTP/1.1" 200 8460 "-" "Mozilla/5.0 (compatible; Baiduspider/2.0; +http://www.baidu.com/search/spider.html)"
220.181.108.147 - - [26/Nov/2013:07:33:27 +0000] "GET / HTTP/1.1" 200 8460 "-" "Mozilla/5.0 (compatible; Baiduspider/2.0; +http://www.baidu.com/search/spider.html)"
80.72.35.94 - - [26/Nov/2013:07:41:09 +0000] "GET / HTTP/1.1" 200 8461 "http://clinical-security.info/" "Mozilla/5.0 (Windows NT 6.2; WOW64) AppleWebKit/537.36 (KHTML, like Gecko) Chrome/28.0.1500.71 Safari/537.36"
80.72.35.94 - - [26/Nov/2013:07:41:17 +0000] "GET /?q=node/add HTTP/1.1" 403 6085 "http://clinical-security.info/" "Mozilla/5.0 (Windows NT 6.2; WOW64) AppleWebKit/537.36 (KHTML, like Gecko) Chrome/28.0.1500.71 Safari/537.36"
80.72.35.94 - - [26/Nov/2013:07:41:21 +0000] "GET /?q=user/register HTTP/1.1" 403 5996 "http://clinical-security.info/?q=node/add" "Mozilla/5.0 (Windows NT 6.2; WOW64) AppleWebKit/537.36 (KHTML, like Gecko) Chrome/28.0.1500.71 Safari/537.36"
208.115.113.91 - - [26/Nov/2013:07:49:53 +0000] "GET /robots.txt HTTP/1.1" 200 1521 "-" "Mozilla/5.0 (compatible; Ezooms/1.0; ezooms.bot@gmail.com)"
119.63.193.195 - - [26/Nov/2013:07:53:11 +0000] "GET / HTTP/1.1" 200 8460 "-" "Mozilla/4.0 (compatible; MSIE 7.0; Windows NT 6.0)"
202.46.62.14 - - [26/Nov/2013:07:55:33 +0000] "GET / HTTP/1.1" 200 8460 "-" "Mozilla/4.0 (compatible; MSIE 7.0; Windows NT 6.0)"
209.20.69.216 - - [26/Nov/2013:08:00:02 +0000] "GET /cron.php HTTP/1.0" 200 - "-" "Wget/1.12 (linux-gnu)"
157.55.32.57 - - [26/Nov/2013:08:13:22 +0000] "GET /?q=node/19 HTTP/1.1" 200 8080 "-" "Mozilla/5.0 (compatible; bingbot/2.0; +http://www.bing.com/bingbot.htm)"
157.55.32.57 - - [26/Nov/2013:08:13:37 +0000] "GET / HTTP/1.1" 200 8460 "-" "Mozilla/5.0 (compatible; bingbot/2.0; +http://www.bing.com/bingbot.htm)"
157.55.32.57 - - [26/Nov/2013:08:13:42 +0000] "GET /?q=node/20 HTTP/1.1" 200 9907 "-" "Mozilla/5.0 (compatible; bingbot/2.0; +http://www.bing.com/bingbot.htm)"
157.55.32.57 - - [26/Nov/2013:08:13:52 +0000] "GET /?q=blog/feed HTTP/1.1" 200 2241 "-" "Mozilla/5.0 (compatible; bingbot/2.0; +http://www.bing.com/bingbot.htm)"
157.55.33.109 - - [26/Nov/2013:08:15:02 +0000] "GET /?q=node/25 HTTP/1.1" 200 8019 "-" "Mozilla/5.0 (compatible; bingbot/2.0; +http://www.bing.com/bingbot.htm)"
157.55.33.109 - - [26/Nov/2013:08:15:12 +0000] "GET /?q=node/32 HTTP/1.1" 200 7670 "-" "Mozilla/5.0 (compatible; bingbot/2.0; +http://www.bing.com/bingbot.htm)"
157.55.32.57 - - [26/Nov/2013:08:20:42 +0000] "GET /?q=aggregator/rss/1 HTTP/1.1" 200 314 "-" "Mozilla/5.0 (compatible; bingbot/2.0; +http://www.bing.com/bingbot.htm)"
157.55.32.57 - - [26/Nov/2013:08:20:52 +0000] "GET /?q=node/30 HTTP/1.1" 200 8217 "-" "Mozilla/5.0 (compatible; bingbot/2.0; +http://www.bing.com/bingbot.htm)"
220.181.108.140 - - [26/Nov/2013:08:31:23 +0000] "GET / HTTP/1.1" 200 8460 "-" "Mozilla/5.0 (compatible; Baiduspider/2.0; +http://www.baidu.com/search/spider.html)"
123.125.71.107 - - [26/Nov/2013:08:39:08 +0000] "GET / HTTP/1.1" 200 8460 "-" "Mozilla/5.0 (compatible; Baiduspider/2.0; +http://www.baidu.com/search/spider.html)"
79.133.216.99 - - [26/Nov/2013:08:51:50 +0000] "GET / HTTP/1.1" 200 8461 "http://clinical-security.info/" "Mozilla/5.0 (Windows NT 6.2; WOW64) AppleWebKit/537.36 (KHTML, like Gecko) Chrome/28.0.1500.71 Safari/537.36"
79.133.216.99 - - [26/Nov/2013:08:51:58 +0000] "GET /?q=node/add HTTP/1.1" 403 6085 "http://clinical-security.info/" "Mozilla/5.0 (Windows NT 6.2; WOW64) AppleWebKit/537.36 (KHTML, like Gecko) Chrome/28.0.1500.71 Safari/537.36"
79.133.216.99 - - [26/Nov/2013:08:52:01 +0000] "GET /?q=user/register HTTP/1.1" 403 5996 "http://clinical-security.info/?q=node/add" "Mozilla/5.0 (Windows NT 6.2; WOW64) AppleWebKit/537.36 (KHTML, like Gecko) Chrome/28.0.1500.71 Safari/537.36"
209.20.69.216 - - [26/Nov/2013:09:00:02 +0000] "GET /cron.php HTTP/1.0" 200 - "-" "Wget/1.12 (linux-gnu)"
66.249.73.146 - - [26/Nov/2013:09:16:48 +0000] "GET /?q=contact HTTP/1.1" 200 8673 "-" "Mozilla/5.0 (iPhone; CPU iPhone OS 6_0 like Mac OS X) AppleWebKit/536.26 (KHTML, like Gecko) Version/6.0 Mobile/10A5376e Safari/8536.25 (compatible; Googlebot-Mobile/2.1; +http://www.google.com/bot.html)"
66.249.73.232 - - [26/Nov/2013:09:18:37 +0000] "GET /robots.txt HTTP/1.1" 200 1521 "-" "Mozilla/5.0 (compatible; Googlebot/2.1; +http://www.google.com/bot.html)"
66.249.73.232 - - [26/Nov/2013:09:18:37 +0000] "GET / HTTP/1.1" 200 8464 "-" "Mozilla/5.0 (iPhone; CPU iPhone OS 6_0 like Mac OS X) AppleWebKit/536.26 (KHTML, like Gecko) Version/6.0 Mobile/10A5376e Safari/8536.25 (compatible; Googlebot-Mobile/2.1; +http://www.google.com/bot.html)"
202.46.49.74 - - [26/Nov/2013:09:26:15 +0000] "GET / HTTP/1.1" 200 8465 "-" "Mozilla/4.0 (compatible; MSIE 7.0; Windows NT 6.0)"
119.63.193.196 - - [26/Nov/2013:09:26:18 +0000] "GET / HTTP/1.1" 200 8465 "-" "Mozilla/4.0 (compatible; MSIE 7.0; Windows NT 6.0)"
208.115.113.91 - - [26/Nov/2013:09:26:23 +0000] "GET /?q=user/register HTTP/1.1" 403 5996 "-" "Mozilla/5.0 (compatible; Ezooms/1.0; ezooms.bot@gmail.com)"
220.181.108.149 - - [26/Nov/2013:09:34:40 +0000] "GET / HTTP/1.1" 200 8460 "-" "Mozilla/5.0 (compatible; Baiduspider/2.0; +http://www.baidu.com/search/spider.html)"
123.125.71.92 - - [26/Nov/2013:09:41:41 +0000] "GET / HTTP/1.1" 200 8460 "-" "Mozilla/5.0 (compatible; Baiduspider/2.0; +http://www.baidu.com/search/spider.html)"
209.20.69.216 - - [26/Nov/2013:10:00:02 +0000] "GET /cron.php HTTP/1.0" 200 - "-" "Wget/1.12 (linux-gnu)"
157.55.32.57 - - [26/Nov/2013:10:25:10 +0000] "GET /robots.txt HTTP/1.1" 200 1521 "-" "Mozilla/5.0 (compatible; bingbot/2.0; +http://www.bing.com/bingbot.htm)"
157.55.32.57 - - [26/Nov/2013:10:33:02 +0000] "GET / HTTP/1.1" 200 8460 "-" "Mozilla/5.0 (compatible; bingbot/2.0; +http://www.bing.com/bingbot.htm)"
220.181.108.183 - - [26/Nov/2013:10:48:36 +0000] "GET / HTTP/1.1" 200 8460 "-" "Mozilla/5.0 (compatible; Baiduspider/2.0; +http://www.baidu.com/search/spider.html)"
123.125.71.114 - - [26/Nov/2013:10:55:21 +0000] "GET / HTTP/1.1" 200 8460 "-" "Mozilla/5.0 (compatible; Baiduspider/2.0; +http://www.baidu.com/search/spider.html)"
185.3.134.95 - - [26/Nov/2013:10:55:57 +0000] "GET /?q=user/register HTTP/1.1" 403 5996 "-" "Mozilla/5.0 (Windows NT 6.2; WOW64) AppleWebKit/537.36 (KHTML, like Gecko) Chrome/28.0.1500.71 Safari/537.36"
185.3.134.95 - - [26/Nov/2013:10:56:20 +0000] "GET /?q=node/add HTTP/1.1" 403 6085 "-" "Mozilla/5.0 (Windows NT 6.2; WOW64) AppleWebKit/537.36 (KHTML, like Gecko) Chrome/28.0.1500.71 Safari/537.36"
185.3.134.95 - - [26/Nov/2013:10:56:25 +0000] "GET /?q=user/register HTTP/1.1" 403 5996 "-" "Mozilla/5.0 (Windows NT 6.2; WOW64) AppleWebKit/537.36 (KHTML, like Gecko) Chrome/28.0.1500.71 Safari/537.36"
209.20.69.216 - - [26/Nov/2013:11:00:02 +0000] "GET /cron.php HTTP/1.0" 200 - "-" "Wget/1.12 (linux-gnu)"
79.133.216.99 - - [26/Nov/2013:11:31:41 +0000] "GET / HTTP/1.1" 200 8461 "http://clinical-security.info/" "Mozilla/5.0 (Windows NT 6.2; WOW64) AppleWebKit/537.36 (KHTML, like Gecko) Chrome/28.0.1500.71 Safari/537.36"
79.133.216.99 - - [26/Nov/2013:11:31:54 +0000] "GET /?q=node/add HTTP/1.1" 403 6085 "http://clinical-security.info/" "Mozilla/5.0 (Windows NT 6.2; WOW64) AppleWebKit/537.36 (KHTML, like Gecko) Chrome/28.0.1500.71 Safari/537.36"
79.133.216.99 - - [26/Nov/2013:11:31:57 +0000] "GET /?q=user/register HTTP/1.1" 403 5996 "http://clinical-security.info/?q=node/add" "Mozilla/5.0 (Windows NT 6.2; WOW64) AppleWebKit/537.36 (KHTML, like Gecko) Chrome/28.0.1500.71 Safari/537.36"
220.181.108.79 - - [26/Nov/2013:11:47:24 +0000] "GET / HTTP/1.1" 200 8460 "-" "Mozilla/5.0 (compatible; Baiduspider/2.0; +http://www.baidu.com/search/spider.html)"
208.115.113.91 - - [26/Nov/2013:11:49:36 +0000] "GET /robots.txt HTTP/1.1" 200 1521 "-" "Mozilla/5.0 (compatible; Ezooms/1.0; ezooms.bot@gmail.com)"
202.46.58.32 - - [26/Nov/2013:11:54:39 +0000] "GET / HTTP/1.1" 200 8460 "-" "Mozilla/4.0 (compatible; MSIE 7.0; Windows NT 6.0)"
119.63.193.131 - - [26/Nov/2013:11:55:49 +0000] "GET / HTTP/1.1" 200 8460 "-" "Mozilla/4.0 (compatible; MSIE 7.0; Windows NT 6.0)"
123.125.71.113 - - [26/Nov/2013:11:56:41 +0000] "GET / HTTP/1.1" 200 8460 "-" "Mozilla/5.0 (compatible; Baiduspider/2.0; +http://www.baidu.com/search/spider.html)"
69.197.165.27 - - [26/Nov/2013:11:59:04 +0000] "GET /?q=node/30 HTTP/1.0" 200 8217 "http://clinical-security.com/?q=node/30" "Opera/9.80 (Windows NT 6.1; MRA 6.0 (build 5976)) Presto/2.12.388 Version/12.10"
69.197.165.27 - - [26/Nov/2013:11:59:10 +0000] "GET /?q=user/register HTTP/1.0" 403 5996 "http://clinical-security.com/?q=user/register" "Opera/9.80 (Windows NT 6.1; MRA 6.0 (build 5976)) Presto/2.12.388 Version/12.10"
69.197.165.27 - - [26/Nov/2013:11:59:12 +0000] "GET / HTTP/1.0" 200 8460 "http://clinical-security.com/?q=user/register" "Opera/9.80 (Windows NT 6.1; MRA 6.0 (build 5976)) Presto/2.12.388 Version/12.10"
209.20.69.216 - - [26/Nov/2013:12:00:01 +0000] "GET /cron.php HTTP/1.0" 200 - "-" "Wget/1.12 (linux-gnu)"
184.146.79.116 - - [26/Nov/2013:12:10:55 +0000] "GET / HTTP/1.1" 200 8464 "-" "Mozilla/5.0 (BlackBerry; U; BlackBerry 9780; en) AppleWebKit/534.8+ (KHTML, like Gecko) Version/6.0.0.448 Mobile Safari/534.8+"
184.146.79.116 - - [26/Nov/2013:12:11:03 +0000] "GET /modules/aggregator/aggregator.css?Q HTTP/1.1" 200 725 "http://www.clinical-security.com/" "Mozilla/5.0 (BlackBerry; U; BlackBerry 9780; en) AppleWebKit/534.8+ (KHTML, like Gecko) Version/6.0.0.448 Mobile Safari/534.8+"
184.146.79.116 - - [26/Nov/2013:12:11:04 +0000] "GET /modules/system/defaults.css?Q HTTP/1.1" 200 695 "http://www.clinical-security.com/" "Mozilla/5.0 (BlackBerry; U; BlackBerry 9780; en) AppleWebKit/534.8+ (KHTML, like Gecko) Version/6.0.0.448 Mobile Safari/534.8+"
184.146.79.116 - - [26/Nov/2013:12:11:04 +0000] "GET /modules/storm/storm.css?Q HTTP/1.1" 200 3002 "http://www.clinical-security.com/" "Mozilla/5.0 (BlackBerry; U; BlackBerry 9780; en) AppleWebKit/534.8+ (KHTML, like Gecko) Version/6.0.0.448 Mobile Safari/534.8+"
184.146.79.116 - - [26/Nov/2013:12:11:03 +0000] "GET /modules/node/node.css?Q HTTP/1.1" 200 683 "http://www.clinical-security.com/" "Mozilla/5.0 (BlackBerry; U; BlackBerry 9780; en) AppleWebKit/534.8+ (KHTML, like Gecko) Version/6.0.0.448 Mobile Safari/534.8+"
184.146.79.116 - - [26/Nov/2013:12:11:04 +0000] "GET /modules/ctools/css/ctools.css?Q HTTP/1.1" 200 581 "http://www.clinical-security.com/" "Mozilla/5.0 (BlackBerry; U; BlackBerry 9780; en) AppleWebKit/534.8+ (KHTML, like Gecko) Version/6.0.0.448 Mobile Safari/534.8+"
184.146.79.116 - - [26/Nov/2013:12:11:04 +0000] "GET /modules/system/system.css?Q HTTP/1.1" 200 9961 "http://www.clinical-security.com/" "Mozilla/5.0 (BlackBerry; U; BlackBerry 9780; en) AppleWebKit/534.8+ (KHTML, like Gecko) Version/6.0.0.448 Mobile Safari/534.8+"
184.146.79.116 - - [26/Nov/2013:12:11:04 +0000] "GET /modules/system/system-menus.css?Q HTTP/1.1" 200 870 "http://www.clinical-security.com/" "Mozilla/5.0 (BlackBerry; U; BlackBerry 9780; en) AppleWebKit/534.8+ (KHTML, like Gecko) Version/6.0.0.448 Mobile Safari/534.8+"
184.146.79.116 - - [26/Nov/2013:12:11:04 +0000] "GET /modules/views/css/views.css?Q HTTP/1.1" 200 1767 "http://www.clinical-security.com/" "Mozilla/5.0 (BlackBerry; U; BlackBerry 9780; en) AppleWebKit/534.8+ (KHTML, like Gecko) Version/6.0.0.448 Mobile Safari/534.8+"
184.146.79.116 - - [26/Nov/2013:12:11:04 +0000] "GET /modules/forum/forum.css?Q HTTP/1.1" 200 998 "http://www.clinical-security.com/" "Mozilla/5.0 (BlackBerry; U; BlackBerry 9780; en) AppleWebKit/534.8+ (KHTML, like Gecko) Version/6.0.0.448 Mobile Safari/534.8+"
184.146.79.116 - - [26/Nov/2013:12:11:04 +0000] "GET /modules/user/user.css?Q HTTP/1.1" 200 1067 "http://www.clinical-security.com/" "Mozilla/5.0 (BlackBerry; U; BlackBerry 9780; en) AppleWebKit/534.8+ (KHTML, like Gecko) Version/6.0.0.448 Mobile Safari/534.8+"
184.146.79.116 - - [26/Nov/2013:12:11:04 +0000] "GET /themes/danland/style.css?Q HTTP/1.1" 200 22123 "http://www.clinical-security.com/" "Mozilla/5.0 (BlackBerry; U; BlackBerry 9780; en) AppleWebKit/534.8+ (KHTML, like Gecko) Version/6.0.0.448 Mobile Safari/534.8+"
184.146.79.116 - - [26/Nov/2013:12:11:04 +0000] "GET /misc/jquery.js?Q HTTP/1.1" 200 31028 "http://www.clinical-security.com/" "Mozilla/5.0 (BlackBerry; U; BlackBerry 9780; en) AppleWebKit/534.8+ (KHTML, like Gecko) Version/6.0.0.448 Mobile Safari/534.8+"
184.146.79.116 - - [26/Nov/2013:12:11:04 +0000] "GET /modules/storm/storm.js?Q HTTP/1.1" 200 2194 "http://www.clinical-security.com/" "Mozilla/5.0 (BlackBerry; U; BlackBerry 9780; en) AppleWebKit/534.8+ (KHTML, like Gecko) Version/6.0.0.448 Mobile Safari/534.8+"
184.146.79.116 - - [26/Nov/2013:12:11:04 +0000] "GET /misc/drupal.js?Q HTTP/1.1" 200 9780 "http://www.clinical-security.com/" "Mozilla/5.0 (BlackBerry; U; BlackBerry 9780; en) AppleWebKit/534.8+ (KHTML, like Gecko) Version/6.0.0.448 Mobile Safari/534.8+"
184.146.79.116 - - [26/Nov/2013:12:11:04 +0000] "GET /modules/storm/storminvoice/storminvoice.js?Q HTTP/1.1" 200 1301 "http://www.clinical-security.com/" "Mozilla/5.0 (BlackBerry; U; BlackBerry 9780; en) AppleWebKit/534.8+ (KHTML, like Gecko) Version/6.0.0.448 Mobile Safari/534.8+"
184.146.79.116 - - [26/Nov/2013:12:11:04 +0000] "GET /modules/storm/stormperson/stormperson.js?Q HTTP/1.1" 200 643 "http://www.clinical-security.com/" "Mozilla/5.0 (BlackBerry; U; BlackBerry 9780; en) AppleWebKit/534.8+ (KHTML, like Gecko) Version/6.0.0.448 Mobile Safari/534.8+"
184.146.79.116 - - [26/Nov/2013:12:11:05 +0000] "GET /modules/storm/stormproject/stormproject.js?Q HTTP/1.1" 200 653 "http://www.clinical-security.com/" "Mozilla/5.0 (BlackBerry; U; BlackBerry 9780; en) AppleWebKit/534.8+ (KHTML, like Gecko) Version/6.0.0.448 Mobile Safari/534.8+"
184.146.79.116 - - [26/Nov/2013:12:11:05 +0000] "GET /modules/storm/stormtask/stormtask.js?Q HTTP/1.1" 200 1839 "http://www.clinical-security.com/" "Mozilla/5.0 (BlackBerry; U; BlackBerry 9780; en) AppleWebKit/534.8+ (KHTML, like Gecko) Version/6.0.0.448 Mobile Safari/534.8+"
184.146.79.116 - - [26/Nov/2013:12:11:05 +0000] "GET /modules/storm/stormticket/stormticket.js?Q HTTP/1.1" 200 1978 "http://www.clinical-security.com/" "Mozilla/5.0 (BlackBerry; U; BlackBerry 9780; en) AppleWebKit/534.8+ (KHTML, like Gecko) Version/6.0.0.448 Mobile Safari/534.8+"
184.146.79.116 - - [26/Nov/2013:12:11:05 +0000] "GET /themes/danland/scripts/hoverIntent.js?Q HTTP/1.1" 200 3238 "http://www.clinical-security.com/" "Mozilla/5.0 (BlackBerry; U; BlackBerry 9780; en) AppleWebKit/534.8+ (KHTML, like Gecko) Version/6.0.0.448 Mobile Safari/534.8+"
184.146.79.116 - - [26/Nov/2013:12:11:05 +0000] "GET /themes/danland/scripts/jquery.cycle.all.js?Q HTTP/1.1" 200 45154 "http://www.clinical-security.com/" "Mozilla/5.0 (BlackBerry; U; BlackBerry 9780; en) AppleWebKit/534.8+ (KHTML, like Gecko) Version/6.0.0.448 Mobile Safari/534.8+"
184.146.79.116 - - [26/Nov/2013:12:11:05 +0000] "GET /themes/danland/scripts/superfish.js?Q HTTP/1.1" 200 3775 "http://www.clinical-security.com/" "Mozilla/5.0 (BlackBerry; U; BlackBerry 9780; en) AppleWebKit/534.8+ (KHTML, like Gecko) Version/6.0.0.448 Mobile Safari/534.8+"
184.146.79.116 - - [26/Nov/2013:12:11:08 +0000] "GET /themes/danland/images/body-bg.gif HTTP/1.1" 200 425 "http://www.clinical-security.com/" "Mozilla/5.0 (BlackBerry; U; BlackBerry 9780; en) AppleWebKit/534.8+ (KHTML, like Gecko) Version/6.0.0.448 Mobile Safari/534.8+"
184.146.79.116 - - [26/Nov/2013:12:11:08 +0000] "GET /themes/danland/images/menu-bg.gif HTTP/1.1" 200 424 "http://www.clinical-security.com/" "Mozilla/5.0 (BlackBerry; U; BlackBerry 9780; en) AppleWebKit/534.8+ (KHTML, like Gecko) Version/6.0.0.448 Mobile Safari/534.8+"
184.146.79.116 - - [26/Nov/2013:12:11:08 +0000] "GET /themes/danland/images/menu-left-bg.gif HTTP/1.1" 200 650 "http://www.clinical-security.com/" "Mozilla/5.0 (BlackBerry; U; BlackBerry 9780; en) AppleWebKit/534.8+ (KHTML, like Gecko) Version/6.0.0.448 Mobile Safari/534.8+"
