184.146.79.116 - - [26/Nov/2013:12:11:08 +0000] "GET /themes/danland/images/menu-right-bg.gif HTTP/1.1" 200 697 "http://www.clinical-security.com/" "Mozilla/5.0 (BlackBerry; U; BlackBerry 9780; en) AppleWebKit/534.8+ (KHTML, like Gecko) Version/6.0.0.448 Mobile Safari/534.8+"
184.146.79.116 - - [26/Nov/2013:12:11:08 +0000] "GET /themes/danland/images/slideshow-shadow.gif HTTP/1.1" 200 45611 "http://www.clinical-security.com/" "Mozilla/5.0 (BlackBerry; U; BlackBerry 9780; en) AppleWebKit/534.8+ (KHTML, like Gecko) Version/6.0.0.448 Mobile Safari/534.8+"
184.146.79.116 - - [26/Nov/2013:12:11:09 +0000] "GET /themes/danland/images/slideshows/sea.jpg HTTP/1.1" 200 30428 "http://www.clinical-security.com/" "Mozilla/5.0 (BlackBerry; U; BlackBerry 9780; en) AppleWebKit/534.8+ (KHTML, like Gecko) Version/6.0.0.448 Mobile Safari/534.8+"
184.146.79.116 - - [26/Nov/2013:12:11:10 +0000] "GET /themes/danland/images/slideshows/snow.jpg HTTP/1.1" 200 43274 "http://www.clinical-security.com/" "Mozilla/5.0 (BlackBerry; U; BlackBerry 9780; en) AppleWebKit/534.8+ (KHTML, like Gecko) Version/6.0.0.448 Mobile Safari/534.8+"
184.146.79.116 - - [26/Nov/2013:12:11:12 +0000] "GET /themes/danland/images/slideshows/noon.jpg HTTP/1.1" 200 28524 "http://www.clinical-security.com/" "Mozilla/5.0 (BlackBerry; U; BlackBerry 9780; en) AppleWebKit/534.8+ (KHTML, like Gecko) Version/6.0.0.448 Mobile Safari/534.8+"
184.146.79.116 - - [26/Nov/2013:12:11:12 +0000] "GET /themes/danland/images/arrows-ffffff.png HTTP/1.1" 200 244 "http://www.clinical-security.com/" "Mozilla/5.0 (BlackBerry; U; BlackBerry 9780; en) AppleWebKit/534.8+ (KHTML, like Gecko) Version/6.0.0.448 Mobile Safari/534.8+"
184.146.79.116 - - [26/Nov/2013:12:11:19 +0000] "GET /themes/danland/images/shadow.png HTTP/1.1" 200 1698 "http://www.clinical-security.com/" "Mozilla/5.0 (BlackBerry; U; BlackBerry 9780; en) AppleWebKit/534.8+ (KHTML, like Gecko) Version/6.0.0.448 Mobile Safari/534.8+"
184.146.79.116 - - [26/Nov/2013:12:11:20 +0000] "GET /themes/danland/images/menu-hover-bg.gif HTTP/1.1" 200 416 "http://www.clinical-security.com/" "Mozilla/5.0 (BlackBerry; U; BlackBerry 9780; en) AppleWebKit/534.8+ (KHTML, like Gecko) Version/6.0.0.448 Mobile Safari/534.8+"
184.146.79.116 - - [26/Nov/2013:12:11:21 +0000] "GET /themes/danland/favicon.ico HTTP/1.1" 200 5430 "-" "Mozilla/5.0 (BlackBerry; U; BlackBerry 9780; en) AppleWebKit/534.8+ (KHTML, like Gecko) Version/6.0.0.448 Mobile Safari/534.8+"
184.146.79.116 - - [26/Nov/2013:12:11:45 +0000] "GET /?q=node/18 HTTP/1.1" 200 10959 "http://www.clinical-security.com/" "Mozilla/5.0 (BlackBerry; U; BlackBerry 9780; en) AppleWebKit/534.8+ (KHTML, like Gecko) Version/6.0.0.448 Mobile Safari/534.8+"
184.146.79.116 - - [26/Nov/2013:12:11:48 +0000] "GET /modules/aggregator/aggregator.css?Q HTTP/1.1" 200 725 "http://clinical-security.com/?q=node/18" "Mozilla/5.0 (BlackBerry; U; BlackBerry 9780; en) AppleWebKit/534.8+ (KHTML, like Gecko) Version/6.0.0.448 Mobile Safari/534.8+"
184.146.79.116 - - [26/Nov/2013:12:11:48 +0000] "GET /modules/ctools/css/ctools.css?Q HTTP/1.1" 200 581 "http://clinical-security.com/?q=node/18" "Mozilla/5.0 (BlackBerry; U; BlackBerry 9780; en) AppleWebKit/534.8+ (KHTML, like Gecko) Version/6.0.0.448 Mobile Safari/534.8+"
184.146.79.116 - - [26/Nov/2013:12:11:48 +0000] "GET /modules/node/node.css?Q HTTP/1.1" 200 683 "http://clinical-security.com/?q=node/18" "Mozilla/5.0 (BlackBerry; U; BlackBerry 9780; en) AppleWebKit/534.8+ (KHTML, like Gecko) Version/6.0.0.448 Mobile Safari/534.8+"
184.146.79.116 - - [26/Nov/2013:12:11:48 +0000] "GET /modules/storm/storm.css?Q HTTP/1.1" 200 3002 "http://clinical-security.com/?q=node/18" "Mozilla/5.0 (BlackBerry; U; BlackBerry 9780; en) AppleWebKit/534.8+ (KHTML, like Gecko) Version/6.0.0.448 Mobile Safari/534.8+"
184.146.79.116 - - [26/Nov/2013:12:11:48 +0000] "GET /modules/system/defaults.css?Q HTTP/1.1" 200 695 "http://clinical-security.com/?q=node/18" "Mozilla/5.0 (BlackBerry; U; BlackBerry 9780; en) AppleWebKit/534.8+ (KHTML, like Gecko) Version/6.0.0.448 Mobile Safari/534.8+"
184.146.79.116 - - [26/Nov/2013:12:11:49 +0000] "GET /modules/system/system.css?Q HTTP/1.1" 200 9961 "http://clinical-security.com/?q=node/18" "Mozilla/5.0 (BlackBerry; U; BlackBerry 9780; en) AppleWebKit/534.8+ (KHTML, like Gecko) Version/6.0.0.448 Mobile Safari/534.8+"
184.146.79.116 - - [26/Nov/2013:12:11:49 +0000] "GET /modules/system/system-menus.css?Q HTTP/1.1" 200 870 "http://clinical-security.com/?q=node/18" "Mozilla/5.0 (BlackBerry; U; BlackBerry 9780; en) AppleWebKit/534.8+ (KHTML, like Gecko) Version/6.0.0.448 Mobile Safari/534.8+"
184.146.79.116 - - [26/Nov/2013:12:11:49 +0000] "GET /modules/user/user.css?Q HTTP/1.1" 200 1067 "http://clinical-security.com/?q=node/18" "Mozilla/5.0 (BlackBerry; U; BlackBerry 9780; en) AppleWebKit/534.8+ (KHTML, like Gecko) Version/6.0.0.448 Mobile Safari/534.8+"
184.146.79.116 - - [26/Nov/2013:12:11:49 +0000] "GET /modules/forum/forum.css?Q HTTP/1.1" 200 998 "http://clinical-security.com/?q=node/18" "Mozilla/5.0 (BlackBerry; U; BlackBerry 9780; en) AppleWebKit/534.8+ (KHTML, like Gecko) Version/6.0.0.448 Mobile Safari/534.8+"
184.146.79.116 - - [26/Nov/2013:12:11:49 +0000] "GET /modules/views/css/views.css?Q HTTP/1.1" 200 1767 "http://clinical-security.com/?q=node/18" "Mozilla/5.0 (BlackBerry; U; BlackBerry 9780; en) AppleWebKit/534.8+ (KHTML, like Gecko) Version/6.0.0.448 Mobile Safari/534.8+"
184.146.79.116 - - [26/Nov/2013:12:11:49 +0000] "GET /themes/danland/style.css?Q HTTP/1.1" 200 22123 "http://clinical-security.com/?q=node/18" "Mozilla/5.0 (BlackBerry; U; BlackBerry 9780; en) AppleWebKit/534.8+ (KHTML, like Gecko) Version/6.0.0.448 Mobile Safari/534.8+"
184.146.79.116 - - [26/Nov/2013:12:11:49 +0000] "GET /misc/drupal.js?Q HTTP/1.1" 200 9780 "http://clinical-security.com/?q=node/18" "Mozilla/5.0 (BlackBerry; U; BlackBerry 9780; en) AppleWebKit/534.8+ (KHTML, like Gecko) Version/6.0.0.448 Mobile Safari/534.8+"
184.146.79.116 - - [26/Nov/2013:12:11:49 +0000] "GET /modules/storm/storm.js?Q HTTP/1.1" 200 2194 "http://clinical-security.com/?q=node/18" "Mozilla/5.0 (BlackBerry; U; BlackBerry 9780; en) AppleWebKit/534.8+ (KHTML, like Gecko) Version/6.0.0.448 Mobile Safari/534.8+"
184.146.79.116 - - [26/Nov/2013:12:11:49 +0000] "GET /misc/jquery.js?Q HTTP/1.1" 200 31028 "http://clinical-security.com/?q=node/18" "Mozilla/5.0 (BlackBerry; U; BlackBerry 9780; en) AppleWebKit/534.8+ (KHTML, like Gecko) Version/6.0.0.448 Mobile Safari/534.8+"
184.146.79.116 - - [26/Nov/2013:12:11:49 +0000] "GET /modules/storm/storminvoice/storminvoice.js?Q HTTP/1.1" 200 1301 "http://clinical-security.com/?q=node/18" "Mozilla/5.0 (BlackBerry; U; BlackBerry 9780; en) AppleWebKit/534.8+ (KHTML, like Gecko) Version/6.0.0.448 Mobile Safari/534.8+"
184.146.79.116 - - [26/Nov/2013:12:11:49 +0000] "GET /modules/storm/stormperson/stormperson.js?Q HTTP/1.1" 200 643 "http://clinical-security.com/?q=node/18" "Mozilla/5.0 (BlackBerry; U; BlackBerry 9780; en) AppleWebKit/534.8+ (KHTML, like Gecko) Version/6.0.0.448 Mobile Safari/534.8+"
184.146.79.116 - - [26/Nov/2013:12:11:49 +0000] "GET /modules/storm/stormproject/stormproject.js?Q HTTP/1.1" 200 653 "http://clinical-security.com/?q=node/18" "Mozilla/5.0 (BlackBerry; U; BlackBerry 9780; en) AppleWebKit/534.8+ (KHTML, like Gecko) Version/6.0.0.448 Mobile Safari/534.8+"
184.146.79.116 - - [26/Nov/2013:12:11:49 +0000] "GET /modules/storm/stormtask/stormtask.js?Q HTTP/1.1" 200 1839 "http://clinical-security.com/?q=node/18" "Mozilla/5.0 (BlackBerry; U; BlackBerry 9780; en) AppleWebKit/534.8+ (KHTML, like Gecko) Version/6.0.0.448 Mobile Safari/534.8+"
184.146.79.116 - - [26/Nov/2013:12:11:49 +0000] "GET /modules/storm/stormticket/stormticket.js?Q HTTP/1.1" 200 1978 "http://clinical-security.com/?q=node/18" "Mozilla/5.0 (BlackBerry; U; BlackBerry 9780; en) AppleWebKit/534.8+ (KHTML, like Gecko) Version/6.0.0.448 Mobile Safari/534.8+"
184.146.79.116 - - [26/Nov/2013:12:11:49 +0000] "GET /themes/danland/scripts/hoverIntent.js?Q HTTP/1.1" 200 3238 "http://clinical-security.com/?q=node/18" "Mozilla/5.0 (BlackBerry; U; BlackBerry 9780; en) AppleWebKit/534.8+ (KHTML, like Gecko) Version/6.0.0.448 Mobile Safari/534.8+"
184.146.79.116 - - [26/Nov/2013:12:11:50 +0000] "GET /themes/danland/scripts/superfish.js?Q HTTP/1.1" 200 3775 "http://clinical-security.com/?q=node/18" "Mozilla/5.0 (BlackBerry; U; BlackBerry 9780; en) AppleWebKit/534.8+ (KHTML, like Gecko) Version/6.0.0.448 Mobile Safari/534.8+"
184.146.79.116 - - [26/Nov/2013:12:11:51 +0000] "GET /themes/danland/images/menu-bg.gif HTTP/1.1" 200 424 "http://clinical-security.com/?q=node/18" "Mozilla/5.0 (BlackBerry; U; BlackBerry 9780; en) AppleWebKit/534.8+ (KHTML, like Gecko) Version/6.0.0.448 Mobile Safari/534.8+"
184.146.79.116 - - [26/Nov/2013:12:11:51 +0000] "GET /themes/danland/images/body-bg.gif HTTP/1.1" 200 425 "http://clinical-security.com/?q=node/18" "Mozilla/5.0 (BlackBerry; U; BlackBerry 9780; en) AppleWebKit/534.8+ (KHTML, like Gecko) Version/6.0.0.448 Mobile Safari/534.8+"
184.146.79.116 - - [26/Nov/2013:12:11:51 +0000] "GET /themes/danland/images/menu-left-bg.gif HTTP/1.1" 200 650 "http://clinical-security.com/?q=node/18" "Mozilla/5.0 (BlackBerry; U; BlackBerry 9780; en) AppleWebKit/534.8+ (KHTML, like Gecko) Version/6.0.0.448 Mobile Safari/534.8+"
184.146.79.116 - - [26/Nov/2013:12:11:51 +0000] "GET /themes/danland/images/menu-right-bg.gif HTTP/1.1" 200 697 "http://clinical-security.com/?q=node/18" "Mozilla/5.0 (BlackBerry; U; BlackBerry 9780; en) AppleWebKit/534.8+ (KHTML, like Gecko) Version/6.0.0.448 Mobile Safari/534.8+"
184.146.79.116 - - [26/Nov/2013:12:11:51 +0000] "GET /themes/danland/images/arrows-ffffff.png HTTP/1.1" 200 244 "http://clinical-security.com/?q=node/18" "Mozilla/5.0 (BlackBerry; U; BlackBerry 9780; en) AppleWebKit/534.8+ (KHTML, like Gecko) Version/6.0.0.448 Mobile Safari/534.8+"
184.146.79.116 - - [26/Nov/2013:12:11:51 +0000] "GET /themes/danland/images/shadow.png HTTP/1.1" 200 1698 "http://clinical-security.com/?q=node/18" "Mozilla/5.0 (BlackBerry; U; BlackBerry 9780; en) AppleWebKit/534.8+ (KHTML, like Gecko) Version/6.0.0.448 Mobile Safari/534.8+"
184.146.79.116 - - [26/Nov/2013:12:11:51 +0000] "GET /themes/danland/favicon.ico HTTP/1.1" 200 5430 "-" "Mozilla/5.0 (BlackBerry; U; BlackBerry 9780; en) AppleWebKit/534.8+ (KHTML, like Gecko) Version/6.0.0.448 Mobile Safari/534.8+"
184.146.79.116 - - [26/Nov/2013:12:12:04 +0000] "GET /themes/danland/images/menu-hover-bg.gif HTTP/1.1" 200 416 "http://clinical-security.com/?q=node/18" "Mozilla/5.0 (BlackBerry; U; BlackBerry 9780; en) AppleWebKit/534.8+ (KHTML, like Gecko) Version/6.0.0.448 Mobile Safari/534.8+"
184.146.79.116 - - [26/Nov/2013:12:12:41 +0000] "GET /?q=node/20 HTTP/1.1" 200 9907 "http://clinical-security.com/?q=node/18" "Mozilla/5.0 (BlackBerry; U; BlackBerry 9780; en) AppleWebKit/534.8+ (KHTML, like Gecko) Version/6.0.0.448 Mobile Safari/534.8+"
184.146.79.116 - - [26/Nov/2013:12:13:16 +0000] "GET /?q=node/31 HTTP/1.1" 200 8092 "http://clinical-security.com/?q=node/20" "Mozilla/5.0 (BlackBerry; U; BlackBerry 9780; en) AppleWebKit/534.8+ (KHTML, like Gecko) Version/6.0.0.448 Mobile Safari/534.8+"
184.146.79.116 - - [26/Nov/2013:12:14:09 +0000] "GET /?q=contact HTTP/1.1" 200 8673 "http://clinical-security.com/?q=node/31" "Mozilla/5.0 (BlackBerry; U; BlackBerry 9780; en) AppleWebKit/534.8+ (KHTML, like Gecko) Version/6.0.0.448 Mobile Safari/534.8+"
184.146.79.116 - - [26/Nov/2013:12:14:10 +0000] "GET /misc/textarea.js?Q HTTP/1.1" 200 1263 "http://clinical-security.com/?q=contact" "Mozilla/5.0 (BlackBerry; U; BlackBerry 9780; en) AppleWebKit/534.8+ (KHTML, like Gecko) Version/6.0.0.448 Mobile Safari/534.8+"
184.146.79.116 - - [26/Nov/2013:12:14:12 +0000] "GET /misc/grippie.png HTTP/1.1" 200 162 "http://clinical-security.com/?q=contact" "Mozilla/5.0 (BlackBerry; U; BlackBerry 9780; en) AppleWebKit/534.8+ (KHTML, like Gecko) Version/6.0.0.448 Mobile Safari/534.8+"
176.31.127.22 - - [26/Nov/2013:12:19:24 +0000] "GET /?q=user/register HTTP/1.0" 403 5996 "http://clinical-security.com/" "Mozilla/5.0 (Windows NT 6.1; rv:17.0) Gecko/20100101 Firefox/17.0"
220.181.108.185 - - [26/Nov/2013:12:38:02 +0000] "GET / HTTP/1.1" 200 8460 "-" "Mozilla/5.0 (compatible; Baiduspider/2.0; +http://www.baidu.com/search/spider.html)"
208.115.113.91 - - [26/Nov/2013:12:44:55 +0000] "GET / HTTP/1.1" 200 8464 "-" "Mozilla/5.0 (compatible; Ezooms/1.0; ezooms.bot@gmail.com)"
123.125.71.108 - - [26/Nov/2013:12:47:20 +0000] "GET / HTTP/1.1" 200 8460 "-" "Mozilla/5.0 (compatible; Baiduspider/2.0; +http://www.baidu.com/search/spider.html)"
209.20.69.216 - - [26/Nov/2013:13:00:02 +0000] "GET /cron.php HTTP/1.0" 200 - "-" "Wget/1.12 (linux-gnu)"
208.115.113.91 - - [26/Nov/2013:13:28:35 +0000] "GET /?q=user/password HTTP/1.1" 200 7934 "-" "Mozilla/5.0 (compatible; Ezooms/1.0; ezooms.bot@gmail.com)"
220.181.108.147 - - [26/Nov/2013:13:33:12 +0000] "GET / HTTP/1.1" 200 8460 "-" "Mozilla/5.0 (compatible; Baiduspider/2.0; +http://www.baidu.com/search/spider.html)"
93.79.72.220 - - [26/Nov/2013:13:36:36 +0000] "GET / HTTP/1.0" 200 8461 "CLINICAL-SECURITY.INFO/" "Mozilla/5.0 (Windows NT 5.1) AppleWebKit/536.5 (KHTML, like Gecko) Chrome/19.0.1084.46 Safari/536.5 Nichrome/self/19"
202.46.54.40 - - [26/Nov/2013:13:39:00 +0000] "GET / HTTP/1.1" 200 8464 "-" "Mozilla/4.0 (compatible; MSIE 7.0; Windows NT 6.0)"
119.63.193.131 - - [26/Nov/2013:13:39:08 +0000] "GET / HTTP/1.1" 200 8464 "-" "Mozilla/4.0 (compatible; MSIE 7.0; Windows NT 6.0)"
123.125.71.69 - - [26/Nov/2013:13:41:22 +0000] "GET / HTTP/1.1" 200 8460 "-" "Mozilla/5.0 (compatible; Baiduspider/2.0; +http://www.baidu.com/search/spider.html)"
208.115.111.75 - - [26/Nov/2013:13:47:14 +0000] "GET /robots.txt HTTP/1.1" 200 1521 "-" "Mozilla/5.0 (compatible; Ezooms/1.0; ezooms.bot@gmail.com)"
162.243.39.152 - - [26/Nov/2013:13:48:05 +0000] "GET /robots.txt HTTP/1.1" 200 1521 "-" "Mozilla/5.0 (compatible; spbot/4.0.2; +http://www.seoprofiler.com/bot )"
162.243.39.152 - - [26/Nov/2013:13:48:15 +0000] "GET / HTTP/1.1" 200 8464 "-" "Mozilla/5.0 (compatible; spbot/4.0.2; +http://www.seoprofiler.com/bot )"
162.243.39.152 - - [26/Nov/2013:13:48:20 +0000] "GET /?q=node/26 HTTP/1.1" 200 7309 "http://www.clinical-security.com/" "Mozilla/5.0 (compatible; spbot/4.0.2; +http://www.seoprofiler.com/bot )"
162.243.39.152 - - [26/Nov/2013:13:48:25 +0000] "GET / HTTP/1.1" 200 8460 "http://clinical-security.com/?q=node/26" "Mozilla/5.0 (compatible; spbot/4.0.2; +http://www.seoprofiler.com/bot )"
162.243.39.152 - - [26/Nov/2013:13:48:35 +0000] "GET /?q=user HTTP/1.1" 200 8287 "http://clinical-security.com/?q=node/26" "Mozilla/5.0 (compatible; spbot/4.0.2; +http://www.seoprofiler.com/bot )"
162.243.39.152 - - [26/Nov/2013:13:48:45 +0000] "GET /?q=node/30 HTTP/1.1" 200 8217 "http://www.clinical-security.com/" "Mozilla/5.0 (compatible; spbot/4.0.2; +http://www.seoprofiler.com/bot )"
162.243.39.152 - - [26/Nov/2013:13:48:55 +0000] "GET /?q=node/18 HTTP/1.1" 200 10959 "http://www.clinical-security.com/" "Mozilla/5.0 (compatible; spbot/4.0.2; +http://www.seoprofiler.com/bot )"
162.243.39.152 - - [26/Nov/2013:13:49:05 +0000] "GET /?q=node/32 HTTP/1.1" 200 7670 "http://www.clinical-security.com/" "Mozilla/5.0 (compatible; spbot/4.0.2; +http://www.seoprofiler.com/bot )"
162.243.39.152 - - [26/Nov/2013:13:49:15 +0000] "GET /?q=node/25 HTTP/1.1" 200 8019 "http://www.clinical-security.com/" "Mozilla/5.0 (compatible; spbot/4.0.2; +http://www.seoprofiler.com/bot )"
162.243.39.152 - - [26/Nov/2013:13:49:25 +0000] "GET /?q=contact HTTP/1.1" 200 8673 "http://www.clinical-security.com/" "Mozilla/5.0 (compatible; spbot/4.0.2; +http://www.seoprofiler.com/bot )"
162.243.39.152 - - [26/Nov/2013:13:49:35 +0000] "GET /?q=node/19 HTTP/1.1" 200 8080 "http://www.clinical-security.com/" "Mozilla/5.0 (compatible; spbot/4.0.2; +http://www.seoprofiler.com/bot )"
162.243.39.152 - - [26/Nov/2013:13:49:45 +0000] "GET /?q=node/24 HTTP/1.1" 200 7729 "http://www.clinical-security.com/" "Mozilla/5.0 (compatible; spbot/4.0.2; +http://www.seoprofiler.com/bot )"
162.243.39.152 - - [26/Nov/2013:13:49:58 +0000] "GET /?q=node/31 HTTP/1.1" 200 8092 "http://www.clinical-security.com/" "Mozilla/5.0 (compatible; spbot/4.0.2; +http://www.seoprofiler.com/bot )"
162.243.39.152 - - [26/Nov/2013:13:50:05 +0000] "GET /?q=node/23 HTTP/1.1" 200 9061 "http://www.clinical-security.com/" "Mozilla/5.0 (compatible; spbot/4.0.2; +http://www.seoprofiler.com/bot )"
162.243.39.152 - - [26/Nov/2013:13:50:15 +0000] "GET /?q=node/20 HTTP/1.1" 200 9907 "http://www.clinical-security.com/" "Mozilla/5.0 (compatible; spbot/4.0.2; +http://www.seoprofiler.com/bot )"
162.243.39.152 - - [26/Nov/2013:13:50:25 +0000] "GET /?q=user HTTP/1.1" 200 8287 "http://www.clinical-security.com/" "Mozilla/5.0 (compatible; spbot/4.0.2; +http://www.seoprofiler.com/bot )"
162.243.39.152 - - [26/Nov/2013:13:50:36 +0000] "GET /?q=user/register HTTP/1.1" 403 5996 "http://clinical-security.com/?q=node/26" "Mozilla/5.0 (compatible; spbot/4.0.2; +http://www.seoprofiler.com/bot )"
162.243.39.152 - - [26/Nov/2013:13:50:45 +0000] "GET /?q=user/password HTTP/1.1" 200 7934 "http://clinical-security.com/?q=user" "Mozilla/5.0 (compatible; spbot/4.0.2; +http://www.seoprofiler.com/bot )"
162.243.39.152 - - [26/Nov/2013:13:50:55 +0000] "GET /?q=user/register HTTP/1.1" 403 5996 "http://www.clinical-security.com/" "Mozilla/5.0 (compatible; spbot/4.0.2; +http://www.seoprofiler.com/bot )"
162.243.39.152 - - [26/Nov/2013:13:51:05 +0000] "GET /?q=user/password HTTP/1.1" 200 7934 "http://www.clinical-security.com/?q=user" "Mozilla/5.0 (compatible; spbot/4.0.2; +http://www.seoprofiler.com/bot )"
46.246.20.208 - - [26/Nov/2013:13:57:36 +0000] "GET /?q=/user/register/user/register HTTP/1.1" 403 5996 "http://clinical-security.com/" "Mozilla/5.0 (Windows NT 6.1; rv:17.0) Gecko/20100101 Firefox/17.0"
46.246.20.208 - - [26/Nov/2013:13:57:42 +0000] "GET /?q=node/add HTTP/1.1" 403 6085 "http://clinical-security.com/" "Mozilla/5.0 (Windows NT 6.1; rv:17.0) Gecko/20100101 Firefox/17.0"
46.246.20.208 - - [26/Nov/2013:13:57:46 +0000] "GET /?q=user/register HTTP/1.1" 403 5996 "http://clinical-security.com/?q=node/add" "Mozilla/5.0 (Windows NT 6.1; rv:17.0) Gecko/20100101 Firefox/17.0"
209.20.69.216 - - [26/Nov/2013:14:00:02 +0000] "GET /cron.php HTTP/1.0" 200 - "-" "Wget/1.12 (linux-gnu)"
5.9.191.108 - - [26/Nov/2013:14:16:55 +0000] "GET /?q=user/register HTTP/1.1" 403 5996 "http://clinical-security.com/" "Mozilla/5.0 (Windows NT 6.1; rv:17.0) Gecko/20100101 Firefox/17.0"
178.216.55.190 - - [26/Nov/2013:14:17:05 +0000] "GET /?q=node/add HTTP/1.0" 403 6085 "http://clinical-security.com/" "Mozilla/5.0 (Windows NT 6.1; rv:17.0) Gecko/20100101 Firefox/17.0"
178.216.55.190 - - [26/Nov/2013:14:17:08 +0000] "GET /?q=user/register HTTP/1.0" 403 5996 "http://clinical-security.com/?q=node/add" "Mozilla/5.0 (Windows NT 6.1; rv:17.0) Gecko/20100101 Firefox/17.0"
80.72.37.186 - - [26/Nov/2013:14:18:29 +0000] "GET /?q=/user/register/user/register HTTP/1.1" 403 5996 "http://clinical-security.com/" "Mozilla/5.0 (Windows NT 6.1; rv:17.0) Gecko/20100101 Firefox/17.0"
80.72.37.186 - - [26/Nov/2013:14:18:31 +0000] "GET /?q=node/add HTTP/1.1" 403 6085 "http://clinical-security.com/" "Mozilla/5.0 (Windows NT 6.1; rv:17.0) Gecko/20100101 Firefox/17.0"
80.72.37.186 - - [26/Nov/2013:14:18:33 +0000] "GET /?q=user/register HTTP/1.1" 403 5996 "http://clinical-security.com/?q=node/add" "Mozilla/5.0 (Windows NT 6.1; rv:17.0) Gecko/20100101 Firefox/17.0"
76.164.234.106 - - [26/Nov/2013:14:26:55 +0000] "GET /?q=user/register HTTP/1.0" 403 5996 "http://clinical-security.info/?q=user/register" "Mozilla/5.0 (Windows NT 6.1; WOW64) AppleWebKit/535.12 (KHTML, like Gecko) Maxthon/3.0 Chrome/18.0.966.0 Safari/535.12"
46.246.20.208 - - [26/Nov/2013:14:27:00 +0000] "GET /?q=/user/register/user/register HTTP/1.1" 403 5996 "http://clinical-security.com/" "Mozilla/5.0 (Windows NT 6.1; rv:17.0) Gecko/20100101 Firefox/17.0"
46.246.20.208 - - [26/Nov/2013:14:27:02 +0000] "GET /?q=node/add HTTP/1.1" 403 6085 "http://clinical-security.com/" "Mozilla/5.0 (Windows NT 6.1; rv:17.0) Gecko/20100101 Firefox/17.0"
46.246.20.208 - - [26/Nov/2013:14:27:03 +0000] "GET /?q=user/register HTTP/1.1" 403 5996 "http://clinical-security.com/?q=node/add" "Mozilla/5.0 (Windows NT 6.1; rv:17.0) Gecko/20100101 Firefox/17.0"
76.164.234.106 - - [26/Nov/2013:14:27:00 +0000] "GET / HTTP/1.0" 200 8461 "http://clinical-security.info/?q=user/register" "Mozilla/5.0 (Windows NT 6.1; WOW64) AppleWebKit/535.12 (KHTML, like Gecko) Maxthon/3.0 Chrome/18.0.966.0 Safari/535.12"
76.164.234.106 - - [26/Nov/2013:14:27:06 +0000] "GET /?q=user/register HTTP/1.0" 403 5996 "http://clinical-security.info/?q=user/register" "Mozilla/5.0 (Windows NT 6.1; WOW64) AppleWebKit/535.12 (KHTML, like Gecko) Maxthon/3.0 Chrome/18.0.966.0 Safari/535.12"
76.164.234.106 - - [26/Nov/2013:14:27:06 +0000] "GET / HTTP/1.0" 200 8461 "http://clinical-security.info/?q=user/register" "Mozilla/5.0 (Windows NT 6.1; WOW64) AppleWebKit/535.12 (KHTML, like Gecko) Maxthon/3.0 Chrome/18.0.966.0 Safari/535.12"
220.181.108.161 - - [26/Nov/2013:14:30:58 +0000] "GET / HTTP/1.1" 200 8460 "-" "Mozilla/5.0 (compatible; Baiduspider/2.0; +http://www.baidu.com/search/spider.html)"
192.95.47.191 - - [26/Nov/2013:14:35:33 +0000] "GET /?q=user/register HTTP/1.1" 403 5996 "http://clinical-security.com/" "Mozilla/5.0 (Windows NT 6.1; rv:17.0) Gecko/20100101 Firefox/17.0"
192.95.47.191 - - [26/Nov/2013:14:35:34 +0000] "GET /?q=node/add HTTP/1.1" 403 6085 "http://clinical-security.com/" "Mozilla/5.0 (Windows NT 6.1; rv:17.0) Gecko/20100101 Firefox/17.0"
192.95.47.191 - - [26/Nov/2013:14:35:35 +0000] "GET /?q=user/register HTTP/1.1" 403 5996 "http://clinical-security.com/?q=node/add" "Mozilla/5.0 (Windows NT 6.1; rv:17.0) Gecko/20100101 Firefox/17.0"
209.20.69.216 - - [26/Nov/2013:15:00:01 +0000] "GET /cron.php HTTP/1.0" 200 - "-" "Wget/1.12 (linux-gnu)"
208.115.111.75 - - [26/Nov/2013:15:20:10 +0000] "GET /?q=node/23 HTTP/1.1" 200 9061 "-" "Mozilla/5.0 (compatible; Ezooms/1.0; ezooms.bot@gmail.com)"
220.181.108.156 - - [26/Nov/2013:15:30:09 +0000] "GET / HTTP/1.1" 200 8460 "-" "Mozilla/5.0 (compatible; Baiduspider/2.0; +http://www.baidu.com/search/spider.html)"
157.55.32.57 - - [26/Nov/2013:15:30:39 +0000] "GET /robots.txt HTTP/1.1" 200 1521 "-" "Mozilla/5.0 (compatible; bingbot/2.0; +http://www.bing.com/bingbot.htm)"
157.55.32.57 - - [26/Nov/2013:15:34:25 +0000] "GET /?q=node/30 HTTP/1.1" 200 8217 "-" "Mozilla/5.0 (compatible; bingbot/2.0; +http://www.bing.com/bingbot.htm)"
79.133.216.99 - - [26/Nov/2013:15:43:55 +0000] "GET / HTTP/1.1" 200 8461 "http://clinical-security.info/" "Mozilla/5.0 (Windows NT 6.2; WOW64) AppleWebKit/537.36 (KHTML, like Gecko) Chrome/28.0.1500.71 Safari/537.36"
79.133.216.99 - - [26/Nov/2013:15:43:58 +0000] "GET /?q=node/add HTTP/1.1" 403 6085 "http://clinical-security.info/" "Mozilla/5.0 (Windows NT 6.2; WOW64) AppleWebKit/537.36 (KHTML, like Gecko) Chrome/28.0.1500.71 Safari/537.36"
79.133.216.99 - - [26/Nov/2013:15:44:02 +0000] "GET /?q=user/register HTTP/1.1" 403 5996 "http://clinical-security.info/?q=node/add" "Mozilla/5.0 (Windows NT 6.2; WOW64) AppleWebKit/537.36 (KHTML, like Gecko) Chrome/28.0.1500.71 Safari/537.36"
208.115.113.91 - - [26/Nov/2013:15:51:42 +0000] "GET /robots.txt HTTP/1.1" 200 1521 "-" "Mozilla/5.0 (compatible; Ezooms/1.0; ezooms.bot@gmail.com)"
202.46.50.72 - - [26/Nov/2013:15:51:58 +0000] "GET / HTTP/1.1" 200 8460 "-" "Mozilla/4.0 (compatible; MSIE 7.0; Windows NT 6.0)"
119.63.193.132 - - [26/Nov/2013:15:53:42 +0000] "GET / HTTP/1.1" 200 8460 "-" "Mozilla/4.0 (compatible; MSIE 7.0; Windows NT 6.0)"
46.246.20.208 - - [26/Nov/2013:15:54:54 +0000] "GET / HTTP/1.1" 200 8461 "http://clinical-security.info/" "Mozilla/5.0 (Windows NT 6.2; WOW64) AppleWebKit/537.36 (KHTML, like Gecko) Chrome/28.0.1500.71 Safari/537.36"
46.246.20.208 - - [26/Nov/2013:15:54:58 +0000] "GET /?q=node/add HTTP/1.1" 403 6085 "http://clinical-security.info/" "Mozilla/5.0 (Windows NT 6.2; WOW64) AppleWebKit/537.36 (KHTML, like Gecko) Chrome/28.0.1500.71 Safari/537.36"
46.246.20.208 - - [26/Nov/2013:15:55:00 +0000] "GET /?q=user/register HTTP/1.1" 403 5996 "http://clinical-security.info/?q=node/add" "Mozilla/5.0 (Windows NT 6.2; WOW64) AppleWebKit/537.36 (KHTML, like Gecko) Chrome/28.0.1500.71 Safari/537.36"
209.20.69.216 - - [26/Nov/2013:16:00:02 +0000] "GET /cron.php HTTP/1.0" 200 - "-" "Wget/1.12 (linux-gnu)"
123.125.71.75 - - [26/Nov/2013:16:28:35 +0000] "GET / HTTP/1.1" 200 8460 "-" "Mozilla/5.0 (compatible; Baiduspider/2.0; +http://www.baidu.com/search/spider.html)"
220.181.108.79 - - [26/Nov/2013:16:31:50 +0000] "GET / HTTP/1.1" 200 8460 "-" "Mozilla/5.0 (compatible; Baiduspider/2.0; +http://www.baidu.com/search/spider.html)"
75.101.215.195 - - [26/Nov/2013:16:51:07 +0000] "GET / HTTP/1.1" 200 8452 "-" "Mozilla/4.0 (compatible; MSIE 6.0; Windows NT 5.1; SV1; InfoPath.2)"
209.20.69.216 - - [26/Nov/2013:17:00:02 +0000] "GET /cron.php HTTP/1.0" 200 - "-" "Wget/1.12 (linux-gnu)"
208.115.113.91 - - [26/Nov/2013:17:28:53 +0000] "GET / HTTP/1.1" 200 8460 "-" "Mozilla/5.0 (compatible; Ezooms/1.0; ezooms.bot@gmail.com)"
202.46.57.80 - - [26/Nov/2013:17:30:12 +0000] "GET / HTTP/1.1" 200 8465 "-" "Mozilla/4.0 (compatible; MSIE 7.0; Windows NT 6.0)"
119.63.193.131 - - [26/Nov/2013:17:30:46 +0000] "GET / HTTP/1.1" 200 8465 "-" "Mozilla/4.0 (compatible; MSIE 7.0; Windows NT 6.0)"
200.52.205.120 - - [26/Nov/2013:17:40:45 +0000] "HEAD / HTTP/1.0" 200 - "-" "-"
123.125.71.109 - - [26/Nov/2013:17:43:09 +0000] "GET / HTTP/1.1" 200 8460 "-" "Mozilla/5.0 (compatible; Baiduspider/2.0; +http://www.baidu.com/search/spider.html)"
220.181.108.139 - - [26/Nov/2013:17:44:14 +0000] "GET / HTTP/1.1" 200 8460 "-" "Mozilla/5.0 (compatible; Baiduspider/2.0; +http://www.baidu.com/search/spider.html)"
208.115.111.75 - - [26/Nov/2013:17:47:30 +0000] "GET /robots.txt HTTP/1.1" 200 1521 "-" "Mozilla/5.0 (compatible; Ezooms/1.0; ezooms.bot@gmail.com)"
192.95.47.191 - - [26/Nov/2013:17:55:02 +0000] "GET /?q=user/register HTTP/1.1" 403 5996 "http://clinical-security.info/" "Mozilla/5.0 (Windows NT 6.2; WOW64) AppleWebKit/537.36 (KHTML, like Gecko) Chrome/28.0.1500.71 Safari/537.36"
192.95.47.191 - - [26/Nov/2013:17:55:10 +0000] "GET /?q=node/add HTTP/1.1" 403 6085 "http://clinical-security.info/" "Mozilla/5.0 (Windows NT 6.2; WOW64) AppleWebKit/537.36 (KHTML, like Gecko) Chrome/28.0.1500.71 Safari/537.36"
192.95.47.191 - - [26/Nov/2013:17:55:11 +0000] "GET /?q=user/register HTTP/1.1" 403 5996 "http://clinical-security.info/?q=node/add" "Mozilla/5.0 (Windows NT 6.2; WOW64) AppleWebKit/537.36 (KHTML, like Gecko) Chrome/28.0.1500.71 Safari/537.36"
209.20.69.216 - - [26/Nov/2013:18:00:02 +0000] "GET /cron.php HTTP/1.0" 200 - "-" "Wget/1.12 (linux-gnu)"
5.9.191.108 - - [26/Nov/2013:18:27:06 +0000] "GET /?q=user/register HTTP/1.1" 403 5996 "http://clinical-security.com/" "Mozilla/5.0 (Windows NT 6.1; rv:17.0) Gecko/20100101 Firefox/17.0"
5.9.191.108 - - [26/Nov/2013:18:27:11 +0000] "GET /?q=user/register HTTP/1.1" 403 5996 "http://clinical-security.com/" "Mozilla/5.0 (Windows NT 6.1; rv:17.0) Gecko/20100101 Firefox/17.0"
23.90.5.71 - - [26/Nov/2013:18:39:40 +0000] "GET /?q=user/register HTTP/1.0" 403 5996 "http://clinical-security.com/" "Mozilla/5.0 (Windows NT 6.1; rv:17.0) Gecko/20100101 Firefox/17.0"
23.90.5.71 - - [26/Nov/2013:18:39:43 +0000] "GET /?q=node/add HTTP/1.0" 403 6085 "http://clinical-security.com/" "Mozilla/5.0 (Windows NT 6.1; rv:17.0) Gecko/20100101 Firefox/17.0"
23.90.5.71 - - [26/Nov/2013:18:39:46 +0000] "GET /?q=user/register HTTP/1.0" 403 5996 "http://clinical-security.com/?q=node/add" "Mozilla/5.0 (Windows NT 6.1; rv:17.0) Gecko/20100101 Firefox/17.0"
76.164.234.106 - - [26/Nov/2013:18:44:25 +0000] "GET /?q=user/register HTTP/1.0" 403 5996 "http://clinical-security.com/?q=user/register" "Mozilla/5.0 (Macintosh; Intel Mac OS X 10_8_2) AppleWebKit/537.11 (KHTML, like Gecko) Chrome/23.0.1271.91 Safari/537.11"
76.164.234.106 - - [26/Nov/2013:18:44:30 +0000] "GET / HTTP/1.0" 200 8460 "http://clinical-security.com/?q=user/register" "Mozilla/5.0 (Macintosh; Intel Mac OS X 10_8_2) AppleWebKit/537.11 (KHTML, like Gecko) Chrome/23.0.1271.91 Safari/537.11"
76.164.234.106 - - [26/Nov/2013:18:44:33 +0000] "GET /?q=user/register HTTP/1.0" 403 5996 "http://clinical-security.com/?q=user/register" "Mozilla/5.0 (Macintosh; Intel Mac OS X 10_8_2) AppleWebKit/537.11 (KHTML, like Gecko) Chrome/23.0.1271.91 Safari/537.11"
76.164.234.106 - - [26/Nov/2013:18:44:39 +0000] "GET / HTTP/1.0" 200 8460 "http://clinical-security.com/?q=user/register" "Mozilla/5.0 (Macintosh; Intel Mac OS X 10_8_2) AppleWebKit/537.11 (KHTML, like Gecko) Chrome/23.0.1271.91 Safari/537.11"
220.181.108.166 - - [26/Nov/2013:18:49:46 +0000] "GET / HTTP/1.1" 200 8460 "-" "Mozilla/5.0 (compatible; Baiduspider/2.0; +http://www.baidu.com/search/spider.html)"
123.125.71.75 - - [26/Nov/2013:18:50:52 +0000] "GET / HTTP/1.1" 200 8460 "-" "Mozilla/5.0 (compatible; Baiduspider/2.0; +http://www.baidu.com/search/spider.html)"
209.20.69.216 - - [26/Nov/2013:19:00:02 +0000] "GET /cron.php HTTP/1.0" 200 - "-" "Wget/1.12 (linux-gnu)"
208.115.111.75 - - [26/Nov/2013:19:18:15 +0000] "GET /?q=node/25 HTTP/1.1" 200 8019 "-" "Mozilla/5.0 (compatible; Ezooms/1.0; ezooms.bot@gmail.com)"
66.249.64.7 - - [26/Nov/2013:19:27:14 +0000] "GET /robots.txt HTTP/1.1" 200 1521 "-" "Mozilla/5.0 (compatible; Googlebot/2.1; +http://www.google.com/bot.html)"
66.249.64.7 - - [26/Nov/2013:19:27:14 +0000] "GET /?q=node/24 HTTP/1.1" 200 7729 "-" "Mozilla/5.0 (compatible; Googlebot/2.1; +http://www.google.com/bot.html)"
123.125.71.85 - - [26/Nov/2013:19:46:02 +0000] "GET / HTTP/1.1" 200 8460 "-" "Mozilla/5.0 (compatible; Baiduspider/2.0; +http://www.baidu.com/search/spider.html)"
220.181.108.139 - - [26/Nov/2013:19:46:52 +0000] "GET / HTTP/1.1" 200 8460 "-" "Mozilla/5.0 (compatible; Baiduspider/2.0; +http://www.baidu.com/search/spider.html)"
119.63.193.132 - - [26/Nov/2013:19:56:48 +0000] "GET / HTTP/1.1" 200 8460 "-" "Mozilla/4.0 (compatible; MSIE 7.0; Windows NT 6.0)"
202.46.61.147 - - [26/Nov/2013:19:57:19 +0000] "GET / HTTP/1.1" 200 8460 "-" "Mozilla/4.0 (compatible; MSIE 7.0; Windows NT 6.0)"
209.20.69.216 - - [26/Nov/2013:20:00:02 +0000] "GET /cron.php HTTP/1.0" 200 - "-" "Wget/1.12 (linux-gnu)"
79.133.216.99 - - [26/Nov/2013:20:00:29 +0000] "GET / HTTP/1.1" 200 8461 "http://clinical-security.info/" "Mozilla/5.0 (Windows NT 6.2; WOW64) AppleWebKit/537.36 (KHTML, like Gecko) Chrome/28.0.1500.71 Safari/537.36"
79.133.216.99 - - [26/Nov/2013:20:00:34 +0000] "GET /?q=node/add HTTP/1.1" 403 6085 "http://clinical-security.info/" "Mozilla/5.0 (Windows NT 6.2; WOW64) AppleWebKit/537.36 (KHTML, like Gecko) Chrome/28.0.1500.71 Safari/537.36"
79.133.216.99 - - [26/Nov/2013:20:00:36 +0000] "GET /?q=user/register HTTP/1.1" 403 5996 "http://clinical-security.info/?q=node/add" "Mozilla/5.0 (Windows NT 6.2; WOW64) AppleWebKit/537.36 (KHTML, like Gecko) Chrome/28.0.1500.71 Safari/537.36"
180.76.5.66 - - [26/Nov/2013:20:21:03 +0000] "GET / HTTP/1.1" 200 8464 "-" "Mozilla/5.0 (compatible; Baiduspider/2.0; +http://www.baidu.com/search/spider.html)"
66.249.64.5 - - [26/Nov/2013:20:28:10 +0000] "GET /?q=contact HTTP/1.1" 200 8673 "-" "Mozilla/5.0 (compatible; Googlebot/2.1; +http://www.google.com/bot.html)"
80.72.35.87 - - [26/Nov/2013:20:31:13 +0000] "GET / HTTP/1.1" 200 8461 "http://clinical-security.info/" "Mozilla/5.0 (Windows NT 6.2; WOW64) AppleWebKit/537.36 (KHTML, like Gecko) Chrome/28.0.1500.71 Safari/537.36"
123.125.71.69 - - [26/Nov/2013:20:45:02 +0000] "GET / HTTP/1.1" 200 8460 "-" "Mozilla/5.0 (compatible; Baiduspider/2.0; +http://www.baidu.com/search/spider.html)"
220.181.108.139 - - [26/Nov/2013:20:45:45 +0000] "GET / HTTP/1.1" 200 8460 "-" "Mozilla/5.0 (compatible; Baiduspider/2.0; +http://www.baidu.com/search/spider.html)"
81.184.7.213 - - [26/Nov/2013:20:54:33 +0000] "GET /administrator/index.php HTTP/1.0" 404 310 "-" "Opera/9.80 (Windows NT 6.1; U; ru) Presto/2.8.131 Version/11.10"
81.184.7.213 - - [26/Nov/2013:20:54:36 +0000] "GET /wp-login.php HTTP/1.0" 404 299 "-" "Opera/9.80 (Windows NT 6.1; U; ru) Presto/2.8.131 Version/11.10"
209.20.69.216 - - [26/Nov/2013:21:00:02 +0000] "GET /cron.php HTTP/1.0" 200 - "-" "Wget/1.12 (linux-gnu)"
66.249.64.7 - - [26/Nov/2013:21:06:41 +0000] "GET /?q=node/23 HTTP/1.1" 200 9061 "-" "Mozilla/5.0 (iPhone; CPU iPhone OS 6_0 like Mac OS X) AppleWebKit/536.26 (KHTML, like Gecko) Version/6.0 Mobile/10A5376e Safari/8536.25 (compatible; Googlebot-Mobile/2.1; +http://www.google.com/bot.html)"
66.249.64.7 - - [26/Nov/2013:21:24:43 +0000] "GET /?q=node/31 HTTP/1.1" 200 8092 "-" "Mozilla/5.0 (compatible; Googlebot/2.1; +http://www.google.com/bot.html)"
202.46.49.70 - - [26/Nov/2013:21:27:37 +0000] "GET / HTTP/1.1" 200 8465 "-" "Mozilla/4.0 (compatible; MSIE 7.0; Windows NT 6.0)"
119.63.193.130 - - [26/Nov/2013:21:27:55 +0000] "GET / HTTP/1.1" 200 8465 "-" "Mozilla/4.0 (compatible; MSIE 7.0; Windows NT 6.0)"
123.125.71.98 - - [26/Nov/2013:21:35:43 +0000] "GET / HTTP/1.1" 200 8460 "-" "Mozilla/5.0 (compatible; Baiduspider/2.0; +http://www.baidu.com/search/spider.html)"
220.181.108.156 - - [26/Nov/2013:21:36:20 +0000] "GET / HTTP/1.1" 200 8460 "-" "Mozilla/5.0 (compatible; Baiduspider/2.0; +http://www.baidu.com/search/spider.html)"
209.20.69.216 - - [26/Nov/2013:22:00:01 +0000] "GET /cron.php HTTP/1.0" 200 - "-" "Wget/1.12 (linux-gnu)"
66.249.64.5 - - [26/Nov/2013:22:13:05 +0000] "GET /robots.txt HTTP/1.1" 200 1521 "-" "Mozilla/5.0 (compatible; Googlebot/2.1; +http://www.google.com/bot.html)"
66.249.76.232 - - [26/Nov/2013:22:13:05 +0000] "GET / HTTP/1.1" 200 8464 "-" "DoCoMo/2.0 N905i(c100;TB;W24H16) (compatible; Googlebot-Mobile/2.1; +http://www.google.com/bot.html)"
66.249.64.7 - - [26/Nov/2013:22:13:50 +0000] "GET /?q=node/20 HTTP/1.1" 200 9907 "-" "SAMSUNG-SGH-E250/1.0 Profile/MIDP-2.0 Configuration/CLDC-1.1 UP.Browser/6.2.3.3.c.1.101 (GUI) MMP/2.0 (compatible; Googlebot-Mobile/2.1; +http://www.google.com/bot.html)"
193.6.181.75 - - [26/Nov/2013:22:29:23 +0000] "HEAD / HTTP/1.0" 200 - "-" "-"
123.125.71.80 - - [26/Nov/2013:22:29:17 +0000] "GET / HTTP/1.1" 200 8460 "-" "Mozilla/5.0 (compatible; Baiduspider/2.0; +http://www.baidu.com/search/spider.html)"
220.181.108.148 - - [26/Nov/2013:22:30:16 +0000] "GET / HTTP/1.1" 200 8460 "-" "Mozilla/5.0 (compatible; Baiduspider/2.0; +http://www.baidu.com/search/spider.html)"
157.55.32.57 - - [26/Nov/2013:22:58:53 +0000] "GET /robots.txt HTTP/1.1" 200 1521 "-" "Mozilla/5.0 (compatible; bingbot/2.0; +http://www.bing.com/bingbot.htm)"
209.20.69.216 - - [26/Nov/2013:23:00:02 +0000] "GET /cron.php HTTP/1.0" 200 - "-" "Wget/1.12 (linux-gnu)"
157.55.32.57 - - [26/Nov/2013:23:00:59 +0000] "GET / HTTP/1.1" 200 8460 "-" "Mozilla/5.0 (compatible; bingbot/2.0; +http://www.bing.com/bingbot.htm)"
123.125.71.116 - - [26/Nov/2013:23:27:21 +0000] "GET / HTTP/1.1" 200 8460 "-" "Mozilla/5.0 (compatible; Baiduspider/2.0; +http://www.baidu.com/search/spider.html)"
220.181.108.176 - - [26/Nov/2013:23:28:06 +0000] "GET / HTTP/1.1" 200 8460 "-" "Mozilla/5.0 (compatible; Baiduspider/2.0; +http://www.baidu.com/search/spider.html)"
46.246.20.208 - - [26/Nov/2013:23:33:01 +0000] "GET /?q=/user/register/user/register HTTP/1.1" 403 5996 "http://clinical-security.com/" "Mozilla/5.0 (Windows NT 6.1; rv:2.0b7pre) Gecko/20100921 Firefox/4.0b7pre"
46.246.20.208 - - [26/Nov/2013:23:33:05 +0000] "GET /?q=node/add HTTP/1.1" 403 6085 "http://clinical-security.com/" "Mozilla/5.0 (Windows NT 6.1; rv:2.0b7pre) Gecko/20100921 Firefox/4.0b7pre"
46.246.20.208 - - [26/Nov/2013:23:33:10 +0000] "GET /?q=user/register HTTP/1.1" 403 5996 "http://clinical-security.com/?q=node/add" "Mozilla/5.0 (Windows NT 6.1; rv:2.0b7pre) Gecko/20100921 Firefox/4.0b7pre"
216.107.159.253 - - [26/Nov/2013:23:51:08 +0000] "GET /?q=user/register HTTP/1.0" 403 5996 "http://clinical-security.info/" "Mozilla/5.0 (Windows NT 6.2; WOW64) AppleWebKit/537.36 (KHTML, like Gecko) Chrome/28.0.1500.72 Safari/537.36"
216.107.159.253 - - [26/Nov/2013:23:51:14 +0000] "GET /?q=node/add HTTP/1.0" 403 6085 "http://clinical-security.info/" "Mozilla/5.0 (Windows NT 6.2; WOW64) AppleWebKit/537.36 (KHTML, like Gecko) Chrome/28.0.1500.72 Safari/537.36"
216.107.159.253 - - [26/Nov/2013:23:51:18 +0000] "GET /?q=user/register HTTP/1.0" 403 5996 "http://clinical-security.info/?q=node/add" "Mozilla/5.0 (Windows NT 6.2; WOW64) AppleWebKit/537.36 (KHTML, like Gecko) Chrome/28.0.1500.72 Safari/537.36"
119.63.193.130 - - [26/Nov/2013:23:55:14 +0000] "GET / HTTP/1.1" 200 8460 "-" "Mozilla/4.0 (compatible; MSIE 7.0; Windows NT 6.0)"
202.46.54.44 - - [26/Nov/2013:23:55:16 +0000] "GET / HTTP/1.1" 200 8460 "-" "Mozilla/4.0 (compatible; MSIE 7.0; Windows NT 6.0)"
46.246.20.208 - - [26/Nov/2013:23:58:23 +0000] "GET / HTTP/1.1" 200 8461 "http://clinical-security.info/" "Mozilla/5.0 (Windows NT 6.2; WOW64) AppleWebKit/537.36 (KHTML, like Gecko) Chrome/28.0.1500.72 Safari/537.36"
46.246.20.208 - - [26/Nov/2013:23:58:29 +0000] "GET /?q=node/add HTTP/1.1" 403 6085 "http://clinical-security.info/" "Mozilla/5.0 (Windows NT 6.2; WOW64) AppleWebKit/537.36 (KHTML, like Gecko) Chrome/28.0.1500.72 Safari/537.36"
46.246.20.208 - - [26/Nov/2013:23:58:32 +0000] "GET /?q=user/register HTTP/1.1" 403 5996 "http://clinical-security.info/?q=node/add" "Mozilla/5.0 (Windows NT 6.2; WOW64) AppleWebKit/537.36 (KHTML, like Gecko) Chrome/28.0.1500.72 Safari/537.36"
209.20.69.216 - - [27/Nov/2013:00:00:02 +0000] "GET /cron.php HTTP/1.0" 200 - "-" "Wget/1.12 (linux-gnu)"
66.249.64.5 - - [27/Nov/2013:00:22:03 +0000] "GET /?q=node/20 HTTP/1.1" 200 9907 "-" "Mozilla/5.0 (compatible; Googlebot/2.1; +http://www.google.com/bot.html)"
157.55.32.97 - - [27/Nov/2013:00:23:32 +0000] "GET /robots.txt HTTP/1.1" 200 1521 "-" "Mozilla/5.0 (compatible; bingbot/2.0; +http://www.bing.com/bingbot.htm)"
157.55.32.97 - - [27/Nov/2013:00:24:07 +0000] "GET / HTTP/1.1" 200 8465 "-" "Mozilla/5.0 (compatible; bingbot/2.0; +http://www.bing.com/bingbot.htm)"
123.125.71.100 - - [27/Nov/2013:00:26:57 +0000] "GET / HTTP/1.1" 200 8460 "-" "Mozilla/5.0 (compatible; Baiduspider/2.0; +http://www.baidu.com/search/spider.html)"
220.181.108.182 - - [27/Nov/2013:00:28:01 +0000] "GET / HTTP/1.1" 200 8460 "-" "Mozilla/5.0 (compatible; Baiduspider/2.0; +http://www.baidu.com/search/spider.html)"
209.20.69.216 - - [27/Nov/2013:01:00:02 +0000] "GET /cron.php HTTP/1.0" 200 - "-" "Wget/1.12 (linux-gnu)"
83.22.248.35 - - [27/Nov/2013:01:01:06 +0000] "GET /?q=user/register HTTP/1.1" 403 5996 "http://clinical-security.com/" "Mozilla/5.0 (Windows NT 6.1; rv:2.0b7pre) Gecko/20100921 Firefox/4.0b7pre"
178.216.53.108 - - [27/Nov/2013:01:01:15 +0000] "GET /?q=node/add HTTP/1.0" 403 6085 "http://clinical-security.com/" "Mozilla/5.0 (Windows NT 6.1; rv:2.0b7pre) Gecko/20100921 Firefox/4.0b7pre"
178.216.53.108 - - [27/Nov/2013:01:01:22 +0000] "GET /?q=user/register HTTP/1.0" 403 5996 "http://clinical-security.com/?q=node/add" "Mozilla/5.0 (Windows NT 6.1; rv:2.0b7pre) Gecko/20100921 Firefox/4.0b7pre"
91.200.14.88 - - [27/Nov/2013:01:16:03 +0000] "GET / HTTP/1.0" 200 8461 "http://clinical-security.info/" "Mozilla/5.0 (Windows NT 5.1; rv:15.0) Gecko/20100101 Firefox/15.0"
91.200.14.88 - - [27/Nov/2013:01:16:24 +0000] "GET /?q=node/25 HTTP/1.0" 200 8019 "http://clinical-security.com/?q=node/25" "Mozilla/5.0 (Windows NT 5.1; rv:15.0) Gecko/20100101 Firefox/15.0"
220.181.108.160 - - [27/Nov/2013:01:29:59 +0000] "GET / HTTP/1.1" 200 8460 "-" "Mozilla/5.0 (compatible; Baiduspider/2.0; +http://www.baidu.com/search/spider.html)"
123.125.71.77 - - [27/Nov/2013:01:30:12 +0000] "GET / HTTP/1.1" 200 8460 "-" "Mozilla/5.0 (compatible; Baiduspider/2.0; +http://www.baidu.com/search/spider.html)"
202.46.52.22 - - [27/Nov/2013:01:31:14 +0000] "GET / HTTP/1.1" 200 8465 "-" "Mozilla/4.0 (compatible; MSIE 7.0; Windows NT 6.0)"
119.63.193.131 - - [27/Nov/2013:01:31:12 +0000] "GET / HTTP/1.1" 200 8465 "-" "Mozilla/4.0 (compatible; MSIE 7.0; Windows NT 6.0)"
157.56.93.72 - - [27/Nov/2013:01:49:40 +0000] "GET /robots.txt HTTP/1.1" 200 1521 "-" "Mozilla/5.0 (compatible; bingbot/2.0; +http://www.bing.com/bingbot.htm)"
157.56.93.72 - - [27/Nov/2013:01:50:56 +0000] "GET /?q=node/23 HTTP/1.1" 200 9061 "-" "Mozilla/5.0 (compatible; bingbot/2.0; +http://www.bing.com/bingbot.htm)"
157.56.93.72 - - [27/Nov/2013:01:51:06 +0000] "GET /?q=node/24 HTTP/1.1" 200 7729 "-" "Mozilla/5.0 (compatible; bingbot/2.0; +http://www.bing.com/bingbot.htm)"
209.20.69.216 - - [27/Nov/2013:02:00:02 +0000] "GET /cron.php HTTP/1.0" 200 - "-" "Wget/1.12 (linux-gnu)"
157.55.33.109 - - [27/Nov/2013:02:03:56 +0000] "GET /?q=node/25 HTTP/1.1" 200 8019 "-" "Mozilla/5.0 (compatible; bingbot/2.0; +http://www.bing.com/bingbot.htm)"
157.55.33.109 - - [27/Nov/2013:02:04:12 +0000] "GET /?q=node/32 HTTP/1.1" 200 7670 "-" "Mozilla/5.0 (compatible; bingbot/2.0; +http://www.bing.com/bingbot.htm)"
157.55.32.97 - - [27/Nov/2013:02:06:49 +0000] "GET /robots.txt HTTP/1.1" 200 1521 "-" "Mozilla/5.0 (compatible; bingbot/2.0; +http://www.bing.com/bingbot.htm)"
157.55.32.97 - - [27/Nov/2013:02:12:17 +0000] "GET / HTTP/1.1" 200 8461 "-" "Mozilla/5.0 (compatible; bingbot/2.0; +http://www.bing.com/bingbot.htm)"
80.72.35.91 - - [27/Nov/2013:02:13:40 +0000] "GET / HTTP/1.1" 200 8461 "http://clinical-security.info/" "Mozilla/5.0 (Windows NT 6.2; WOW64) AppleWebKit/537.36 (KHTML, like Gecko) Chrome/28.0.1500.72 Safari/537.36"
80.72.35.91 - - [27/Nov/2013:02:13:45 +0000] "GET /?q=node/add HTTP/1.1" 403 6085 "http://clinical-security.info/" "Mozilla/5.0 (Windows NT 6.2; WOW64) AppleWebKit/537.36 (KHTML, like Gecko) Chrome/28.0.1500.72 Safari/537.36"
80.72.35.91 - - [27/Nov/2013:02:13:46 +0000] "GET /?q=user/register HTTP/1.1" 403 5996 "http://clinical-security.info/?q=node/add" "Mozilla/5.0 (Windows NT 6.2; WOW64) AppleWebKit/537.36 (KHTML, like Gecko) Chrome/28.0.1500.72 Safari/537.36"
193.6.181.75 - - [27/Nov/2013:02:24:49 +0000] "HEAD / HTTP/1.0" 200 - "-" "-"
46.246.20.208 - - [27/Nov/2013:02:27:29 +0000] "GET / HTTP/1.1" 200 8461 "http://clinical-security.info/" "Mozilla/5.0 (Windows NT 6.2; WOW64) AppleWebKit/537.36 (KHTML, like Gecko) Chrome/28.0.1500.72 Safari/537.36"
46.246.20.208 - - [27/Nov/2013:02:27:40 +0000] "GET /?q=node/add HTTP/1.1" 403 6085 "http://clinical-security.info/" "Mozilla/5.0 (Windows NT 6.2; WOW64) AppleWebKit/537.36 (KHTML, like Gecko) Chrome/28.0.1500.72 Safari/537.36"
46.246.20.208 - - [27/Nov/2013:02:27:43 +0000] "GET /?q=user/register HTTP/1.1" 403 5996 "http://clinical-security.info/?q=node/add" "Mozilla/5.0 (Windows NT 6.2; WOW64) AppleWebKit/537.36 (KHTML, like Gecko) Chrome/28.0.1500.72 Safari/537.36"
220.181.108.179 - - [27/Nov/2013:02:40:03 +0000] "GET / HTTP/1.1" 200 8460 "-" "Mozilla/5.0 (compatible; Baiduspider/2.0; +http://www.baidu.com/search/spider.html)"
123.125.71.112 - - [27/Nov/2013:02:40:19 +0000] "GET / HTTP/1.1" 200 8460 "-" "Mozilla/5.0 (compatible; Baiduspider/2.0; +http://www.baidu.com/search/spider.html)"
157.55.32.57 - - [27/Nov/2013:02:49:41 +0000] "GET /?q=node/19 HTTP/1.1" 200 8080 "-" "Mozilla/5.0 (compatible; bingbot/2.0; +http://www.bing.com/bingbot.htm)"
157.55.32.57 - - [27/Nov/2013:02:49:51 +0000] "GET / HTTP/1.1" 200 8460 "-" "Mozilla/5.0 (compatible; bingbot/2.0; +http://www.bing.com/bingbot.htm)"
157.55.32.57 - - [27/Nov/2013:02:50:00 +0000] "GET /?q=node/20 HTTP/1.1" 200 9907 "-" "Mozilla/5.0 (compatible; bingbot/2.0; +http://www.bing.com/bingbot.htm)"
157.55.32.57 - - [27/Nov/2013:02:50:11 +0000] "GET /?q=blog/feed HTTP/1.1" 200 2241 "-" "Mozilla/5.0 (compatible; bingbot/2.0; +http://www.bing.com/bingbot.htm)"
157.55.32.57 - - [27/Nov/2013:02:51:41 +0000] "GET /?q=aggregator/rss/1 HTTP/1.1" 200 314 "-" "Mozilla/5.0 (compatible; bingbot/2.0; +http://www.bing.com/bingbot.htm)"
157.55.32.57 - - [27/Nov/2013:02:51:51 +0000] "GET /?q=node/30 HTTP/1.1" 200 8217 "-" "Mozilla/5.0 (compatible; bingbot/2.0; +http://www.bing.com/bingbot.htm)"
5.248.227.16 - - [27/Nov/2013:02:52:37 +0000] "GET / HTTP/1.1" 200 8460 "-" "Mozilla/5.0 (compatible; Googlebot/2.1; +http://www.google.com/bot.html)"
209.20.69.216 - - [27/Nov/2013:03:00:02 +0000] "GET /cron.php HTTP/1.0" 200 - "-" "Wget/1.12 (linux-gnu)"
220.181.108.169 - - [27/Nov/2013:03:50:38 +0000] "GET / HTTP/1.1" 200 8460 "-" "Mozilla/5.0 (compatible; Baiduspider/2.0; +http://www.baidu.com/search/spider.html)"
123.125.71.91 - - [27/Nov/2013:03:52:30 +0000] "GET / HTTP/1.1" 200 8460 "-" "Mozilla/5.0 (compatible; Baiduspider/2.0; +http://www.baidu.com/search/spider.html)"
209.20.69.216 - - [27/Nov/2013:04:00:02 +0000] "GET /cron.php HTTP/1.0" 200 - "-" "Wget/1.12 (linux-gnu)"
220.181.108.182 - - [27/Nov/2013:04:48:42 +0000] "GET / HTTP/1.1" 200 8460 "-" "Mozilla/5.0 (compatible; Baiduspider/2.0; +http://www.baidu.com/search/spider.html)"
123.125.71.73 - - [27/Nov/2013:04:48:56 +0000] "GET / HTTP/1.1" 200 8460 "-" "Mozilla/5.0 (compatible; Baiduspider/2.0; +http://www.baidu.com/search/spider.html)"
5.9.191.108 - - [27/Nov/2013:04:54:38 +0000] "GET /?q=user/register HTTP/1.1" 403 5996 "http://clinical-security.com/" "Mozilla/5.0 (Windows NT 6.1; rv:17.0) Gecko/20100101 Firefox/17.0"
178.216.55.146 - - [27/Nov/2013:04:54:44 +0000] "GET /?q=node/add HTTP/1.0" 403 6085 "http://clinical-security.com/" "Mozilla/5.0 (Windows NT 6.1; rv:17.0) Gecko/20100101 Firefox/17.0"
178.216.55.146 - - [27/Nov/2013:04:54:50 +0000] "GET /?q=user/register HTTP/1.0" 403 5996 "http://clinical-security.com/?q=node/add" "Mozilla/5.0 (Windows NT 6.1; rv:17.0) Gecko/20100101 Firefox/17.0"
209.20.69.216 - - [27/Nov/2013:05:00:02 +0000] "GET /cron.php HTTP/1.0" 200 - "-" "Wget/1.12 (linux-gnu)"
119.63.193.194 - - [27/Nov/2013:05:27:43 +0000] "GET / HTTP/1.1" 200 8465 "-" "Mozilla/4.0 (compatible; MSIE 7.0; Windows NT 6.0)"
202.46.62.34 - - [27/Nov/2013:05:27:43 +0000] "GET / HTTP/1.1" 200 8465 "-" "Mozilla/4.0 (compatible; MSIE 7.0; Windows NT 6.0)"
220.181.108.155 - - [27/Nov/2013:05:40:13 +0000] "GET / HTTP/1.1" 200 8460 "-" "Mozilla/5.0 (compatible; Baiduspider/2.0; +http://www.baidu.com/search/spider.html)"
123.125.71.110 - - [27/Nov/2013:05:42:20 +0000] "GET / HTTP/1.1" 200 8460 "-" "Mozilla/5.0 (compatible; Baiduspider/2.0; +http://www.baidu.com/search/spider.html)"
157.55.32.97 - - [27/Nov/2013:05:53:13 +0000] "GET /robots.txt HTTP/1.1" 200 1521 "-" "Mozilla/5.0 (compatible; bingbot/2.0; +http://www.bing.com/bingbot.htm)"
209.20.69.216 - - [27/Nov/2013:06:00:02 +0000] "GET /cron.php HTTP/1.0" 200 - "-" "Wget/1.12 (linux-gnu)"
157.55.32.97 - - [27/Nov/2013:06:01:50 +0000] "GET / HTTP/1.1" 200 8461 "-" "Mozilla/5.0 (compatible; bingbot/2.0; +http://www.bing.com/bingbot.htm)"
199.30.24.158 - - [27/Nov/2013:06:02:00 +0000] "GET /modules/aggregator/aggregator.css?Q HTTP/1.1" 200 725 "http://clinical-security.info/" "Mozilla/5.0 (Windows NT 6.1; WOW64) AppleWebKit/534+ (KHTML, like Gecko) BingPreview/1.0b"
199.30.24.158 - - [27/Nov/2013:06:02:01 +0000] "GET /modules/ctools/css/ctools.css?Q HTTP/1.1" 200 581 "http://clinical-security.info/" "Mozilla/5.0 (Windows NT 6.1; WOW64) AppleWebKit/534+ (KHTML, like Gecko) BingPreview/1.0b"
199.30.24.158 - - [27/Nov/2013:06:02:01 +0000] "GET /modules/node/node.css?Q HTTP/1.1" 200 683 "http://clinical-security.info/" "Mozilla/5.0 (Windows NT 6.1; WOW64) AppleWebKit/534+ (KHTML, like Gecko) BingPreview/1.0b"
199.30.24.158 - - [27/Nov/2013:06:02:01 +0000] "GET /modules/storm/storm.css?Q HTTP/1.1" 200 3002 "http://clinical-security.info/" "Mozilla/5.0 (Windows NT 6.1; WOW64) AppleWebKit/534+ (KHTML, like Gecko) BingPreview/1.0b"
199.30.24.158 - - [27/Nov/2013:06:02:02 +0000] "GET /modules/system/defaults.css?Q HTTP/1.1" 200 695 "http://clinical-security.info/" "Mozilla/5.0 (Windows NT 6.1; WOW64) AppleWebKit/534+ (KHTML, like Gecko) BingPreview/1.0b"
199.30.24.158 - - [27/Nov/2013:06:02:03 +0000] "GET /modules/system/system.css?Q HTTP/1.1" 200 9961 "http://clinical-security.info/" "Mozilla/5.0 (Windows NT 6.1; WOW64) AppleWebKit/534+ (KHTML, like Gecko) BingPreview/1.0b"
199.30.24.158 - - [27/Nov/2013:06:02:03 +0000] "GET /modules/system/system-menus.css?Q HTTP/1.1" 200 870 "http://clinical-security.info/" "Mozilla/5.0 (Windows NT 6.1; WOW64) AppleWebKit/534+ (KHTML, like Gecko) BingPreview/1.0b"
199.30.24.158 - - [27/Nov/2013:06:02:03 +0000] "GET /modules/user/user.css?Q HTTP/1.1" 200 1067 "http://clinical-security.info/" "Mozilla/5.0 (Windows NT 6.1; WOW64) AppleWebKit/534+ (KHTML, like Gecko) BingPreview/1.0b"
199.30.24.158 - - [27/Nov/2013:06:02:04 +0000] "GET /modules/forum/forum.css?Q HTTP/1.1" 200 998 "http://clinical-security.info/" "Mozilla/5.0 (Windows NT 6.1; WOW64) AppleWebKit/534+ (KHTML, like Gecko) BingPreview/1.0b"
199.30.24.158 - - [27/Nov/2013:06:02:05 +0000] "GET /themes/danland/style.css?Q HTTP/1.1" 200 22123 "http://clinical-security.info/" "Mozilla/5.0 (Windows NT 6.1; WOW64) AppleWebKit/534+ (KHTML, like Gecko) BingPreview/1.0b"
199.30.24.158 - - [27/Nov/2013:06:02:05 +0000] "GET /modules/views/css/views.css?Q HTTP/1.1" 200 1767 "http://clinical-security.info/" "Mozilla/5.0 (Windows NT 6.1; WOW64) AppleWebKit/534+ (KHTML, like Gecko) BingPreview/1.0b"
199.30.24.158 - - [27/Nov/2013:06:02:05 +0000] "GET /misc/jquery.js?Q HTTP/1.1" 200 31028 "http://clinical-security.info/" "Mozilla/5.0 (Windows NT 6.1; WOW64) AppleWebKit/534+ (KHTML, like Gecko) BingPreview/1.0b"
199.30.24.158 - - [27/Nov/2013:06:02:05 +0000] "GET /misc/drupal.js?Q HTTP/1.1" 200 9780 "http://clinical-security.info/" "Mozilla/5.0 (Windows NT 6.1; WOW64) AppleWebKit/534+ (KHTML, like Gecko) BingPreview/1.0b"
199.30.24.158 - - [27/Nov/2013:06:02:06 +0000] "GET /modules/storm/storm.js?Q HTTP/1.1" 200 2194 "http://clinical-security.info/" "Mozilla/5.0 (Windows NT 6.1; WOW64) AppleWebKit/534+ (KHTML, like Gecko) BingPreview/1.0b"
